203.16.15.24 - - [01/Aug/2024:05:02:08 +0000] "GET /api/search HTTP/1.1" 404 45035 "https://www.google.com/" "python-requests/2.31.0"
10.152.101.40 - - [03/Jan/2024:05:57:19 +0000] "GET /api/users/5105 HTTP/1.1" 304 5496 "-" "Mozilla/5.0 (Windows NT 10.0; Win64; x64) AppleWebKit/537.36 (KHTML, like Gecko) Chrome/120.0.0.0 Safari/537.36"
66.150.185.148 - - [26/Mar/2024:12:52:31 +0000] "GET /api/products/77775 HTTP/1.1" 200 40433 "-" "python-requests/2.31.0"
192.157.122.15 - - [10/Mar/2024:02:29:38 +0000] "GET /api/logout HTTP/1.1" 404 45971 "-" "curl/7.88.1"
203.239.128.249 - - [20/Apr/2024:22:18:02 +0000] "GET /api/cart/remove HTTP/1.1" 404 10769 "https://example.com/dashboard" "PostmanRuntime/7.36.0"
172.70.252.24 - - [12/Sep/2024:09:18:41 +0000] "POST /api/metrics HTTP/1.1" 200 15509 "https://example.com/" "python-requests/2.31.0"
203.138.112.176 - - [07/Apr/2024:14:09:45 +0000] "GET /favicon.ico HTTP/1.1" 200 3950 "-" "curl/7.88.1"
10.194.49.92 - - [04/Aug/2024:04:09:46 +0000] "GET /api/products/search HTTP/1.1" 500 21905 "https://www.google.com/" "PostmanRuntime/7.36.0"
192.82.0.154 - - [08/Dec/2024:15:27:26 +0000] "GET /docs HTTP/1.1" 404 44116 "https://example.com/" "curl/7.88.1"
172.35.23.170 - - [16/Nov/2024:01:23:10 +0000] "GET /api/refresh HTTP/1.1" 200 4429 "-" "Mozilla/5.0 (Windows NT 10.0; Win64; x64) AppleWebKit/537.36 (KHTML, like Gecko) Chrome/120.0.0.0 Safari/537.36"
203.186.83.95 - - [13/Mar/2024:15:29:42 +0000] "GET /admin HTTP/1.1" 200 29565 "https://www.google.com/" "Mozilla/5.0 (Macintosh; Intel Mac OS X 10_15_7) AppleWebKit/537.36 (KHTML, like Gecko) Chrome/121.0.0.0 Safari/537.36"
66.219.204.93 - - [22/Jun/2024:18:55:44 +0000] "GET / HTTP/1.1" 200 16523 "-" "Mozilla/5.0 (iPhone; CPU iPhone OS 17_2 like Mac OS X) AppleWebKit/605.1.15 (KHTML, like Gecko) Version/17.2 Mobile/15E148 Safari/604.1"
203.239.128.249 - - [11/Mar/2024:01:56:08 +0000] "GET /static/js/analytics.js HTTP/1.1" 304 32563 "-" "Mozilla/5.0 (X11; Linux x86_64) AppleWebKit/537.36 (KHTML, like Gecko) Firefox/122.0"
203.63.193.21 - - [14/Jan/2024:00:40:23 +0000] "POST /api/cart/remove HTTP/1.1" 304 24546 "-" "Mozilla/5.0 (X11; Linux x86_64) AppleWebKit/537.36 (KHTML, like Gecko) Firefox/122.0"
66.142.3.195 - - [16/Sep/2024:06:13:09 +0000] "GET /profile HTTP/1.1" 404 48370 "https://example.com/" "PostmanRuntime/7.36.0"
66.136.174.29 - - [13/Sep/2024:18:39:59 +0000] "POST /api/refresh HTTP/1.1" 200 48024 "-" "python-requests/2.31.0"
10.56.78.161 - - [24/Oct/2024:17:18:34 +0000] "DELETE /static/css/theme.css HTTP/1.1" 200 18744 "-" "Mozilla/5.0 (X11; Linux x86_64) AppleWebKit/537.36 (KHTML, like Gecko) Firefox/122.0"
172.126.134.192 - - [19/Nov/2024:02:30:53 +0000] "GET /static/css/theme.css HTTP/1.1" 304 37579 "https://www.google.com/" "Mozilla/5.0 (Macintosh; Intel Mac OS X 10_15_7) AppleWebKit/537.36 (KHTML, like Gecko) Chrome/121.0.0.0 Safari/537.36"
192.82.0.154 - - [08/Aug/2024:08:19:57 +0000] "POST /favicon.ico HTTP/1.1" 200 43906 "https://example.com/" "curl/7.88.1"
198.234.73.68 - - [09/Jan/2024:16:14:02 +0000] "GET /static/css/main.css HTTP/1.1" 200 26116 "https://github.com/" "Mozilla/5.0 (Windows NT 10.0; Win64; x64) AppleWebKit/537.36 (KHTML, like Gecko) Chrome/120.0.0.0 Safari/537.36"
203.16.15.24 - - [03/May/2024:17:52:57 +0000] "GET /api/v2/users HTTP/1.1" 200 32982 "https://example.com/" "python-requests/2.31.0"
192.250.9.29 - - [22/Jan/2024:15:37:13 +0000] "GET /dashboard HTTP/1.1" 200 18945 "-" "python-requests/2.31.0"
172.51.194.72 - - [13/Sep/2024:23:21:11 +0000] "GET /docs HTTP/1.1" 200 1031 "https://github.com/" "PostmanRuntime/7.36.0"
172.214.112.115 - - [11/Nov/2024:07:30:01 +0000] "GET /api/users/98227/orders HTTP/1.1" 302 17020 "https://example.com/" "Mozilla/5.0 (Macintosh; Intel Mac OS X 10_15_7) AppleWebKit/537.36 (KHTML, like Gecko) Chrome/121.0.0.0 Safari/537.36"
203.186.83.95 - - [14/Mar/2024:13:13:46 +0000] "GET /api/search HTTP/1.1" 200 19025 "-" "Mozilla/5.0 (X11; Linux x86_64) AppleWebKit/537.36 (KHTML, like Gecko) Firefox/122.0"
172.119.13.144 - - [05/Feb/2024:00:15:04 +0000] "HEAD /api/products/23459 HTTP/1.1" 200 29675 "-" "Mozilla/5.0 (X11; Linux x86_64) AppleWebKit/537.36 (KHTML, like Gecko) Firefox/122.0"
66.5.58.175 - - [25/Sep/2024:14:32:07 +0000] "GET /dashboard HTTP/1.1" 304 18338 "-" "python-requests/2.31.0"
10.161.205.69 - - [26/Feb/2024:11:11:24 +0000] "GET /static/img/banner.jpg HTTP/1.1" 200 47634 "-" "Mozilla/5.0 (Windows NT 10.0; Win64; x64) AppleWebKit/537.36 (KHTML, like Gecko) Chrome/120.0.0.0 Safari/537.36"
172.119.13.144 - - [06/Mar/2024:10:10:33 +0000] "POST /static/img/banner.jpg HTTP/1.1" 200 31471 "https://www.google.com/" "python-requests/2.31.0"
192.125.114.36 - - [11/Jul/2024:13:06:51 +0000] "GET /api/metrics HTTP/1.1" 200 11078 "https://example.com/dashboard" "Mozilla/5.0 (Macintosh; Intel Mac OS X 10_15_7) AppleWebKit/537.36 (KHTML, like Gecko) Chrome/121.0.0.0 Safari/537.36"
192.82.0.154 - - [24/Dec/2024:02:47:14 +0000] "POST /static/js/vendor.js HTTP/1.1" 200 30105 "https://www.google.com/" "Mozilla/5.0 (iPhone; CPU iPhone OS 17_2 like Mac OS X) AppleWebKit/605.1.15 (KHTML, like Gecko) Version/17.2 Mobile/15E148 Safari/604.1"
10.108.161.55 - - [07/Jan/2024:01:28:12 +0000] "GET /static/fonts/inter.woff2 HTTP/1.1" 200 1222 "https://www.google.com/" "PostmanRuntime/7.36.0"
192.28.117.211 - - [14/Dec/2024:00:20:55 +0000] "GET /api/users HTTP/1.1" 200 6389 "-" "curl/7.88.1"
192.82.0.154 - - [05/Aug/2024:15:35:35 +0000] "POST /api/cart/remove HTTP/1.1" 200 41056 "-" "python-requests/2.31.0"
203.138.112.176 - - [08/May/2024:17:52:27 +0000] "GET /favicon.ico HTTP/1.1" 200 3698 "-" "Mozilla/5.0 (X11; Linux x86_64) AppleWebKit/537.36 (KHTML, like Gecko) Firefox/122.0"
203.186.83.95 - - [27/Jul/2024:04:17:21 +0000] "GET /sitemap.xml HTTP/1.1" 200 23941 "https://example.com/dashboard" "Mozilla/5.0 (Windows NT 10.0; Win64; x64) AppleWebKit/537.36 (KHTML, like Gecko) Chrome/120.0.0.0 Safari/537.36"
198.125.83.119 - - [24/May/2024:13:01:01 +0000] "GET /api/cart/add HTTP/1.1" 200 46748 "-" "Mozilla/5.0 (Windows NT 10.0; Win64; x64) AppleWebKit/537.36 (KHTML, like Gecko) Chrome/120.0.0.0 Safari/537.36"
66.136.174.29 - - [20/Oct/2024:03:23:07 +0000] "GET /api/products HTTP/1.1" 500 21974 "-" "Mozilla/5.0 (X11; Linux x86_64) AppleWebKit/537.36 (KHTML, like Gecko) Firefox/122.0"
203.63.193.21 - - [19/Apr/2024:18:51:05 +0000] "GET /robots.txt HTTP/1.1" 200 20513 "-" "python-requests/2.31.0"
10.134.91.130 - - [19/Dec/2024:17:19:58 +0000] "GET /dashboard HTTP/1.1" 200 6682 "-" "Mozilla/5.0 (iPhone; CPU iPhone OS 17_2 like Mac OS X) AppleWebKit/605.1.15 (KHTML, like Gecko) Version/17.2 Mobile/15E148 Safari/604.1"
198.125.83.119 - - [14/Feb/2024:21:21:17 +0000] "PUT /robots.txt HTTP/1.1" 200 4605 "-" "Mozilla/5.0 (Windows NT 10.0; Win64; x64) AppleWebKit/537.36 (KHTML, like Gecko) Chrome/120.0.0.0 Safari/537.36"
66.142.3.195 - - [16/Jan/2024:15:51:23 +0000] "GET /static/img/banner.jpg HTTP/1.1" 200 17420 "-" "Mozilla/5.0 (Macintosh; Intel Mac OS X 10_15_7) AppleWebKit/537.36 (KHTML, like Gecko) Chrome/121.0.0.0 Safari/537.36"
172.214.112.115 - - [11/Mar/2024:05:41:58 +0000] "GET /settings HTTP/1.1" 200 41442 "-" "python-requests/2.31.0"
172.216.32.99 - - [07/Dec/2024:22:08:10 +0000] "PUT /profile HTTP/1.1" 200 15736 "-" "Mozilla/5.0 (iPhone; CPU iPhone OS 17_2 like Mac OS X) AppleWebKit/605.1.15 (KHTML, like Gecko) Version/17.2 Mobile/15E148 Safari/604.1"
66.136.174.29 - - [09/Oct/2024:23:49:53 +0000] "GET /static/js/vendor.js HTTP/1.1" 200 15691 "https://github.com/" "Mozilla/5.0 (Windows NT 10.0; Win64; x64) AppleWebKit/537.36 (KHTML, like Gecko) Chrome/120.0.0.0 Safari/537.36"
172.35.23.170 - - [20/Nov/2024:12:12:52 +0000] "GET /api/products/search HTTP/1.1" 200 9026 "https://github.com/" "Mozilla/5.0 (iPhone; CPU iPhone OS 17_2 like Mac OS X) AppleWebKit/605.1.15 (KHTML, like Gecko) Version/17.2 Mobile/15E148 Safari/604.1"
192.82.0.154 - - [10/May/2024:07:39:54 +0000] "GET /admin HTTP/1.1" 200 16811 "https://example.com/dashboard" "PostmanRuntime/7.36.0"
198.57.12.190 - - [04/Jul/2024:18:12:47 +0000] "GET /settings HTTP/1.1" 200 37889 "-" "Mozilla/5.0 (Macintosh; Intel Mac OS X 10_15_7) AppleWebKit/537.36 (KHTML, like Gecko) Chrome/121.0.0.0 Safari/537.36"
172.51.194.72 - - [05/Dec/2024:01:14:15 +0000] "PUT /favicon.ico HTTP/1.1" 302 4831 "https://github.com/" "PostmanRuntime/7.36.0"
172.110.172.27 - - [07/May/2024:03:36:00 +0000] "POST /api/orders HTTP/1.1" 301 7359 "-" "python-requests/2.31.0"
172.126.134.192 - - [04/Jun/2024:06:28:09 +0000] "GET /docs HTTP/1.1" 200 24266 "https://github.com/" "Mozilla/5.0 (X11; Linux x86_64) AppleWebKit/537.36 (KHTML, like Gecko) Firefox/122.0"
198.255.202.227 - - [22/Sep/2024:21:17:28 +0000] "POST /api/refresh HTTP/1.1" 304 9662 "https://github.com/" "Mozilla/5.0 (Macintosh; Intel Mac OS X 10_15_7) AppleWebKit/537.36 (KHTML, like Gecko) Chrome/121.0.0.0 Safari/537.36"
10.161.205.69 - - [07/Nov/2024:21:15:31 +0000] "GET /api/products/57338 HTTP/1.1" 200 16622 "https://github.com/" "Mozilla/5.0 (Windows NT 10.0; Win64; x64) AppleWebKit/537.36 (KHTML, like Gecko) Chrome/120.0.0.0 Safari/537.36"
10.56.78.161 - - [06/Jan/2024:01:47:29 +0000] "GET /api/products/search HTTP/1.1" 200 27192 "https://example.com/" "Mozilla/5.0 (Windows NT 10.0; Win64; x64) AppleWebKit/537.36 (KHTML, like Gecko) Chrome/120.0.0.0 Safari/537.36"
10.194.49.92 - - [10/May/2024:05:27:49 +0000] "GET /static/js/app.js HTTP/1.1" 500 34807 "https://example.com/dashboard" "Mozilla/5.0 (Windows NT 10.0; Win64; x64) AppleWebKit/537.36 (KHTML, like Gecko) Chrome/120.0.0.0 Safari/537.36"
10.161.205.69 - - [10/Nov/2024:07:28:12 +0000] "POST /api/products/62500 HTTP/1.1" 200 17771 "https://example.com/dashboard" "Mozilla/5.0 (Macintosh; Intel Mac OS X 10_15_7) AppleWebKit/537.36 (KHTML, like Gecko) Chrome/121.0.0.0 Safari/537.36"
172.148.40.219 - - [15/Mar/2024:00:49:15 +0000] "POST /static/js/vendor.js HTTP/1.1" 200 14444 "-" "curl/7.88.1"
172.216.174.72 - - [09/Dec/2024:11:33:16 +0000] "POST /api/users/35627 HTTP/1.1" 404 33948 "https://example.com/" "python-requests/2.31.0"
198.234.73.68 - - [01/Feb/2024:18:56:06 +0000] "GET /api/products/search HTTP/1.1" 200 16110 "-" "python-requests/2.31.0"
203.239.128.249 - - [17/Jan/2024:04:01:20 +0000] "HEAD /settings HTTP/1.1" 500 36398 "https://www.google.com/" "Mozilla/5.0 (iPhone; CPU iPhone OS 17_2 like Mac OS X) AppleWebKit/605.1.15 (KHTML, like Gecko) Version/17.2 Mobile/15E148 Safari/604.1"
198.57.12.190 - - [16/Apr/2024:05:06:46 +0000] "GET /api/v2/orders HTTP/1.1" 200 45714 "https://example.com/" "python-requests/2.31.0"
192.82.0.154 - - [07/Nov/2024:12:42:53 +0000] "POST /static/fonts/inter.woff2 HTTP/1.1" 304 23488 "https://github.com/" "Mozilla/5.0 (Windows NT 10.0; Win64; x64) AppleWebKit/537.36 (KHTML, like Gecko) Chrome/120.0.0.0 Safari/537.36"
172.216.32.99 - - [20/Apr/2024:07:20:02 +0000] "GET /api/checkout HTTP/1.1" 200 49837 "https://www.google.com/" "Mozilla/5.0 (Macintosh; Intel Mac OS X 10_15_7) AppleWebKit/537.36 (KHTML, like Gecko) Chrome/121.0.0.0 Safari/537.36"
203.239.128.249 - - [08/Jul/2024:17:01:44 +0000] "GET /api/users/74077 HTTP/1.1" 200 15258 "-" "Mozilla/5.0 (iPhone; CPU iPhone OS 17_2 like Mac OS X) AppleWebKit/605.1.15 (KHTML, like Gecko) Version/17.2 Mobile/15E148 Safari/604.1"
172.35.23.170 - - [15/Jul/2024:17:47:04 +0000] "GET /profile HTTP/1.1" 200 29019 "-" "PostmanRuntime/7.36.0"
172.148.40.219 - - [24/Apr/2024:06:23:06 +0000] "GET /api/products HTTP/1.1" 200 38602 "-" "Mozilla/5.0 (iPhone; CPU iPhone OS 17_2 like Mac OS X) AppleWebKit/605.1.15 (KHTML, like Gecko) Version/17.2 Mobile/15E148 Safari/604.1"
192.107.136.180 - - [21/Oct/2024:14:57:13 +0000] "GET /api/cart/remove HTTP/1.1" 200 40193 "-" "Mozilla/5.0 (Windows NT 10.0; Win64; x64) AppleWebKit/537.36 (KHTML, like Gecko) Chrome/120.0.0.0 Safari/537.36"
203.186.83.95 - - [26/Oct/2024:17:47:40 +0000] "DELETE /api/orders/5790/status HTTP/1.1" 200 45254 "-" "Mozilla/5.0 (X11; Linux x86_64) AppleWebKit/537.36 (KHTML, like Gecko) Firefox/122.0"
198.57.12.190 - - [27/Aug/2024:06:50:26 +0000] "GET /api/users/11628 HTTP/1.1" 200 38299 "https://example.com/" "Mozilla/5.0 (Macintosh; Intel Mac OS X 10_15_7) AppleWebKit/537.36 (KHTML, like Gecko) Chrome/121.0.0.0 Safari/537.36"
198.57.12.190 - - [14/Dec/2024:11:59:22 +0000] "DELETE /static/css/main.css HTTP/1.1" 200 45709 "-" "Mozilla/5.0 (Macintosh; Intel Mac OS X 10_15_7) AppleWebKit/537.36 (KHTML, like Gecko) Chrome/121.0.0.0 Safari/537.36"
66.142.3.195 - - [21/Oct/2024:00:42:17 +0000] "GET /api/register HTTP/1.1" 200 15449 "-" "PostmanRuntime/7.36.0"
203.63.193.21 - - [07/Apr/2024:06:08:18 +0000] "GET /robots.txt HTTP/1.1" 404 29556 "-" "Mozilla/5.0 (Macintosh; Intel Mac OS X 10_15_7) AppleWebKit/537.36 (KHTML, like Gecko) Chrome/121.0.0.0 Safari/537.36"
198.52.44.152 - - [04/Dec/2024:23:13:23 +0000] "POST /api/cart HTTP/1.1" 404 28399 "-" "Mozilla/5.0 (Macintosh; Intel Mac OS X 10_15_7) AppleWebKit/537.36 (KHTML, like Gecko) Chrome/121.0.0.0 Safari/537.36"
192.135.22.187 - - [16/Jul/2024:00:10:23 +0000] "GET /static/img/banner.jpg HTTP/1.1" 200 44955 "https://github.com/" "python-requests/2.31.0"
66.142.3.195 - - [03/Mar/2024:06:04:09 +0000] "GET /api/users/56967 HTTP/1.1" 200 45954 "-" "python-requests/2.31.0"
192.107.136.180 - - [23/Sep/2024:22:35:56 +0000] "POST /static/img/logo.png HTTP/1.1" 304 38479 "https://example.com/dashboard" "Mozilla/5.0 (X11; Linux x86_64) AppleWebKit/537.36 (KHTML, like Gecko) Firefox/122.0"
192.135.22.187 - - [27/Oct/2024:17:42:36 +0000] "GET /static/css/main.css HTTP/1.1" 200 11381 "https://example.com/dashboard" "curl/7.88.1"
192.107.136.180 - - [11/May/2024:19:13:59 +0000] "PUT /index.html HTTP/1.1" 200 26695 "https://github.com/" "Mozilla/5.0 (X11; Linux x86_64) AppleWebKit/537.36 (KHTML, like Gecko) Firefox/122.0"
192.222.80.117 - - [15/Feb/2024:18:07:50 +0000] "POST /api/users/7051/orders HTTP/1.1" 200 48400 "-" "PostmanRuntime/7.36.0"
10.134.91.130 - - [16/Jul/2024:20:37:45 +0000] "PUT /api/users/6925/orders HTTP/1.1" 200 11882 "-" "curl/7.88.1"
172.110.172.27 - - [08/Jan/2024:16:54:38 +0000] "GET /sitemap.xml HTTP/1.1" 200 35424 "-" "curl/7.88.1"
192.28.117.211 - - [17/Sep/2024:02:16:16 +0000] "GET /static/img/hero.webp HTTP/1.1" 200 11785 "https://github.com/" "Mozilla/5.0 (Windows NT 10.0; Win64; x64) AppleWebKit/537.36 (KHTML, like Gecko) Chrome/120.0.0.0 Safari/537.36"
203.239.128.249 - - [28/Apr/2024:04:51:50 +0000] "GET /settings HTTP/1.1" 304 5957 "-" "curl/7.88.1"
192.157.122.15 - - [15/Feb/2024:13:46:40 +0000] "GET /api/users HTTP/1.1" 302 49916 "https://example.com/dashboard" "Mozilla/5.0 (X11; Linux x86_64) AppleWebKit/537.36 (KHTML, like Gecko) Firefox/122.0"
192.135.22.187 - - [22/May/2024:10:01:02 +0000] "DELETE / HTTP/1.1" 403 1890 "-" "python-requests/2.31.0"
192.125.114.36 - - [03/Jun/2024:05:48:47 +0000] "POST /about HTTP/1.1" 200 5515 "-" "PostmanRuntime/7.36.0"
172.216.32.99 - - [26/Feb/2024:14:50:57 +0000] "GET /docs HTTP/1.1" 200 3851 "-" "python-requests/2.31.0"
10.194.49.92 - - [12/Jun/2024:12:43:07 +0000] "GET /docs HTTP/1.1" 200 49417 "https://example.com/" "Mozilla/5.0 (X11; Linux x86_64) AppleWebKit/537.36 (KHTML, like Gecko) Firefox/122.0"
192.135.22.187 - - [03/Sep/2024:04:38:42 +0000] "GET /static/img/banner.jpg HTTP/1.1" 200 18920 "-" "Mozilla/5.0 (iPhone; CPU iPhone OS 17_2 like Mac OS X) AppleWebKit/605.1.15 (KHTML, like Gecko) Version/17.2 Mobile/15E148 Safari/604.1"
10.194.49.92 - - [06/May/2024:16:39:50 +0000] "GET /api/cart/add HTTP/1.1" 200 30828 "https://github.com/" "Mozilla/5.0 (Windows NT 10.0; Win64; x64) AppleWebKit/537.36 (KHTML, like Gecko) Chrome/120.0.0.0 Safari/537.36"
10.56.78.161 - - [01/Jan/2024:19:03:00 +0000] "POST /api/products HTTP/1.1" 200 24865 "https://www.google.com/" "Mozilla/5.0 (X11; Linux x86_64) AppleWebKit/537.36 (KHTML, like Gecko) Firefox/122.0"
172.214.112.115 - - [12/Dec/2024:16:17:33 +0000] "GET /api/metrics HTTP/1.1" 200 36996 "-" "Mozilla/5.0 (Windows NT 10.0; Win64; x64) AppleWebKit/537.36 (KHTML, like Gecko) Chrome/120.0.0.0 Safari/537.36"
172.126.134.192 - - [05/May/2024:16:14:20 +0000] "GET /dashboard HTTP/1.1" 200 24099 "-" "Mozilla/5.0 (X11; Linux x86_64) AppleWebKit/537.36 (KHTML, like Gecko) Firefox/122.0"
10.152.101.40 - - [13/Dec/2024:01:35:45 +0000] "GET /blog HTTP/1.1" 200 3575 "-" "Mozilla/5.0 (iPhone; CPU iPhone OS 17_2 like Mac OS X) AppleWebKit/605.1.15 (KHTML, like Gecko) Version/17.2 Mobile/15E148 Safari/604.1"
172.51.194.72 - - [14/Oct/2024:19:35:29 +0000] "POST /api/checkout HTTP/1.1" 200 41020 "-" "python-requests/2.31.0"
172.110.172.27 - - [03/Jan/2024:08:51:03 +0000] "GET /api/metrics HTTP/1.1" 200 34740 "-" "Mozilla/5.0 (Windows NT 10.0; Win64; x64) AppleWebKit/537.36 (KHTML, like Gecko) Chrome/120.0.0.0 Safari/537.36"
203.186.83.95 - - [21/Dec/2024:08:54:41 +0000] "GET /static/img/hero.webp HTTP/1.1" 200 32766 "-" "Mozilla/5.0 (Macintosh; Intel Mac OS X 10_15_7) AppleWebKit/537.36 (KHTML, like Gecko) Chrome/121.0.0.0 Safari/537.36"
198.255.202.227 - - [23/Apr/2024:16:41:04 +0000] "GET /api/products/31750 HTTP/1.1" 200 44205 "-" "Mozilla/5.0 (Windows NT 10.0; Win64; x64) AppleWebKit/537.36 (KHTML, like Gecko) Chrome/120.0.0.0 Safari/537.36"
198.234.73.68 - - [20/Nov/2024:09:46:10 +0000] "GET /static/fonts/inter.woff2 HTTP/1.1" 404 43976 "https://example.com/" "PostmanRuntime/7.36.0"
172.126.134.192 - - [10/Mar/2024:00:15:56 +0000] "GET /admin HTTP/1.1" 200 24234 "https://github.com/" "PostmanRuntime/7.36.0"
172.35.23.170 - - [04/May/2024:08:05:29 +0000] "GET /api/health HTTP/1.1" 200 41494 "-" "Mozilla/5.0 (iPhone; CPU iPhone OS 17_2 like Mac OS X) AppleWebKit/605.1.15 (KHTML, like Gecko) Version/17.2 Mobile/15E148 Safari/604.1"
10.161.205.69 - - [25/Jun/2024:09:55:55 +0000] "GET /api/register HTTP/1.1" 200 15112 "https://www.google.com/" "PostmanRuntime/7.36.0"
192.28.117.211 - - [18/Nov/2024:05:18:12 +0000] "PUT /index.html HTTP/1.1" 404 5644 "https://github.com/" "Mozilla/5.0 (iPhone; CPU iPhone OS 17_2 like Mac OS X) AppleWebKit/605.1.15 (KHTML, like Gecko) Version/17.2 Mobile/15E148 Safari/604.1"
198.125.83.119 - - [14/May/2024:09:32:36 +0000] "GET /static/js/analytics.js HTTP/1.1" 200 14902 "-" "PostmanRuntime/7.36.0"
10.108.161.55 - - [08/Sep/2024:22:32:33 +0000] "GET /api/products/43458 HTTP/1.1" 302 8898 "-" "Mozilla/5.0 (iPhone; CPU iPhone OS 17_2 like Mac OS X) AppleWebKit/605.1.15 (KHTML, like Gecko) Version/17.2 Mobile/15E148 Safari/604.1"
192.28.117.211 - - [02/May/2024:21:40:03 +0000] "GET /api/orders/26823/status HTTP/1.1" 200 13792 "https://www.google.com/" "python-requests/2.31.0"
66.150.185.148 - - [27/Sep/2024:08:37:20 +0000] "POST /api/users/51737/profile HTTP/1.1" 302 14641 "-" "python-requests/2.31.0"
66.142.3.195 - - [03/Feb/2024:22:38:29 +0000] "GET /static/css/theme.css HTTP/1.1" 302 8211 "-" "curl/7.88.1"
192.250.9.29 - - [07/Apr/2024:18:05:40 +0000] "POST /api/refresh HTTP/1.1" 200 14307 "https://github.com/" "Mozilla/5.0 (Macintosh; Intel Mac OS X 10_15_7) AppleWebKit/537.36 (KHTML, like Gecko) Chrome/121.0.0.0 Safari/537.36"
203.138.112.176 - - [08/Jan/2024:13:54:02 +0000] "POST /sitemap.xml HTTP/1.1" 200 49254 "https://example.com/dashboard" "curl/7.88.1"
203.138.112.176 - - [13/Feb/2024:14:32:54 +0000] "GET /static/img/hero.webp HTTP/1.1" 302 34471 "-" "Mozilla/5.0 (Windows NT 10.0; Win64; x64) AppleWebKit/537.36 (KHTML, like Gecko) Chrome/120.0.0.0 Safari/537.36"
203.63.193.21 - - [07/Jan/2024:00:37:06 +0000] "GET /api/v2/users HTTP/1.1" 200 36127 "-" "Mozilla/5.0 (Macintosh; Intel Mac OS X 10_15_7) AppleWebKit/537.36 (KHTML, like Gecko) Chrome/121.0.0.0 Safari/537.36"
172.51.194.72 - - [23/Jul/2024:10:30:40 +0000] "POST /static/js/vendor.js HTTP/1.1" 200 47892 "-" "Mozilla/5.0 (X11; Linux x86_64) AppleWebKit/537.36 (KHTML, like Gecko) Firefox/122.0"
172.126.134.192 - - [01/Oct/2024:21:13:25 +0000] "GET /pricing HTTP/1.1" 200 8876 "-" "Mozilla/5.0 (Windows NT 10.0; Win64; x64) AppleWebKit/537.36 (KHTML, like Gecko) Chrome/120.0.0.0 Safari/537.36"
198.125.83.119 - - [20/Feb/2024:03:55:33 +0000] "POST /static/fonts/inter.woff2 HTTP/1.1" 200 7233 "https://example.com/" "curl/7.88.1"
172.148.40.219 - - [08/Jul/2024:16:30:21 +0000] "GET /about HTTP/1.1" 200 49679 "-" "Mozilla/5.0 (iPhone; CPU iPhone OS 17_2 like Mac OS X) AppleWebKit/605.1.15 (KHTML, like Gecko) Version/17.2 Mobile/15E148 Safari/604.1"
192.135.22.187 - - [27/Dec/2024:05:13:38 +0000] "POST /static/js/analytics.js HTTP/1.1" 200 4916 "https://example.com/dashboard" "Mozilla/5.0 (Macintosh; Intel Mac OS X 10_15_7) AppleWebKit/537.36 (KHTML, like Gecko) Chrome/121.0.0.0 Safari/537.36"
192.107.136.180 - - [11/Jun/2024:13:04:05 +0000] "GET /favicon.ico HTTP/1.1" 301 48990 "https://example.com/" "python-requests/2.31.0"
172.110.172.27 - - [17/Sep/2024:13:47:02 +0000] "GET /blog HTTP/1.1" 200 22217 "https://example.com/dashboard" "Mozilla/5.0 (Macintosh; Intel Mac OS X 10_15_7) AppleWebKit/537.36 (KHTML, like Gecko) Chrome/121.0.0.0 Safari/537.36"
198.234.73.68 - - [14/Jul/2024:23:02:33 +0000] "POST /api/users/15272 HTTP/1.1" 401 8540 "-" "Mozilla/5.0 (iPhone; CPU iPhone OS 17_2 like Mac OS X) AppleWebKit/605.1.15 (KHTML, like Gecko) Version/17.2 Mobile/15E148 Safari/604.1"
198.52.44.152 - - [07/Jan/2024:16:56:13 +0000] "GET /api/health HTTP/1.1" 200 39908 "-" "Mozilla/5.0 (Windows NT 10.0; Win64; x64) AppleWebKit/537.36 (KHTML, like Gecko) Chrome/120.0.0.0 Safari/537.36"
198.255.202.227 - - [05/Nov/2024:14:04:20 +0000] "PUT /api/orders HTTP/1.1" 200 11602 "-" "python-requests/2.31.0"
203.186.83.95 - - [11/Jun/2024:01:52:27 +0000] "GET /static/img/hero.webp HTTP/1.1" 200 28689 "-" "curl/7.88.1"
203.239.128.249 - - [21/Aug/2024:13:48:35 +0000] "POST /api/login HTTP/1.1" 304 13918 "https://example.com/" "curl/7.88.1"
198.36.87.137 - - [24/Jan/2024:03:15:19 +0000] "GET / HTTP/1.1" 200 29422 "-" "python-requests/2.31.0"
192.28.117.211 - - [10/Apr/2024:15:55:42 +0000] "GET /static/img/logo.png HTTP/1.1" 200 26803 "-" "Mozilla/5.0 (Windows NT 10.0; Win64; x64) AppleWebKit/537.36 (KHTML, like Gecko) Chrome/120.0.0.0 Safari/537.36"
172.148.40.219 - - [21/Jun/2024:19:46:07 +0000] "GET /api/users/87429 HTTP/1.1" 200 29691 "-" "PostmanRuntime/7.36.0"
192.250.9.29 - - [27/Jan/2024:16:23:36 +0000] "GET /admin HTTP/1.1" 200 19062 "-" "Mozilla/5.0 (X11; Linux x86_64) AppleWebKit/537.36 (KHTML, like Gecko) Firefox/122.0"
192.125.114.36 - - [23/Aug/2024:08:37:51 +0000] "GET /api/metrics HTTP/1.1" 401 39280 "https://github.com/" "PostmanRuntime/7.36.0"
192.157.122.15 - - [19/Jul/2024:21:18:53 +0000] "GET /docs HTTP/1.1" 304 49874 "https://example.com/dashboard" "curl/7.88.1"
172.214.112.115 - - [17/May/2024:04:34:50 +0000] "GET /about HTTP/1.1" 200 41831 "-" "curl/7.88.1"
10.194.49.92 - - [11/Oct/2024:03:18:01 +0000] "HEAD /static/js/analytics.js HTTP/1.1" 200 37421 "-" "curl/7.88.1"
203.63.193.21 - - [07/Feb/2024:05:53:49 +0000] "GET /api/products/search HTTP/1.1" 403 9359 "https://github.com/" "python-requests/2.31.0"
198.234.73.68 - - [19/Sep/2024:01:26:39 +0000] "POST /index.html HTTP/1.1" 200 31097 "https://github.com/" "Mozilla/5.0 (Macintosh; Intel Mac OS X 10_15_7) AppleWebKit/537.36 (KHTML, like Gecko) Chrome/121.0.0.0 Safari/537.36"
172.216.174.72 - - [15/Jul/2024:00:41:28 +0000] "GET /api/orders HTTP/1.1" 200 36908 "-" "PostmanRuntime/7.36.0"
66.136.174.29 - - [20/Apr/2024:10:42:42 +0000] "POST /api/search HTTP/1.1" 404 16088 "-" "curl/7.88.1"
10.134.91.130 - - [25/Jan/2024:09:52:00 +0000] "GET /api/v2/users HTTP/1.1" 404 7820 "https://github.com/" "Mozilla/5.0 (Macintosh; Intel Mac OS X 10_15_7) AppleWebKit/537.36 (KHTML, like Gecko) Chrome/121.0.0.0 Safari/537.36"
192.28.117.211 - - [01/Sep/2024:04:25:37 +0000] "DELETE /api/checkout HTTP/1.1" 200 44438 "https://github.com/" "Mozilla/5.0 (Macintosh; Intel Mac OS X 10_15_7) AppleWebKit/537.36 (KHTML, like Gecko) Chrome/121.0.0.0 Safari/537.36"
192.107.136.180 - - [03/Sep/2024:12:36:24 +0000] "GET /api/v2/users HTTP/1.1" 304 4871 "-" "python-requests/2.31.0"
198.57.12.190 - - [18/Aug/2024:13:06:43 +0000] "POST /api/login HTTP/1.1" 500 12570 "https://www.google.com/" "python-requests/2.31.0"
10.152.101.40 - - [11/Feb/2024:08:53:12 +0000] "HEAD /api/products/52255 HTTP/1.1" 200 9861 "https://example.com/" "Mozilla/5.0 (Macintosh; Intel Mac OS X 10_15_7) AppleWebKit/537.36 (KHTML, like Gecko) Chrome/121.0.0.0 Safari/537.36"
66.5.58.175 - - [09/Nov/2024:01:54:01 +0000] "GET /static/js/app.js HTTP/1.1" 401 14762 "-" "Mozilla/5.0 (Windows NT 10.0; Win64; x64) AppleWebKit/537.36 (KHTML, like Gecko) Chrome/120.0.0.0 Safari/537.36"
66.5.58.175 - - [14/Oct/2024:12:58:56 +0000] "GET /sitemap.xml HTTP/1.1" 200 7753 "https://github.com/" "python-requests/2.31.0"
66.5.58.175 - - [07/Feb/2024:02:42:12 +0000] "POST /api/cart/remove HTTP/1.1" 200 3240 "https://github.com/" "Mozilla/5.0 (Windows NT 10.0; Win64; x64) AppleWebKit/537.36 (KHTML, like Gecko) Chrome/120.0.0.0 Safari/537.36"
66.136.174.29 - - [02/Oct/2024:20:17:05 +0000] "GET /blog HTTP/1.1" 304 4894 "https://www.google.com/" "python-requests/2.31.0"
203.16.15.24 - - [15/Jul/2024:05:55:40 +0000] "GET /api/refresh HTTP/1.1" 304 29153 "https://github.com/" "PostmanRuntime/7.36.0"
10.194.49.92 - - [02/Dec/2024:11:14:40 +0000] "GET /api/products/2205 HTTP/1.1" 200 28978 "https://example.com/" "Mozilla/5.0 (iPhone; CPU iPhone OS 17_2 like Mac OS X) AppleWebKit/605.1.15 (KHTML, like Gecko) Version/17.2 Mobile/15E148 Safari/604.1"
198.234.73.68 - - [06/Jan/2024:22:28:56 +0000] "GET /api/metrics HTTP/1.1" 500 27077 "-" "PostmanRuntime/7.36.0"
192.250.9.29 - - [05/Jun/2024:00:35:51 +0000] "GET /static/js/vendor.js HTTP/1.1" 302 41085 "https://example.com/dashboard" "python-requests/2.31.0"
198.255.202.227 - - [02/Mar/2024:18:44:59 +0000] "POST /sitemap.xml HTTP/1.1" 500 17371 "https://github.com/" "Mozilla/5.0 (Windows NT 10.0; Win64; x64) AppleWebKit/537.36 (KHTML, like Gecko) Chrome/120.0.0.0 Safari/537.36"
66.136.174.29 - - [22/Sep/2024:08:04:12 +0000] "GET /api/refresh HTTP/1.1" 200 15311 "-" "Mozilla/5.0 (Windows NT 10.0; Win64; x64) AppleWebKit/537.36 (KHTML, like Gecko) Chrome/120.0.0.0 Safari/537.36"
203.138.112.176 - - [12/Dec/2024:05:12:22 +0000] "GET /api/users/61236 HTTP/1.1" 200 5287 "-" "Mozilla/5.0 (iPhone; CPU iPhone OS 17_2 like Mac OS X) AppleWebKit/605.1.15 (KHTML, like Gecko) Version/17.2 Mobile/15E148 Safari/604.1"
172.35.23.170 - - [28/Mar/2024:21:06:05 +0000] "POST /api/logout HTTP/1.1" 200 24992 "-" "Mozilla/5.0 (Windows NT 10.0; Win64; x64) AppleWebKit/537.36 (KHTML, like Gecko) Chrome/120.0.0.0 Safari/537.36"
66.219.204.93 - - [08/Sep/2024:21:20:08 +0000] "GET /static/js/vendor.js HTTP/1.1" 200 37680 "https://github.com/" "Mozilla/5.0 (X11; Linux x86_64) AppleWebKit/537.36 (KHTML, like Gecko) Firefox/122.0"
172.216.174.72 - - [07/Apr/2024:14:04:57 +0000] "POST /static/img/banner.jpg HTTP/1.1" 200 20225 "-" "Mozilla/5.0 (X11; Linux x86_64) AppleWebKit/537.36 (KHTML, like Gecko) Firefox/122.0"
192.135.22.187 - - [28/Oct/2024:10:03:09 +0000] "GET /api/products/search HTTP/1.1" 200 2918 "-" "python-requests/2.31.0"
66.219.204.93 - - [09/May/2024:01:15:28 +0000] "GET /profile HTTP/1.1" 200 6759 "https://example.com/dashboard" "Mozilla/5.0 (iPhone; CPU iPhone OS 17_2 like Mac OS X) AppleWebKit/605.1.15 (KHTML, like Gecko) Version/17.2 Mobile/15E148 Safari/604.1"
192.222.80.117 - - [04/Mar/2024:14:47:50 +0000] "GET /dashboard HTTP/1.1" 200 11261 "-" "Mozilla/5.0 (Macintosh; Intel Mac OS X 10_15_7) AppleWebKit/537.36 (KHTML, like Gecko) Chrome/121.0.0.0 Safari/537.36"
198.57.12.190 - - [27/Mar/2024:20:05:56 +0000] "GET /about HTTP/1.1" 200 12053 "-" "Mozilla/5.0 (Windows NT 10.0; Win64; x64) AppleWebKit/537.36 (KHTML, like Gecko) Chrome/120.0.0.0 Safari/537.36"
203.186.83.95 - - [17/Jul/2024:05:36:34 +0000] "GET /static/js/vendor.js HTTP/1.1" 302 45108 "https://example.com/dashboard" "curl/7.88.1"
172.148.40.219 - - [25/Jul/2024:07:55:52 +0000] "GET /api/orders/15072/status HTTP/1.1" 200 11714 "https://www.google.com/" "curl/7.88.1"
172.126.134.192 - - [01/Jun/2024:07:36:48 +0000] "GET /index.html HTTP/1.1" 200 46159 "https://github.com/" "curl/7.88.1"
198.234.73.68 - - [22/Feb/2024:14:30:44 +0000] "GET /api/metrics HTTP/1.1" 200 15563 "-" "Mozilla/5.0 (iPhone; CPU iPhone OS 17_2 like Mac OS X) AppleWebKit/605.1.15 (KHTML, like Gecko) Version/17.2 Mobile/15E148 Safari/604.1"
198.57.12.190 - - [12/Jan/2024:12:34:09 +0000] "GET /dashboard HTTP/1.1" 200 11925 "https://www.google.com/" "Mozilla/5.0 (Macintosh; Intel Mac OS X 10_15_7) AppleWebKit/537.36 (KHTML, like Gecko) Chrome/121.0.0.0 Safari/537.36"
203.138.112.176 - - [22/Mar/2024:02:25:43 +0000] "POST /api/search HTTP/1.1" 200 22057 "https://example.com/dashboard" "curl/7.88.1"
66.142.3.195 - - [22/May/2024:12:36:09 +0000] "PUT /sitemap.xml HTTP/1.1" 200 42783 "-" "python-requests/2.31.0"
172.119.13.144 - - [19/Mar/2024:10:36:25 +0000] "GET /contact HTTP/1.1" 200 36638 "https://example.com/" "curl/7.88.1"
172.51.194.72 - - [14/Oct/2024:19:34:18 +0000] "GET /index.html HTTP/1.1" 200 8414 "https://www.google.com/" "Mozilla/5.0 (Windows NT 10.0; Win64; x64) AppleWebKit/537.36 (KHTML, like Gecko) Chrome/120.0.0.0 Safari/537.36"
198.52.44.152 - - [20/Dec/2024:23:14:42 +0000] "GET /api/v2/orders HTTP/1.1" 302 39305 "https://example.com/" "PostmanRuntime/7.36.0"
66.5.58.175 - - [10/Nov/2024:04:19:56 +0000] "POST /api/cart/remove HTTP/1.1" 302 40059 "-" "curl/7.88.1"
172.214.112.115 - - [10/Jun/2024:14:40:34 +0000] "GET /static/css/theme.css HTTP/1.1" 401 2446 "https://example.com/dashboard" "PostmanRuntime/7.36.0"
172.214.112.115 - - [12/Mar/2024:07:57:34 +0000] "GET /static/css/main.css HTTP/1.1" 200 31400 "-" "Mozilla/5.0 (Macintosh; Intel Mac OS X 10_15_7) AppleWebKit/537.36 (KHTML, like Gecko) Chrome/121.0.0.0 Safari/537.36"
192.125.114.36 - - [20/Aug/2024:08:24:49 +0000] "GET /pricing HTTP/1.1" 200 47247 "https://example.com/dashboard" "PostmanRuntime/7.36.0"
203.239.128.249 - - [20/Sep/2024:15:24:34 +0000] "GET /pricing HTTP/1.1" 304 28704 "https://example.com/dashboard" "curl/7.88.1"
10.194.49.92 - - [27/Mar/2024:10:33:36 +0000] "GET /static/js/vendor.js HTTP/1.1" 401 2602 "https://www.google.com/" "python-requests/2.31.0"
66.136.174.29 - - [01/Jul/2024:20:11:43 +0000] "POST /api/orders/48324/status HTTP/1.1" 200 45680 "-" "Mozilla/5.0 (X11; Linux x86_64) AppleWebKit/537.36 (KHTML, like Gecko) Firefox/122.0"
10.108.161.55 - - [25/Jul/2024:12:46:39 +0000] "GET /profile HTTP/1.1" 200 37402 "-" "Mozilla/5.0 (Windows NT 10.0; Win64; x64) AppleWebKit/537.36 (KHTML, like Gecko) Chrome/120.0.0.0 Safari/537.36"
172.216.174.72 - - [06/May/2024:17:11:49 +0000] "PUT /api/cart/remove HTTP/1.1" 200 17684 "-" "Mozilla/5.0 (X11; Linux x86_64) AppleWebKit/537.36 (KHTML, like Gecko) Firefox/122.0"
66.136.174.29 - - [13/Aug/2024:18:25:12 +0000] "GET /api/checkout HTTP/1.1" 304 19378 "-" "Mozilla/5.0 (Macintosh; Intel Mac OS X 10_15_7) AppleWebKit/537.36 (KHTML, like Gecko) Chrome/121.0.0.0 Safari/537.36"
172.110.172.27 - - [22/Sep/2024:23:36:54 +0000] "GET /api/metrics HTTP/1.1" 200 12851 "-" "curl/7.88.1"
192.28.117.211 - - [13/Mar/2024:08:05:43 +0000] "POST /api/cart/add HTTP/1.1" 200 35033 "https://www.google.com/" "python-requests/2.31.0"
172.216.32.99 - - [06/Jun/2024:12:10:36 +0000] "GET /api/metrics HTTP/1.1" 304 14626 "-" "python-requests/2.31.0"
192.28.117.211 - - [17/Oct/2024:21:23:06 +0000] "GET /static/js/analytics.js HTTP/1.1" 200 36795 "https://github.com/" "PostmanRuntime/7.36.0"
10.108.161.55 - - [12/Jan/2024:20:31:33 +0000] "GET /api/health HTTP/1.1" 200 21358 "https://www.google.com/" "Mozilla/5.0 (Windows NT 10.0; Win64; x64) AppleWebKit/537.36 (KHTML, like Gecko) Chrome/120.0.0.0 Safari/537.36"
203.239.128.249 - - [25/Nov/2024:09:52:16 +0000] "GET / HTTP/1.1" 200 20194 "-" "PostmanRuntime/7.36.0"
66.5.58.175 - - [27/Oct/2024:02:59:53 +0000] "GET /static/js/app.js HTTP/1.1" 304 31835 "-" "Mozilla/5.0 (Macintosh; Intel Mac OS X 10_15_7) AppleWebKit/537.36 (KHTML, like Gecko) Chrome/121.0.0.0 Safari/537.36"
66.150.185.148 - - [17/Dec/2024:10:37:15 +0000] "GET /favicon.ico HTTP/1.1" 200 23969 "https://github.com/" "Mozilla/5.0 (Macintosh; Intel Mac OS X 10_15_7) AppleWebKit/537.36 (KHTML, like Gecko) Chrome/121.0.0.0 Safari/537.36"
198.125.83.119 - - [03/Jun/2024:09:29:06 +0000] "GET /api/cart/add HTTP/1.1" 200 7126 "-" "Mozilla/5.0 (Macintosh; Intel Mac OS X 10_15_7) AppleWebKit/537.36 (KHTML, like Gecko) Chrome/121.0.0.0 Safari/537.36"
10.108.161.55 - - [20/Apr/2024:13:30:46 +0000] "GET /api/users/31215 HTTP/1.1" 200 29416 "https://www.google.com/" "python-requests/2.31.0"
198.52.44.152 - - [01/Oct/2024:08:54:09 +0000] "POST /docs HTTP/1.1" 200 18678 "-" "python-requests/2.31.0"
198.52.44.152 - - [25/Jun/2024:05:29:24 +0000] "POST /static/img/logo.png HTTP/1.1" 200 45718 "https://example.com/dashboard" "curl/7.88.1"
10.134.91.130 - - [02/Oct/2024:23:53:08 +0000] "DELETE /static/js/app.js HTTP/1.1" 200 17904 "-" "Mozilla/5.0 (X11; Linux x86_64) AppleWebKit/537.36 (KHTML, like Gecko) Firefox/122.0"
172.51.194.72 - - [28/Sep/2024:16:35:54 +0000] "HEAD /api/checkout HTTP/1.1" 200 10768 "https://www.google.com/" "Mozilla/5.0 (Macintosh; Intel Mac OS X 10_15_7) AppleWebKit/537.36 (KHTML, like Gecko) Chrome/121.0.0.0 Safari/537.36"
10.134.91.130 - - [26/Jul/2024:13:03:20 +0000] "HEAD /about HTTP/1.1" 200 27331 "https://example.com/dashboard" "python-requests/2.31.0"
192.222.80.117 - - [15/May/2024:09:55:10 +0000] "GET /static/js/vendor.js HTTP/1.1" 301 22243 "https://www.google.com/" "curl/7.88.1"
192.107.136.180 - - [18/Nov/2024:10:46:37 +0000] "GET /api/search HTTP/1.1" 200 46805 "https://example.com/" "python-requests/2.31.0"
203.63.193.21 - - [17/Mar/2024:09:39:58 +0000] "GET /api/users HTTP/1.1" 301 28156 "-" "Mozilla/5.0 (X11; Linux x86_64) AppleWebKit/537.36 (KHTML, like Gecko) Firefox/122.0"
172.110.172.27 - - [28/Jan/2024:01:02:09 +0000] "GET /api/search HTTP/1.1" 304 15145 "-" "curl/7.88.1"
172.119.13.144 - - [08/Mar/2024:20:56:52 +0000] "GET /api/cart/add HTTP/1.1" 200 4637 "-" "Mozilla/5.0 (Macintosh; Intel Mac OS X 10_15_7) AppleWebKit/537.36 (KHTML, like Gecko) Chrome/121.0.0.0 Safari/537.36"
203.138.112.176 - - [11/Aug/2024:01:33:13 +0000] "POST /blog HTTP/1.1" 200 36508 "-" "PostmanRuntime/7.36.0"
66.142.3.195 - - [10/May/2024:09:54:33 +0000] "GET /pricing HTTP/1.1" 200 25385 "https://example.com/dashboard" "curl/7.88.1"
10.194.49.92 - - [16/Dec/2024:07:27:28 +0000] "POST /static/css/main.css HTTP/1.1" 302 19280 "https://github.com/" "PostmanRuntime/7.36.0"
10.194.49.92 - - [24/Jan/2024:04:23:54 +0000] "GET /admin HTTP/1.1" 200 24271 "-" "Mozilla/5.0 (X11; Linux x86_64) AppleWebKit/537.36 (KHTML, like Gecko) Firefox/122.0"
172.119.13.144 - - [17/Apr/2024:05:45:34 +0000] "GET /api/users/24960/orders HTTP/1.1" 200 8376 "-" "Mozilla/5.0 (Macintosh; Intel Mac OS X 10_15_7) AppleWebKit/537.36 (KHTML, like Gecko) Chrome/121.0.0.0 Safari/537.36"
198.57.12.190 - - [21/May/2024:19:05:03 +0000] "GET / HTTP/1.1" 200 34151 "https://github.com/" "Mozilla/5.0 (Macintosh; Intel Mac OS X 10_15_7) AppleWebKit/537.36 (KHTML, like Gecko) Chrome/121.0.0.0 Safari/537.36"
203.186.83.95 - - [16/Mar/2024:06:45:35 +0000] "GET /api/checkout HTTP/1.1" 200 34998 "https://example.com/dashboard" "Mozilla/5.0 (Macintosh; Intel Mac OS X 10_15_7) AppleWebKit/537.36 (KHTML, like Gecko) Chrome/121.0.0.0 Safari/537.36"
198.234.73.68 - - [17/Dec/2024:02:42:29 +0000] "GET /api/register HTTP/1.1" 200 31562 "https://www.google.com/" "Mozilla/5.0 (iPhone; CPU iPhone OS 17_2 like Mac OS X) AppleWebKit/605.1.15 (KHTML, like Gecko) Version/17.2 Mobile/15E148 Safari/604.1"
203.186.83.95 - - [24/Jun/2024:17:40:17 +0000] "GET /api/users/49665/orders HTTP/1.1" 200 37535 "https://www.google.com/" "Mozilla/5.0 (Windows NT 10.0; Win64; x64) AppleWebKit/537.36 (KHTML, like Gecko) Chrome/120.0.0.0 Safari/537.36"
10.194.49.92 - - [20/Feb/2024:16:52:49 +0000] "POST /static/css/theme.css HTTP/1.1" 200 43201 "-" "curl/7.88.1"
66.142.3.195 - - [13/Jan/2024:17:55:11 +0000] "POST /static/css/main.css HTTP/1.1" 200 42398 "-" "Mozilla/5.0 (iPhone; CPU iPhone OS 17_2 like Mac OS X) AppleWebKit/605.1.15 (KHTML, like Gecko) Version/17.2 Mobile/15E148 Safari/604.1"
172.119.13.144 - - [15/Nov/2024:06:12:28 +0000] "POST /api/orders HTTP/1.1" 304 43052 "-" "curl/7.88.1"
192.125.114.36 - - [11/Mar/2024:05:09:36 +0000] "GET /pricing HTTP/1.1" 200 48661 "-" "Mozilla/5.0 (iPhone; CPU iPhone OS 17_2 like Mac OS X) AppleWebKit/605.1.15 (KHTML, like Gecko) Version/17.2 Mobile/15E148 Safari/604.1"
66.142.3.195 - - [24/Jul/2024:10:42:54 +0000] "GET /sitemap.xml HTTP/1.1" 304 19970 "-" "Mozilla/5.0 (Macintosh; Intel Mac OS X 10_15_7) AppleWebKit/537.36 (KHTML, like Gecko) Chrome/121.0.0.0 Safari/537.36"
172.51.194.72 - - [06/Jun/2024:20:23:44 +0000] "GET /static/fonts/inter.woff2 HTTP/1.1" 200 13416 "https://example.com/" "Mozilla/5.0 (X11; Linux x86_64) AppleWebKit/537.36 (KHTML, like Gecko) Firefox/122.0"
192.107.136.180 - - [14/Feb/2024:15:46:41 +0000] "GET /static/js/vendor.js HTTP/1.1" 200 10688 "https://github.com/" "python-requests/2.31.0"
198.36.87.137 - - [08/Jan/2024:18:21:16 +0000] "GET /static/fonts/inter.woff2 HTTP/1.1" 403 32744 "-" "curl/7.88.1"
203.63.193.21 - - [15/Oct/2024:18:28:00 +0000] "GET /static/fonts/inter.woff2 HTTP/1.1" 200 28945 "-" "Mozilla/5.0 (Windows NT 10.0; Win64; x64) AppleWebKit/537.36 (KHTML, like Gecko) Chrome/120.0.0.0 Safari/537.36"
203.16.15.24 - - [11/Apr/2024:21:57:38 +0000] "GET /static/img/logo.png HTTP/1.1" 200 47204 "-" "Mozilla/5.0 (Windows NT 10.0; Win64; x64) AppleWebKit/537.36 (KHTML, like Gecko) Chrome/120.0.0.0 Safari/537.36"
203.239.128.249 - - [23/Jun/2024:04:37:35 +0000] "GET /api/orders/17127/status HTTP/1.1" 200 1940 "-" "python-requests/2.31.0"
172.110.172.27 - - [26/Jun/2024:12:46:50 +0000] "POST /robots.txt HTTP/1.1" 200 12449 "-" "Mozilla/5.0 (Macintosh; Intel Mac OS X 10_15_7) AppleWebKit/537.36 (KHTML, like Gecko) Chrome/121.0.0.0 Safari/537.36"
198.52.44.152 - - [09/Sep/2024:15:38:51 +0000] "POST /static/css/theme.css HTTP/1.1" 200 33094 "https://example.com/dashboard" "curl/7.88.1"
10.161.205.69 - - [22/Apr/2024:22:47:46 +0000] "POST /api/search HTTP/1.1" 404 33807 "-" "Mozilla/5.0 (X11; Linux x86_64) AppleWebKit/537.36 (KHTML, like Gecko) Firefox/122.0"
172.51.194.72 - - [21/Sep/2024:12:59:03 +0000] "DELETE /favicon.ico HTTP/1.1" 200 1236 "https://example.com/" "Mozilla/5.0 (X11; Linux x86_64) AppleWebKit/537.36 (KHTML, like Gecko) Firefox/122.0"
172.51.194.72 - - [13/Nov/2024:02:52:36 +0000] "GET /api/cart/add HTTP/1.1" 200 30260 "https://www.google.com/" "Mozilla/5.0 (Windows NT 10.0; Win64; x64) AppleWebKit/537.36 (KHTML, like Gecko) Chrome/120.0.0.0 Safari/537.36"
192.135.22.187 - - [07/Dec/2024:18:57:59 +0000] "GET /index.html HTTP/1.1" 403 9878 "-" "PostmanRuntime/7.36.0"
192.82.0.154 - - [24/Jun/2024:21:01:05 +0000] "GET /api/refresh HTTP/1.1" 200 18265 "-" "PostmanRuntime/7.36.0"
203.16.15.24 - - [20/Apr/2024:00:36:26 +0000] "GET /api/users HTTP/1.1" 200 45108 "https://example.com/dashboard" "curl/7.88.1"
172.214.112.115 - - [20/Feb/2024:04:25:03 +0000] "POST /api/login HTTP/1.1" 302 10047 "-" "Mozilla/5.0 (Windows NT 10.0; Win64; x64) AppleWebKit/537.36 (KHTML, like Gecko) Chrome/120.0.0.0 Safari/537.36"
192.135.22.187 - - [04/Nov/2024:22:29:26 +0000] "GET /dashboard HTTP/1.1" 200 3606 "-" "Mozilla/5.0 (Windows NT 10.0; Win64; x64) AppleWebKit/537.36 (KHTML, like Gecko) Chrome/120.0.0.0 Safari/537.36"
172.216.174.72 - - [04/Jul/2024:12:06:08 +0000] "GET /favicon.ico HTTP/1.1" 200 40569 "-" "PostmanRuntime/7.36.0"
172.70.252.24 - - [05/Dec/2024:10:42:47 +0000] "GET /static/css/main.css HTTP/1.1" 200 13072 "-" "curl/7.88.1"
198.52.44.152 - - [10/Oct/2024:06:27:24 +0000] "GET /api/orders HTTP/1.1" 200 978 "-" "PostmanRuntime/7.36.0"
10.56.78.161 - - [21/Nov/2024:09:49:33 +0000] "GET /api/login HTTP/1.1" 500 18584 "-" "Mozilla/5.0 (Macintosh; Intel Mac OS X 10_15_7) AppleWebKit/537.36 (KHTML, like Gecko) Chrome/121.0.0.0 Safari/537.36"
172.214.112.115 - - [10/Jan/2024:17:43:25 +0000] "POST /static/img/logo.png HTTP/1.1" 200 22195 "-" "python-requests/2.31.0"
10.152.101.40 - - [22/Jun/2024:04:09:38 +0000] "GET /api/health HTTP/1.1" 200 1221 "-" "python-requests/2.31.0"
10.108.161.55 - - [12/Dec/2024:12:53:50 +0000] "GET /docs HTTP/1.1" 200 14165 "https://www.google.com/" "PostmanRuntime/7.36.0"
172.110.172.27 - - [25/Dec/2024:18:31:52 +0000] "GET /api/users/29998 HTTP/1.1" 200 7875 "https://example.com/" "Mozilla/5.0 (Macintosh; Intel Mac OS X 10_15_7) AppleWebKit/537.36 (KHTML, like Gecko) Chrome/121.0.0.0 Safari/537.36"
66.150.185.148 - - [14/Jun/2024:17:20:34 +0000] "GET /api/health HTTP/1.1" 200 8641 "-" "Mozilla/5.0 (Macintosh; Intel Mac OS X 10_15_7) AppleWebKit/537.36 (KHTML, like Gecko) Chrome/121.0.0.0 Safari/537.36"
203.186.83.95 - - [03/Dec/2024:04:01:09 +0000] "GET /robots.txt HTTP/1.1" 200 8168 "-" "Mozilla/5.0 (X11; Linux x86_64) AppleWebKit/537.36 (KHTML, like Gecko) Firefox/122.0"
172.216.32.99 - - [08/Sep/2024:15:17:03 +0000] "GET /contact HTTP/1.1" 304 4131 "-" "Mozilla/5.0 (iPhone; CPU iPhone OS 17_2 like Mac OS X) AppleWebKit/605.1.15 (KHTML, like Gecko) Version/17.2 Mobile/15E148 Safari/604.1"
66.219.204.93 - - [14/Oct/2024:00:26:14 +0000] "GET /api/users/36884/orders HTTP/1.1" 200 42704 "https://www.google.com/" "Mozilla/5.0 (Windows NT 10.0; Win64; x64) AppleWebKit/537.36 (KHTML, like Gecko) Chrome/120.0.0.0 Safari/537.36"
203.138.112.176 - - [09/Mar/2024:21:40:41 +0000] "GET /api/orders/91908 HTTP/1.1" 301 18807 "-" "Mozilla/5.0 (Windows NT 10.0; Win64; x64) AppleWebKit/537.36 (KHTML, like Gecko) Chrome/120.0.0.0 Safari/537.36"
203.16.15.24 - - [04/Jan/2024:19:23:58 +0000] "GET /static/js/vendor.js HTTP/1.1" 304 42032 "https://www.google.com/" "Mozilla/5.0 (iPhone; CPU iPhone OS 17_2 like Mac OS X) AppleWebKit/605.1.15 (KHTML, like Gecko) Version/17.2 Mobile/15E148 Safari/604.1"
66.219.204.93 - - [26/May/2024:19:04:23 +0000] "GET /about HTTP/1.1" 404 22908 "https://example.com/" "Mozilla/5.0 (X11; Linux x86_64) AppleWebKit/537.36 (KHTML, like Gecko) Firefox/122.0"
66.219.204.93 - - [27/Mar/2024:07:16:30 +0000] "GET /api/users/32913/orders HTTP/1.1" 200 28554 "-" "Mozilla/5.0 (Windows NT 10.0; Win64; x64) AppleWebKit/537.36 (KHTML, like Gecko) Chrome/120.0.0.0 Safari/537.36"
198.52.44.152 - - [18/Jan/2024:03:51:50 +0000] "GET /api/users/5077/profile HTTP/1.1" 200 1846 "https://github.com/" "python-requests/2.31.0"
10.134.91.130 - - [08/Feb/2024:14:25:17 +0000] "DELETE /api/users HTTP/1.1" 200 10708 "-" "Mozilla/5.0 (iPhone; CPU iPhone OS 17_2 like Mac OS X) AppleWebKit/605.1.15 (KHTML, like Gecko) Version/17.2 Mobile/15E148 Safari/604.1"
192.222.80.117 - - [01/Sep/2024:03:51:46 +0000] "POST /api/search HTTP/1.1" 200 7138 "-" "Mozilla/5.0 (Macintosh; Intel Mac OS X 10_15_7) AppleWebKit/537.36 (KHTML, like Gecko) Chrome/121.0.0.0 Safari/537.36"
66.142.3.195 - - [11/Dec/2024:01:29:05 +0000] "GET /static/js/analytics.js HTTP/1.1" 200 26877 "-" "Mozilla/5.0 (iPhone; CPU iPhone OS 17_2 like Mac OS X) AppleWebKit/605.1.15 (KHTML, like Gecko) Version/17.2 Mobile/15E148 Safari/604.1"
172.51.194.72 - - [02/Aug/2024:22:14:21 +0000] "GET /robots.txt HTTP/1.1" 200 23766 "https://example.com/" "curl/7.88.1"
203.239.128.249 - - [10/Apr/2024:12:11:07 +0000] "POST /api/refresh HTTP/1.1" 200 1242 "https://github.com/" "curl/7.88.1"
203.63.193.21 - - [12/Sep/2024:16:43:22 +0000] "GET /api/v2/orders HTTP/1.1" 301 28246 "https://example.com/" "curl/7.88.1"
203.239.128.249 - - [01/Apr/2024:03:35:00 +0000] "GET /api/refresh HTTP/1.1" 404 13231 "https://github.com/" "curl/7.88.1"
192.135.22.187 - - [27/Aug/2024:08:53:27 +0000] "GET /api/v2/orders HTTP/1.1" 200 5272 "-" "Mozilla/5.0 (X11; Linux x86_64) AppleWebKit/537.36 (KHTML, like Gecko) Firefox/122.0"
66.136.174.29 - - [08/Mar/2024:22:54:30 +0000] "GET /favicon.ico HTTP/1.1" 200 17532 "https://github.com/" "Mozilla/5.0 (iPhone; CPU iPhone OS 17_2 like Mac OS X) AppleWebKit/605.1.15 (KHTML, like Gecko) Version/17.2 Mobile/15E148 Safari/604.1"
66.219.204.93 - - [04/May/2024:10:40:37 +0000] "GET /sitemap.xml HTTP/1.1" 200 3414 "https://example.com/dashboard" "Mozilla/5.0 (iPhone; CPU iPhone OS 17_2 like Mac OS X) AppleWebKit/605.1.15 (KHTML, like Gecko) Version/17.2 Mobile/15E148 Safari/604.1"
10.56.78.161 - - [04/May/2024:01:01:47 +0000] "POST /api/products HTTP/1.1" 304 15563 "-" "curl/7.88.1"
10.152.101.40 - - [25/Dec/2024:22:40:44 +0000] "GET /static/fonts/inter.woff2 HTTP/1.1" 200 20746 "-" "Mozilla/5.0 (Macintosh; Intel Mac OS X 10_15_7) AppleWebKit/537.36 (KHTML, like Gecko) Chrome/121.0.0.0 Safari/537.36"
203.138.112.176 - - [26/Mar/2024:01:16:39 +0000] "POST /static/js/analytics.js HTTP/1.1" 200 38743 "https://example.com/dashboard" "Mozilla/5.0 (X11; Linux x86_64) AppleWebKit/537.36 (KHTML, like Gecko) Firefox/122.0"
198.234.73.68 - - [26/Oct/2024:16:31:40 +0000] "GET /docs HTTP/1.1" 200 13119 "https://example.com/dashboard" "Mozilla/5.0 (iPhone; CPU iPhone OS 17_2 like Mac OS X) AppleWebKit/605.1.15 (KHTML, like Gecko) Version/17.2 Mobile/15E148 Safari/604.1"
172.216.174.72 - - [27/Jul/2024:12:38:35 +0000] "PUT /api/products/search HTTP/1.1" 200 27027 "-" "Mozilla/5.0 (iPhone; CPU iPhone OS 17_2 like Mac OS X) AppleWebKit/605.1.15 (KHTML, like Gecko) Version/17.2 Mobile/15E148 Safari/604.1"
10.194.49.92 - - [07/Aug/2024:09:03:31 +0000] "GET /static/fonts/inter.woff2 HTTP/1.1" 200 16368 "-" "Mozilla/5.0 (Macintosh; Intel Mac OS X 10_15_7) AppleWebKit/537.36 (KHTML, like Gecko) Chrome/121.0.0.0 Safari/537.36"
203.138.112.176 - - [14/Mar/2024:06:47:44 +0000] "GET /dashboard HTTP/1.1" 304 39101 "-" "Mozilla/5.0 (X11; Linux x86_64) AppleWebKit/537.36 (KHTML, like Gecko) Firefox/122.0"
192.157.122.15 - - [15/Jan/2024:02:45:52 +0000] "GET /api/logout HTTP/1.1" 200 43374 "-" "Mozilla/5.0 (Macintosh; Intel Mac OS X 10_15_7) AppleWebKit/537.36 (KHTML, like Gecko) Chrome/121.0.0.0 Safari/537.36"
172.35.23.170 - - [15/Jan/2024:16:29:52 +0000] "GET /api/logout HTTP/1.1" 200 5934 "-" "Mozilla/5.0 (iPhone; CPU iPhone OS 17_2 like Mac OS X) AppleWebKit/605.1.15 (KHTML, like Gecko) Version/17.2 Mobile/15E148 Safari/604.1"
192.135.22.187 - - [22/Nov/2024:21:01:40 +0000] "POST /blog HTTP/1.1" 200 6331 "-" "python-requests/2.31.0"
172.51.194.72 - - [12/Nov/2024:22:48:39 +0000] "GET /static/js/analytics.js HTTP/1.1" 304 33160 "https://example.com/dashboard" "python-requests/2.31.0"
10.194.49.92 - - [04/Feb/2024:14:01:46 +0000] "GET /static/js/analytics.js HTTP/1.1" 304 38612 "-" "Mozilla/5.0 (X11; Linux x86_64) AppleWebKit/537.36 (KHTML, like Gecko) Firefox/122.0"
172.119.13.144 - - [18/Jul/2024:08:19:34 +0000] "GET /api/logout HTTP/1.1" 500 7980 "https://www.google.com/" "Mozilla/5.0 (iPhone; CPU iPhone OS 17_2 like Mac OS X) AppleWebKit/605.1.15 (KHTML, like Gecko) Version/17.2 Mobile/15E148 Safari/604.1"
66.136.174.29 - - [17/Dec/2024:07:36:28 +0000] "GET /api/search HTTP/1.1" 200 855 "-" "curl/7.88.1"
203.16.15.24 - - [26/Jan/2024:08:34:02 +0000] "GET /static/js/app.js HTTP/1.1" 200 31116 "-" "PostmanRuntime/7.36.0"
203.63.193.21 - - [27/Apr/2024:12:36:05 +0000] "GET /contact HTTP/1.1" 200 6096 "-" "python-requests/2.31.0"
192.135.22.187 - - [17/Aug/2024:21:52:37 +0000] "GET /api/logout HTTP/1.1" 304 44036 "-" "Mozilla/5.0 (iPhone; CPU iPhone OS 17_2 like Mac OS X) AppleWebKit/605.1.15 (KHTML, like Gecko) Version/17.2 Mobile/15E148 Safari/604.1"
10.56.78.161 - - [24/Jul/2024:18:42:59 +0000] "GET /dashboard HTTP/1.1" 304 3378 "-" "Mozilla/5.0 (X11; Linux x86_64) AppleWebKit/537.36 (KHTML, like Gecko) Firefox/122.0"
192.82.0.154 - - [12/Apr/2024:22:07:16 +0000] "GET /about HTTP/1.1" 200 7472 "https://github.com/" "Mozilla/5.0 (X11; Linux x86_64) AppleWebKit/537.36 (KHTML, like Gecko) Firefox/122.0"
198.52.44.152 - - [16/Sep/2024:20:15:11 +0000] "GET /api/products/search HTTP/1.1" 404 45380 "-" "curl/7.88.1"
192.28.117.211 - - [24/Jul/2024:11:06:49 +0000] "GET /about HTTP/1.1" 404 44010 "https://github.com/" "PostmanRuntime/7.36.0"
203.63.193.21 - - [10/Nov/2024:01:56:38 +0000] "GET /settings HTTP/1.1" 304 18649 "https://github.com/" "python-requests/2.31.0"
198.255.202.227 - - [18/Apr/2024:23:16:59 +0000] "POST /api/v2/orders HTTP/1.1" 200 17509 "https://example.com/" "Mozilla/5.0 (iPhone; CPU iPhone OS 17_2 like Mac OS X) AppleWebKit/605.1.15 (KHTML, like Gecko) Version/17.2 Mobile/15E148 Safari/604.1"
10.194.49.92 - - [03/Aug/2024:00:09:35 +0000] "GET /api/users/50586 HTTP/1.1" 200 10573 "-" "Mozilla/5.0 (X11; Linux x86_64) AppleWebKit/537.36 (KHTML, like Gecko) Firefox/122.0"
172.126.134.192 - - [09/Sep/2024:17:08:00 +0000] "GET /static/fonts/inter.woff2 HTTP/1.1" 403 14649 "https://github.com/" "Mozilla/5.0 (X11; Linux x86_64) AppleWebKit/537.36 (KHTML, like Gecko) Firefox/122.0"
192.222.80.117 - - [23/Sep/2024:07:39:02 +0000] "GET /api/users/33887/orders HTTP/1.1" 200 31526 "https://example.com/dashboard" "Mozilla/5.0 (Macintosh; Intel Mac OS X 10_15_7) AppleWebKit/537.36 (KHTML, like Gecko) Chrome/121.0.0.0 Safari/537.36"
192.250.9.29 - - [19/Feb/2024:13:01:39 +0000] "GET /api/users HTTP/1.1" 200 4940 "-" "Mozilla/5.0 (Macintosh; Intel Mac OS X 10_15_7) AppleWebKit/537.36 (KHTML, like Gecko) Chrome/121.0.0.0 Safari/537.36"
192.82.0.154 - - [25/Dec/2024:07:22:42 +0000] "DELETE /contact HTTP/1.1" 304 10798 "-" "python-requests/2.31.0"
172.126.134.192 - - [04/Apr/2024:06:30:46 +0000] "GET / HTTP/1.1" 200 12327 "-" "Mozilla/5.0 (Macintosh; Intel Mac OS X 10_15_7) AppleWebKit/537.36 (KHTML, like Gecko) Chrome/121.0.0.0 Safari/537.36"
203.186.83.95 - - [11/Sep/2024:16:06:25 +0000] "GET /settings HTTP/1.1" 200 10951 "https://example.com/" "Mozilla/5.0 (X11; Linux x86_64) AppleWebKit/537.36 (KHTML, like Gecko) Firefox/122.0"
198.125.83.119 - - [16/Mar/2024:08:07:39 +0000] "GET /api/v2/orders HTTP/1.1" 200 42717 "-" "Mozilla/5.0 (Windows NT 10.0; Win64; x64) AppleWebKit/537.36 (KHTML, like Gecko) Chrome/120.0.0.0 Safari/537.36"
