66.150.185.148 - - [25/Mar/2024:06:19:11 +0000] "GET /index.html HTTP/1.1" 200 39547 "-" "python-requests/2.31.0"
172.110.172.27 - - [18/Jun/2024:02:20:55 +0000] "GET /api/orders/86268 HTTP/1.1" 200 13318 "-" "Mozilla/5.0 (X11; Linux x86_64) AppleWebKit/537.36 (KHTML, like Gecko) Firefox/122.0"
66.219.204.93 - - [09/Apr/2024:06:49:22 +0000] "GET /api/users/57625/orders HTTP/1.1" 200 24683 "https://example.com/dashboard" "Mozilla/5.0 (Windows NT 10.0; Win64; x64) AppleWebKit/537.36 (KHTML, like Gecko) Chrome/120.0.0.0 Safari/537.36"
172.35.23.170 - - [13/Jan/2024:14:28:25 +0000] "GET /api/orders HTTP/1.1" 500 25036 "-" "curl/7.88.1"
172.214.112.115 - - [06/Sep/2024:18:46:33 +0000] "GET /api/logout HTTP/1.1" 401 13838 "https://example.com/dashboard" "Mozilla/5.0 (Windows NT 10.0; Win64; x64) AppleWebKit/537.36 (KHTML, like Gecko) Chrome/120.0.0.0 Safari/537.36"
192.250.9.29 - - [12/Dec/2024:10:26:12 +0000] "GET /api/users HTTP/1.1" 200 23683 "https://example.com/" "Mozilla/5.0 (iPhone; CPU iPhone OS 17_2 like Mac OS X) AppleWebKit/605.1.15 (KHTML, like Gecko) Version/17.2 Mobile/15E148 Safari/604.1"
66.5.58.175 - - [04/Aug/2024:00:00:24 +0000] "GET /api/metrics HTTP/1.1" 200 23344 "https://example.com/" "Mozilla/5.0 (X11; Linux x86_64) AppleWebKit/537.36 (KHTML, like Gecko) Firefox/122.0"
172.119.13.144 - - [14/Nov/2024:09:14:44 +0000] "GET /docs HTTP/1.1" 404 25638 "-" "Mozilla/5.0 (iPhone; CPU iPhone OS 17_2 like Mac OS X) AppleWebKit/605.1.15 (KHTML, like Gecko) Version/17.2 Mobile/15E148 Safari/604.1"
192.107.136.180 - - [24/Nov/2024:10:02:09 +0000] "GET /api/register HTTP/1.1" 304 707 "-" "Mozilla/5.0 (Macintosh; Intel Mac OS X 10_15_7) AppleWebKit/537.36 (KHTML, like Gecko) Chrome/121.0.0.0 Safari/537.36"
172.110.172.27 - - [23/Aug/2024:01:03:38 +0000] "GET /dashboard HTTP/1.1" 200 24459 "https://github.com/" "curl/7.88.1"
192.135.22.187 - - [14/Mar/2024:05:59:33 +0000] "GET /dashboard HTTP/1.1" 200 24025 "-" "Mozilla/5.0 (Windows NT 10.0; Win64; x64) AppleWebKit/537.36 (KHTML, like Gecko) Chrome/120.0.0.0 Safari/537.36"
192.125.114.36 - - [16/Apr/2024:09:25:40 +0000] "GET /api/products HTTP/1.1" 304 21141 "-" "Mozilla/5.0 (Windows NT 10.0; Win64; x64) AppleWebKit/537.36 (KHTML, like Gecko) Chrome/120.0.0.0 Safari/537.36"
192.28.117.211 - - [01/Aug/2024:01:47:55 +0000] "GET /api/v2/users HTTP/1.1" 200 35455 "-" "Mozilla/5.0 (iPhone; CPU iPhone OS 17_2 like Mac OS X) AppleWebKit/605.1.15 (KHTML, like Gecko) Version/17.2 Mobile/15E148 Safari/604.1"
192.135.22.187 - - [04/Jan/2024:11:57:14 +0000] "GET /api/v2/users HTTP/1.1" 200 7466 "https://example.com/dashboard" "Mozilla/5.0 (iPhone; CPU iPhone OS 17_2 like Mac OS X) AppleWebKit/605.1.15 (KHTML, like Gecko) Version/17.2 Mobile/15E148 Safari/604.1"
172.126.134.192 - - [28/Sep/2024:14:08:54 +0000] "POST /blog HTTP/1.1" 200 20509 "https://example.com/dashboard" "Mozilla/5.0 (iPhone; CPU iPhone OS 17_2 like Mac OS X) AppleWebKit/605.1.15 (KHTML, like Gecko) Version/17.2 Mobile/15E148 Safari/604.1"
203.186.83.95 - - [05/Jun/2024:21:34:23 +0000] "POST /dashboard HTTP/1.1" 301 6417 "https://example.com/dashboard" "Mozilla/5.0 (iPhone; CPU iPhone OS 17_2 like Mac OS X) AppleWebKit/605.1.15 (KHTML, like Gecko) Version/17.2 Mobile/15E148 Safari/604.1"
10.152.101.40 - - [07/Mar/2024:07:32:08 +0000] "GET /api/orders/86404 HTTP/1.1" 200 48805 "https://github.com/" "Mozilla/5.0 (Windows NT 10.0; Win64; x64) AppleWebKit/537.36 (KHTML, like Gecko) Chrome/120.0.0.0 Safari/537.36"
198.36.87.137 - - [20/Feb/2024:07:14:16 +0000] "GET /dashboard HTTP/1.1" 200 21636 "https://example.com/dashboard" "PostmanRuntime/7.36.0"
192.82.0.154 - - [17/Sep/2024:18:56:17 +0000] "DELETE /api/users/42985/orders HTTP/1.1" 200 24660 "-" "PostmanRuntime/7.36.0"
192.82.0.154 - - [24/Jan/2024:23:57:51 +0000] "GET /blog HTTP/1.1" 200 13069 "-" "Mozilla/5.0 (Macintosh; Intel Mac OS X 10_15_7) AppleWebKit/537.36 (KHTML, like Gecko) Chrome/121.0.0.0 Safari/537.36"
10.194.49.92 - - [21/Jan/2024:07:10:25 +0000] "GET / HTTP/1.1" 304 31608 "https://www.google.com/" "Mozilla/5.0 (iPhone; CPU iPhone OS 17_2 like Mac OS X) AppleWebKit/605.1.15 (KHTML, like Gecko) Version/17.2 Mobile/15E148 Safari/604.1"
66.150.185.148 - - [21/Oct/2024:12:28:13 +0000] "GET /pricing HTTP/1.1" 200 35874 "-" "Mozilla/5.0 (iPhone; CPU iPhone OS 17_2 like Mac OS X) AppleWebKit/605.1.15 (KHTML, like Gecko) Version/17.2 Mobile/15E148 Safari/604.1"
192.107.136.180 - - [21/Sep/2024:10:21:57 +0000] "GET /api/products HTTP/1.1" 200 32039 "https://example.com/dashboard" "python-requests/2.31.0"
66.142.3.195 - - [22/Jun/2024:16:16:04 +0000] "GET /api/v2/orders HTTP/1.1" 404 1765 "-" "curl/7.88.1"
66.142.3.195 - - [08/Aug/2024:03:07:35 +0000] "POST /api/products/search HTTP/1.1" 200 22881 "https://example.com/dashboard" "Mozilla/5.0 (X11; Linux x86_64) AppleWebKit/537.36 (KHTML, like Gecko) Firefox/122.0"
66.219.204.93 - - [18/Feb/2024:16:11:25 +0000] "GET /api/refresh HTTP/1.1" 200 44702 "-" "Mozilla/5.0 (Macintosh; Intel Mac OS X 10_15_7) AppleWebKit/537.36 (KHTML, like Gecko) Chrome/121.0.0.0 Safari/537.36"
66.150.185.148 - - [24/Dec/2024:11:33:38 +0000] "HEAD /api/login HTTP/1.1" 304 34870 "-" "curl/7.88.1"
192.222.80.117 - - [12/Sep/2024:07:44:33 +0000] "GET /api/search HTTP/1.1" 200 6662 "-" "PostmanRuntime/7.36.0"
192.157.122.15 - - [08/Dec/2024:04:34:39 +0000] "GET /api/refresh HTTP/1.1" 200 3305 "https://example.com/" "Mozilla/5.0 (iPhone; CPU iPhone OS 17_2 like Mac OS X) AppleWebKit/605.1.15 (KHTML, like Gecko) Version/17.2 Mobile/15E148 Safari/604.1"
198.255.202.227 - - [17/Jul/2024:15:29:20 +0000] "GET /api/cart HTTP/1.1" 200 5006 "https://example.com/" "Mozilla/5.0 (X11; Linux x86_64) AppleWebKit/537.36 (KHTML, like Gecko) Firefox/122.0"
172.35.23.170 - - [24/Oct/2024:19:04:03 +0000] "DELETE /api/v2/users HTTP/1.1" 200 9523 "-" "Mozilla/5.0 (iPhone; CPU iPhone OS 17_2 like Mac OS X) AppleWebKit/605.1.15 (KHTML, like Gecko) Version/17.2 Mobile/15E148 Safari/604.1"
172.51.194.72 - - [13/Mar/2024:20:26:25 +0000] "POST /api/refresh HTTP/1.1" 200 23064 "-" "Mozilla/5.0 (Windows NT 10.0; Win64; x64) AppleWebKit/537.36 (KHTML, like Gecko) Chrome/120.0.0.0 Safari/537.36"
192.107.136.180 - - [05/Jul/2024:03:46:47 +0000] "GET /profile HTTP/1.1" 200 13589 "-" "Mozilla/5.0 (iPhone; CPU iPhone OS 17_2 like Mac OS X) AppleWebKit/605.1.15 (KHTML, like Gecko) Version/17.2 Mobile/15E148 Safari/604.1"
192.107.136.180 - - [25/Jun/2024:00:40:07 +0000] "GET /api/cart HTTP/1.1" 200 6824 "https://example.com/dashboard" "python-requests/2.31.0"
172.148.40.219 - - [22/Aug/2024:09:52:07 +0000] "GET /pricing HTTP/1.1" 200 10171 "https://www.google.com/" "Mozilla/5.0 (Windows NT 10.0; Win64; x64) AppleWebKit/537.36 (KHTML, like Gecko) Chrome/120.0.0.0 Safari/537.36"
192.107.136.180 - - [02/Jul/2024:08:07:40 +0000] "GET /api/v2/orders HTTP/1.1" 304 11139 "https://example.com/dashboard" "PostmanRuntime/7.36.0"
198.36.87.137 - - [08/Sep/2024:03:05:46 +0000] "POST /contact HTTP/1.1" 200 15913 "https://example.com/dashboard" "python-requests/2.31.0"
66.219.204.93 - - [14/Jan/2024:20:06:55 +0000] "HEAD /api/products/94903 HTTP/1.1" 302 18179 "https://www.google.com/" "Mozilla/5.0 (X11; Linux x86_64) AppleWebKit/537.36 (KHTML, like Gecko) Firefox/122.0"
172.126.134.192 - - [22/May/2024:11:05:00 +0000] "GET /admin HTTP/1.1" 200 16008 "https://example.com/dashboard" "curl/7.88.1"
172.148.40.219 - - [19/Jul/2024:21:17:06 +0000] "HEAD /admin HTTP/1.1" 200 36844 "https://github.com/" "curl/7.88.1"
192.250.9.29 - - [17/Nov/2024:12:02:38 +0000] "GET /about HTTP/1.1" 404 6560 "-" "curl/7.88.1"
172.216.174.72 - - [25/Apr/2024:11:37:43 +0000] "POST /contact HTTP/1.1" 200 25904 "-" "PostmanRuntime/7.36.0"
10.161.205.69 - - [21/Aug/2024:14:36:55 +0000] "GET /favicon.ico HTTP/1.1" 200 41264 "https://github.com/" "PostmanRuntime/7.36.0"
192.125.114.36 - - [07/Oct/2024:05:01:40 +0000] "GET /api/users/38310 HTTP/1.1" 200 1959 "https://example.com/dashboard" "PostmanRuntime/7.36.0"
203.186.83.95 - - [12/Nov/2024:11:22:15 +0000] "GET /static/css/main.css HTTP/1.1" 200 21367 "https://example.com/" "Mozilla/5.0 (iPhone; CPU iPhone OS 17_2 like Mac OS X) AppleWebKit/605.1.15 (KHTML, like Gecko) Version/17.2 Mobile/15E148 Safari/604.1"
192.135.22.187 - - [07/Sep/2024:17:41:20 +0000] "PUT /api/metrics HTTP/1.1" 401 22941 "-" "python-requests/2.31.0"
203.239.128.249 - - [28/Feb/2024:10:22:39 +0000] "GET /api/orders/41489 HTTP/1.1" 200 6738 "-" "PostmanRuntime/7.36.0"
198.234.73.68 - - [11/Oct/2024:15:40:11 +0000] "DELETE /api/health HTTP/1.1" 200 17446 "https://example.com/dashboard" "python-requests/2.31.0"
10.161.205.69 - - [11/Aug/2024:11:48:10 +0000] "GET /api/cart/add HTTP/1.1" 200 7405 "https://example.com/" "Mozilla/5.0 (Macintosh; Intel Mac OS X 10_15_7) AppleWebKit/537.36 (KHTML, like Gecko) Chrome/121.0.0.0 Safari/537.36"
66.5.58.175 - - [23/Nov/2024:17:18:48 +0000] "GET /static/img/banner.jpg HTTP/1.1" 200 26181 "-" "curl/7.88.1"
66.150.185.148 - - [03/Feb/2024:22:38:58 +0000] "POST /api/metrics HTTP/1.1" 200 9652 "https://www.google.com/" "PostmanRuntime/7.36.0"
192.222.80.117 - - [12/Jul/2024:04:58:24 +0000] "GET /api/products/search HTTP/1.1" 304 37462 "https://www.google.com/" "Mozilla/5.0 (Windows NT 10.0; Win64; x64) AppleWebKit/537.36 (KHTML, like Gecko) Chrome/120.0.0.0 Safari/537.36"
172.148.40.219 - - [15/Jan/2024:07:35:09 +0000] "POST /api/products/3455 HTTP/1.1" 200 14810 "-" "python-requests/2.31.0"
172.51.194.72 - - [08/Aug/2024:20:51:13 +0000] "GET / HTTP/1.1" 200 16069 "https://example.com/dashboard" "Mozilla/5.0 (Windows NT 10.0; Win64; x64) AppleWebKit/537.36 (KHTML, like Gecko) Chrome/120.0.0.0 Safari/537.36"
172.70.252.24 - - [14/Sep/2024:17:36:12 +0000] "GET /api/register HTTP/1.1" 200 38169 "https://github.com/" "Mozilla/5.0 (iPhone; CPU iPhone OS 17_2 like Mac OS X) AppleWebKit/605.1.15 (KHTML, like Gecko) Version/17.2 Mobile/15E148 Safari/604.1"
203.186.83.95 - - [23/Jun/2024:08:27:23 +0000] "GET /api/orders/41964/status HTTP/1.1" 200 23501 "-" "Mozilla/5.0 (Windows NT 10.0; Win64; x64) AppleWebKit/537.36 (KHTML, like Gecko) Chrome/120.0.0.0 Safari/537.36"
203.138.112.176 - - [28/Dec/2024:07:50:34 +0000] "GET /api/users/12665/orders HTTP/1.1" 200 46522 "https://www.google.com/" "Mozilla/5.0 (iPhone; CPU iPhone OS 17_2 like Mac OS X) AppleWebKit/605.1.15 (KHTML, like Gecko) Version/17.2 Mobile/15E148 Safari/604.1"
66.142.3.195 - - [26/Oct/2024:07:46:22 +0000] "POST /settings HTTP/1.1" 404 36411 "-" "python-requests/2.31.0"
10.56.78.161 - - [09/Oct/2024:01:29:39 +0000] "GET /static/js/vendor.js HTTP/1.1" 304 28685 "-" "Mozilla/5.0 (Windows NT 10.0; Win64; x64) AppleWebKit/537.36 (KHTML, like Gecko) Chrome/120.0.0.0 Safari/537.36"
192.125.114.36 - - [18/Aug/2024:17:41:03 +0000] "GET /static/js/app.js HTTP/1.1" 301 9791 "https://www.google.com/" "Mozilla/5.0 (Windows NT 10.0; Win64; x64) AppleWebKit/537.36 (KHTML, like Gecko) Chrome/120.0.0.0 Safari/537.36"
172.119.13.144 - - [24/May/2024:18:16:57 +0000] "PUT /index.html HTTP/1.1" 301 39273 "https://github.com/" "Mozilla/5.0 (iPhone; CPU iPhone OS 17_2 like Mac OS X) AppleWebKit/605.1.15 (KHTML, like Gecko) Version/17.2 Mobile/15E148 Safari/604.1"
172.110.172.27 - - [13/Apr/2024:21:28:19 +0000] "GET /settings HTTP/1.1" 404 20066 "-" "Mozilla/5.0 (X11; Linux x86_64) AppleWebKit/537.36 (KHTML, like Gecko) Firefox/122.0"
10.152.101.40 - - [26/Sep/2024:13:09:49 +0000] "GET /profile HTTP/1.1" 304 20708 "-" "python-requests/2.31.0"
192.157.122.15 - - [02/Dec/2024:11:37:07 +0000] "HEAD /sitemap.xml HTTP/1.1" 304 4269 "https://github.com/" "curl/7.88.1"
192.135.22.187 - - [24/Apr/2024:07:38:49 +0000] "DELETE /api/register HTTP/1.1" 200 2032 "https://example.com/dashboard" "PostmanRuntime/7.36.0"
172.216.174.72 - - [11/Feb/2024:03:25:36 +0000] "POST /profile HTTP/1.1" 200 26810 "https://example.com/dashboard" "Mozilla/5.0 (iPhone; CPU iPhone OS 17_2 like Mac OS X) AppleWebKit/605.1.15 (KHTML, like Gecko) Version/17.2 Mobile/15E148 Safari/604.1"
172.110.172.27 - - [28/Jun/2024:05:06:19 +0000] "GET /api/register HTTP/1.1" 301 28304 "https://example.com/dashboard" "Mozilla/5.0 (X11; Linux x86_64) AppleWebKit/537.36 (KHTML, like Gecko) Firefox/122.0"
172.214.112.115 - - [06/May/2024:12:12:14 +0000] "GET /docs HTTP/1.1" 304 5445 "https://example.com/dashboard" "Mozilla/5.0 (X11; Linux x86_64) AppleWebKit/537.36 (KHTML, like Gecko) Firefox/122.0"
66.142.3.195 - - [17/May/2024:00:56:38 +0000] "GET /static/img/hero.webp HTTP/1.1" 200 44842 "-" "Mozilla/5.0 (X11; Linux x86_64) AppleWebKit/537.36 (KHTML, like Gecko) Firefox/122.0"
192.135.22.187 - - [01/Sep/2024:00:00:20 +0000] "GET /api/cart HTTP/1.1" 200 37329 "https://www.google.com/" "curl/7.88.1"
172.119.13.144 - - [06/Apr/2024:20:39:31 +0000] "GET /static/img/banner.jpg HTTP/1.1" 200 22726 "-" "Mozilla/5.0 (Windows NT 10.0; Win64; x64) AppleWebKit/537.36 (KHTML, like Gecko) Chrome/120.0.0.0 Safari/537.36"
192.250.9.29 - - [12/Oct/2024:05:57:28 +0000] "POST /api/register HTTP/1.1" 200 9855 "https://example.com/dashboard" "python-requests/2.31.0"
192.125.114.36 - - [20/Jan/2024:17:56:50 +0000] "GET /api/cart HTTP/1.1" 200 7163 "-" "Mozilla/5.0 (X11; Linux x86_64) AppleWebKit/537.36 (KHTML, like Gecko) Firefox/122.0"
192.82.0.154 - - [17/Mar/2024:03:31:12 +0000] "POST /api/login HTTP/1.1" 304 22211 "https://github.com/" "Mozilla/5.0 (iPhone; CPU iPhone OS 17_2 like Mac OS X) AppleWebKit/605.1.15 (KHTML, like Gecko) Version/17.2 Mobile/15E148 Safari/604.1"
172.70.252.24 - - [04/Nov/2024:17:04:21 +0000] "GET /api/search HTTP/1.1" 200 15792 "https://example.com/dashboard" "python-requests/2.31.0"
66.150.185.148 - - [26/Jul/2024:01:22:03 +0000] "GET /dashboard HTTP/1.1" 301 49554 "-" "python-requests/2.31.0"
66.136.174.29 - - [03/Nov/2024:20:20:58 +0000] "GET /static/fonts/inter.woff2 HTTP/1.1" 304 46119 "https://github.com/" "curl/7.88.1"
192.222.80.117 - - [21/Apr/2024:09:20:08 +0000] "GET /api/refresh HTTP/1.1" 200 41147 "https://github.com/" "Mozilla/5.0 (iPhone; CPU iPhone OS 17_2 like Mac OS X) AppleWebKit/605.1.15 (KHTML, like Gecko) Version/17.2 Mobile/15E148 Safari/604.1"
66.219.204.93 - - [13/Feb/2024:15:01:31 +0000] "GET /api/cart/add HTTP/1.1" 200 31826 "https://github.com/" "curl/7.88.1"
198.125.83.119 - - [16/May/2024:21:44:03 +0000] "GET /favicon.ico HTTP/1.1" 200 5944 "-" "Mozilla/5.0 (X11; Linux x86_64) AppleWebKit/537.36 (KHTML, like Gecko) Firefox/122.0"
203.138.112.176 - - [24/Jan/2024:17:01:03 +0000] "GET /api/health HTTP/1.1" 200 23153 "-" "curl/7.88.1"
66.219.204.93 - - [24/Sep/2024:16:54:11 +0000] "GET /api/search HTTP/1.1" 404 45921 "-" "Mozilla/5.0 (Windows NT 10.0; Win64; x64) AppleWebKit/537.36 (KHTML, like Gecko) Chrome/120.0.0.0 Safari/537.36"
66.142.3.195 - - [15/Mar/2024:07:45:20 +0000] "GET /admin HTTP/1.1" 200 32558 "-" "Mozilla/5.0 (Macintosh; Intel Mac OS X 10_15_7) AppleWebKit/537.36 (KHTML, like Gecko) Chrome/121.0.0.0 Safari/537.36"
198.52.44.152 - - [13/Apr/2024:22:07:59 +0000] "GET / HTTP/1.1" 200 43327 "https://www.google.com/" "python-requests/2.31.0"
203.63.193.21 - - [13/Apr/2024:11:58:53 +0000] "GET /favicon.ico HTTP/1.1" 200 9384 "-" "curl/7.88.1"
192.157.122.15 - - [22/May/2024:13:43:36 +0000] "POST /blog HTTP/1.1" 200 13526 "https://example.com/" "PostmanRuntime/7.36.0"
172.126.134.192 - - [23/Jan/2024:13:52:26 +0000] "GET /api/products/24838 HTTP/1.1" 403 32095 "-" "Mozilla/5.0 (X11; Linux x86_64) AppleWebKit/537.36 (KHTML, like Gecko) Firefox/122.0"
198.234.73.68 - - [02/Dec/2024:14:08:42 +0000] "POST /api/orders/9244 HTTP/1.1" 304 7596 "-" "Mozilla/5.0 (Windows NT 10.0; Win64; x64) AppleWebKit/537.36 (KHTML, like Gecko) Chrome/120.0.0.0 Safari/537.36"
203.239.128.249 - - [03/Mar/2024:17:20:10 +0000] "PUT /api/products HTTP/1.1" 404 46959 "https://github.com/" "PostmanRuntime/7.36.0"
198.36.87.137 - - [18/May/2024:09:54:36 +0000] "GET /api/users/99745 HTTP/1.1" 200 25980 "-" "python-requests/2.31.0"
172.214.112.115 - - [18/Aug/2024:06:08:33 +0000] "GET /static/js/app.js HTTP/1.1" 200 7265 "-" "Mozilla/5.0 (Windows NT 10.0; Win64; x64) AppleWebKit/537.36 (KHTML, like Gecko) Chrome/120.0.0.0 Safari/537.36"
198.52.44.152 - - [27/Jul/2024:05:05:48 +0000] "POST /sitemap.xml HTTP/1.1" 200 28670 "https://www.google.com/" "curl/7.88.1"
172.70.252.24 - - [24/Mar/2024:14:38:49 +0000] "GET /dashboard HTTP/1.1" 200 12484 "-" "python-requests/2.31.0"
203.138.112.176 - - [02/Oct/2024:00:09:21 +0000] "GET /api/register HTTP/1.1" 200 30379 "-" "Mozilla/5.0 (Macintosh; Intel Mac OS X 10_15_7) AppleWebKit/537.36 (KHTML, like Gecko) Chrome/121.0.0.0 Safari/537.36"
198.234.73.68 - - [13/Mar/2024:09:32:04 +0000] "GET /api/register HTTP/1.1" 304 12836 "https://example.com/dashboard" "Mozilla/5.0 (X11; Linux x86_64) AppleWebKit/537.36 (KHTML, like Gecko) Firefox/122.0"
192.125.114.36 - - [28/Aug/2024:02:53:15 +0000] "POST /static/img/logo.png HTTP/1.1" 200 36593 "-" "Mozilla/5.0 (Macintosh; Intel Mac OS X 10_15_7) AppleWebKit/537.36 (KHTML, like Gecko) Chrome/121.0.0.0 Safari/537.36"
10.134.91.130 - - [11/Jan/2024:03:43:04 +0000] "GET /static/img/logo.png HTTP/1.1" 200 1244 "-" "curl/7.88.1"
203.138.112.176 - - [12/Jan/2024:04:57:06 +0000] "POST /api/orders/774 HTTP/1.1" 200 324 "-" "curl/7.88.1"
198.255.202.227 - - [25/Oct/2024:03:54:14 +0000] "DELETE /blog HTTP/1.1" 200 37038 "-" "curl/7.88.1"
192.125.114.36 - - [21/Aug/2024:18:41:24 +0000] "GET /profile HTTP/1.1" 304 25447 "-" "Mozilla/5.0 (iPhone; CPU iPhone OS 17_2 like Mac OS X) AppleWebKit/605.1.15 (KHTML, like Gecko) Version/17.2 Mobile/15E148 Safari/604.1"
203.239.128.249 - - [20/May/2024:11:40:29 +0000] "GET /api/login HTTP/1.1" 200 35257 "-" "Mozilla/5.0 (X11; Linux x86_64) AppleWebKit/537.36 (KHTML, like Gecko) Firefox/122.0"
10.194.49.92 - - [10/Nov/2024:23:11:24 +0000] "GET /api/logout HTTP/1.1" 200 48597 "https://github.com/" "Mozilla/5.0 (Windows NT 10.0; Win64; x64) AppleWebKit/537.36 (KHTML, like Gecko) Chrome/120.0.0.0 Safari/537.36"
198.125.83.119 - - [05/Jan/2024:14:26:45 +0000] "GET /api/orders/52722 HTTP/1.1" 200 41158 "-" "Mozilla/5.0 (X11; Linux x86_64) AppleWebKit/537.36 (KHTML, like Gecko) Firefox/122.0"
198.234.73.68 - - [14/Jul/2024:14:46:28 +0000] "GET /api/health HTTP/1.1" 200 23926 "https://www.google.com/" "Mozilla/5.0 (X11; Linux x86_64) AppleWebKit/537.36 (KHTML, like Gecko) Firefox/122.0"
198.234.73.68 - - [05/Dec/2024:16:13:15 +0000] "GET /admin HTTP/1.1" 200 37349 "https://www.google.com/" "Mozilla/5.0 (Macintosh; Intel Mac OS X 10_15_7) AppleWebKit/537.36 (KHTML, like Gecko) Chrome/121.0.0.0 Safari/537.36"
10.56.78.161 - - [18/Jul/2024:11:41:19 +0000] "GET /api/metrics HTTP/1.1" 200 30917 "https://example.com/dashboard" "Mozilla/5.0 (Windows NT 10.0; Win64; x64) AppleWebKit/537.36 (KHTML, like Gecko) Chrome/120.0.0.0 Safari/537.36"
198.125.83.119 - - [27/Oct/2024:13:03:12 +0000] "GET /api/cart/remove HTTP/1.1" 200 10370 "https://github.com/" "PostmanRuntime/7.36.0"
66.136.174.29 - - [14/Mar/2024:14:01:44 +0000] "GET /api/health HTTP/1.1" 304 43812 "https://example.com/" "Mozilla/5.0 (Macintosh; Intel Mac OS X 10_15_7) AppleWebKit/537.36 (KHTML, like Gecko) Chrome/121.0.0.0 Safari/537.36"
10.152.101.40 - - [25/Mar/2024:20:25:36 +0000] "GET /api/login HTTP/1.1" 200 20841 "-" "Mozilla/5.0 (iPhone; CPU iPhone OS 17_2 like Mac OS X) AppleWebKit/605.1.15 (KHTML, like Gecko) Version/17.2 Mobile/15E148 Safari/604.1"
172.110.172.27 - - [25/Aug/2024:10:39:59 +0000] "DELETE /pricing HTTP/1.1" 200 48289 "-" "PostmanRuntime/7.36.0"
66.142.3.195 - - [26/Feb/2024:02:01:00 +0000] "GET /api/cart/remove HTTP/1.1" 200 20632 "-" "Mozilla/5.0 (X11; Linux x86_64) AppleWebKit/537.36 (KHTML, like Gecko) Firefox/122.0"
10.194.49.92 - - [07/May/2024:02:23:39 +0000] "GET /about HTTP/1.1" 200 31235 "-" "Mozilla/5.0 (X11; Linux x86_64) AppleWebKit/537.36 (KHTML, like Gecko) Firefox/122.0"
198.36.87.137 - - [10/Feb/2024:17:10:57 +0000] "GET /api/logout HTTP/1.1" 200 7862 "https://github.com/" "curl/7.88.1"
192.135.22.187 - - [18/Sep/2024:20:30:44 +0000] "GET /settings HTTP/1.1" 200 7529 "-" "PostmanRuntime/7.36.0"
172.70.252.24 - - [04/Jan/2024:04:56:24 +0000] "GET /api/health HTTP/1.1" 200 11271 "-" "python-requests/2.31.0"
192.82.0.154 - - [23/Jun/2024:14:37:36 +0000] "GET /static/css/main.css HTTP/1.1" 200 32328 "https://www.google.com/" "PostmanRuntime/7.36.0"
192.28.117.211 - - [03/Jun/2024:02:11:08 +0000] "POST /api/cart HTTP/1.1" 404 25896 "-" "Mozilla/5.0 (Macintosh; Intel Mac OS X 10_15_7) AppleWebKit/537.36 (KHTML, like Gecko) Chrome/121.0.0.0 Safari/537.36"
66.150.185.148 - - [21/Jun/2024:09:45:50 +0000] "GET /api/checkout HTTP/1.1" 304 32523 "https://github.com/" "Mozilla/5.0 (Windows NT 10.0; Win64; x64) AppleWebKit/537.36 (KHTML, like Gecko) Chrome/120.0.0.0 Safari/537.36"
192.135.22.187 - - [12/May/2024:06:32:17 +0000] "GET /index.html HTTP/1.1" 200 20977 "-" "Mozilla/5.0 (Macintosh; Intel Mac OS X 10_15_7) AppleWebKit/537.36 (KHTML, like Gecko) Chrome/121.0.0.0 Safari/537.36"
172.51.194.72 - - [23/May/2024:08:28:27 +0000] "GET /favicon.ico HTTP/1.1" 200 49251 "https://example.com/dashboard" "python-requests/2.31.0"
172.214.112.115 - - [11/Sep/2024:01:08:55 +0000] "POST / HTTP/1.1" 302 37694 "https://example.com/" "Mozilla/5.0 (Windows NT 10.0; Win64; x64) AppleWebKit/537.36 (KHTML, like Gecko) Chrome/120.0.0.0 Safari/537.36"
198.255.202.227 - - [07/Aug/2024:12:24:02 +0000] "POST /profile HTTP/1.1" 200 45769 "https://www.google.com/" "Mozilla/5.0 (iPhone; CPU iPhone OS 17_2 like Mac OS X) AppleWebKit/605.1.15 (KHTML, like Gecko) Version/17.2 Mobile/15E148 Safari/604.1"
10.108.161.55 - - [26/Sep/2024:13:26:45 +0000] "GET /api/users/45383/orders HTTP/1.1" 302 17243 "-" "curl/7.88.1"
203.239.128.249 - - [10/May/2024:02:58:28 +0000] "POST /api/users HTTP/1.1" 404 20980 "-" "python-requests/2.31.0"
192.125.114.36 - - [26/Mar/2024:03:15:04 +0000] "GET /api/search HTTP/1.1" 200 10192 "-" "curl/7.88.1"
172.214.112.115 - - [28/Feb/2024:00:46:00 +0000] "PUT /api/cart/remove HTTP/1.1" 304 4712 "https://example.com/dashboard" "Mozilla/5.0 (Macintosh; Intel Mac OS X 10_15_7) AppleWebKit/537.36 (KHTML, like Gecko) Chrome/121.0.0.0 Safari/537.36"
192.28.117.211 - - [26/Nov/2024:03:39:07 +0000] "GET /admin HTTP/1.1" 200 13175 "-" "PostmanRuntime/7.36.0"
203.63.193.21 - - [03/Dec/2024:02:00:27 +0000] "POST /api/orders/27554 HTTP/1.1" 200 47087 "https://github.com/" "Mozilla/5.0 (Windows NT 10.0; Win64; x64) AppleWebKit/537.36 (KHTML, like Gecko) Chrome/120.0.0.0 Safari/537.36"
203.138.112.176 - - [21/Sep/2024:06:30:52 +0000] "GET /admin HTTP/1.1" 200 39779 "-" "PostmanRuntime/7.36.0"
172.216.32.99 - - [10/Dec/2024:21:37:55 +0000] "GET /static/css/main.css HTTP/1.1" 200 33365 "-" "Mozilla/5.0 (Windows NT 10.0; Win64; x64) AppleWebKit/537.36 (KHTML, like Gecko) Chrome/120.0.0.0 Safari/537.36"
203.63.193.21 - - [07/May/2024:04:56:34 +0000] "GET /api/refresh HTTP/1.1" 301 8227 "-" "PostmanRuntime/7.36.0"
66.150.185.148 - - [06/Jun/2024:07:10:25 +0000] "POST /about HTTP/1.1" 200 39523 "https://example.com/" "Mozilla/5.0 (iPhone; CPU iPhone OS 17_2 like Mac OS X) AppleWebKit/605.1.15 (KHTML, like Gecko) Version/17.2 Mobile/15E148 Safari/604.1"
172.35.23.170 - - [14/May/2024:11:47:15 +0000] "GET / HTTP/1.1" 404 44895 "https://example.com/" "Mozilla/5.0 (X11; Linux x86_64) AppleWebKit/537.36 (KHTML, like Gecko) Firefox/122.0"
192.135.22.187 - - [03/Jan/2024:02:31:22 +0000] "PUT /robots.txt HTTP/1.1" 304 49622 "https://github.com/" "python-requests/2.31.0"
172.214.112.115 - - [22/Dec/2024:14:00:47 +0000] "POST /api/users HTTP/1.1" 200 38644 "https://www.google.com/" "python-requests/2.31.0"
192.250.9.29 - - [22/Feb/2024:18:16:46 +0000] "GET /static/css/main.css HTTP/1.1" 200 48740 "https://example.com/dashboard" "python-requests/2.31.0"
10.108.161.55 - - [16/May/2024:15:20:34 +0000] "PUT /api/refresh HTTP/1.1" 200 38584 "-" "Mozilla/5.0 (Macintosh; Intel Mac OS X 10_15_7) AppleWebKit/537.36 (KHTML, like Gecko) Chrome/121.0.0.0 Safari/537.36"
10.161.205.69 - - [14/Aug/2024:14:20:59 +0000] "GET /static/css/theme.css HTTP/1.1" 200 29733 "-" "Mozilla/5.0 (Macintosh; Intel Mac OS X 10_15_7) AppleWebKit/537.36 (KHTML, like Gecko) Chrome/121.0.0.0 Safari/537.36"
198.255.202.227 - - [14/Jan/2024:04:50:20 +0000] "GET /blog HTTP/1.1" 200 26276 "-" "Mozilla/5.0 (X11; Linux x86_64) AppleWebKit/537.36 (KHTML, like Gecko) Firefox/122.0"
66.219.204.93 - - [26/Nov/2024:05:09:37 +0000] "GET /api/orders HTTP/1.1" 200 1174 "https://example.com/dashboard" "Mozilla/5.0 (iPhone; CPU iPhone OS 17_2 like Mac OS X) AppleWebKit/605.1.15 (KHTML, like Gecko) Version/17.2 Mobile/15E148 Safari/604.1"
10.194.49.92 - - [09/Jun/2024:06:01:31 +0000] "GET /api/logout HTTP/1.1" 200 36100 "-" "Mozilla/5.0 (X11; Linux x86_64) AppleWebKit/537.36 (KHTML, like Gecko) Firefox/122.0"
66.150.185.148 - - [16/Oct/2024:23:31:27 +0000] "GET /api/logout HTTP/1.1" 200 43733 "https://www.google.com/" "Mozilla/5.0 (Windows NT 10.0; Win64; x64) AppleWebKit/537.36 (KHTML, like Gecko) Chrome/120.0.0.0 Safari/537.36"
66.142.3.195 - - [03/Jun/2024:22:30:38 +0000] "GET /api/login HTTP/1.1" 200 34097 "-" "Mozilla/5.0 (iPhone; CPU iPhone OS 17_2 like Mac OS X) AppleWebKit/605.1.15 (KHTML, like Gecko) Version/17.2 Mobile/15E148 Safari/604.1"
172.126.134.192 - - [16/Jan/2024:09:40:10 +0000] "GET /blog HTTP/1.1" 200 44930 "https://github.com/" "curl/7.88.1"
192.157.122.15 - - [04/Oct/2024:04:33:18 +0000] "GET /api/search HTTP/1.1" 301 8497 "https://example.com/dashboard" "Mozilla/5.0 (X11; Linux x86_64) AppleWebKit/537.36 (KHTML, like Gecko) Firefox/122.0"
172.119.13.144 - - [01/Aug/2024:11:26:15 +0000] "GET /api/cart/add HTTP/1.1" 301 15398 "https://www.google.com/" "python-requests/2.31.0"
172.216.32.99 - - [26/May/2024:17:21:36 +0000] "GET /settings HTTP/1.1" 200 8431 "-" "Mozilla/5.0 (X11; Linux x86_64) AppleWebKit/537.36 (KHTML, like Gecko) Firefox/122.0"
192.82.0.154 - - [20/Apr/2024:07:31:36 +0000] "GET /index.html HTTP/1.1" 200 33586 "https://github.com/" "Mozilla/5.0 (Windows NT 10.0; Win64; x64) AppleWebKit/537.36 (KHTML, like Gecko) Chrome/120.0.0.0 Safari/537.36"
10.194.49.92 - - [20/Jun/2024:02:33:31 +0000] "GET /contact HTTP/1.1" 302 17533 "https://example.com/dashboard" "Mozilla/5.0 (Windows NT 10.0; Win64; x64) AppleWebKit/537.36 (KHTML, like Gecko) Chrome/120.0.0.0 Safari/537.36"
198.255.202.227 - - [25/Apr/2024:08:45:09 +0000] "GET /robots.txt HTTP/1.1" 200 16260 "-" "Mozilla/5.0 (Macintosh; Intel Mac OS X 10_15_7) AppleWebKit/537.36 (KHTML, like Gecko) Chrome/121.0.0.0 Safari/537.36"
203.138.112.176 - - [12/Oct/2024:15:35:09 +0000] "GET /api/cart/add HTTP/1.1" 200 20689 "-" "curl/7.88.1"
66.150.185.148 - - [20/Oct/2024:03:18:46 +0000] "GET /api/refresh HTTP/1.1" 200 33138 "-" "Mozilla/5.0 (X11; Linux x86_64) AppleWebKit/537.36 (KHTML, like Gecko) Firefox/122.0"
198.255.202.227 - - [14/Dec/2024:00:19:16 +0000] "GET /api/login HTTP/1.1" 200 1756 "https://github.com/" "Mozilla/5.0 (Windows NT 10.0; Win64; x64) AppleWebKit/537.36 (KHTML, like Gecko) Chrome/120.0.0.0 Safari/537.36"
172.214.112.115 - - [12/Aug/2024:04:28:40 +0000] "GET /static/img/hero.webp HTTP/1.1" 200 39018 "https://www.google.com/" "Mozilla/5.0 (iPhone; CPU iPhone OS 17_2 like Mac OS X) AppleWebKit/605.1.15 (KHTML, like Gecko) Version/17.2 Mobile/15E148 Safari/604.1"
66.142.3.195 - - [09/Aug/2024:08:12:45 +0000] "POST /static/css/theme.css HTTP/1.1" 200 10775 "-" "curl/7.88.1"
203.138.112.176 - - [01/Feb/2024:01:55:20 +0000] "GET /static/js/app.js HTTP/1.1" 200 9389 "https://github.com/" "Mozilla/5.0 (X11; Linux x86_64) AppleWebKit/537.36 (KHTML, like Gecko) Firefox/122.0"
10.134.91.130 - - [01/Nov/2024:13:41:20 +0000] "GET /api/register HTTP/1.1" 200 40278 "-" "python-requests/2.31.0"
198.36.87.137 - - [11/Oct/2024:18:02:56 +0000] "GET /robots.txt HTTP/1.1" 302 47107 "-" "PostmanRuntime/7.36.0"
203.239.128.249 - - [03/Feb/2024:04:09:06 +0000] "GET /api/logout HTTP/1.1" 301 15501 "https://www.google.com/" "Mozilla/5.0 (Windows NT 10.0; Win64; x64) AppleWebKit/537.36 (KHTML, like Gecko) Chrome/120.0.0.0 Safari/537.36"
10.161.205.69 - - [11/Feb/2024:13:21:48 +0000] "GET /static/js/vendor.js HTTP/1.1" 200 35824 "https://github.com/" "Mozilla/5.0 (Windows NT 10.0; Win64; x64) AppleWebKit/537.36 (KHTML, like Gecko) Chrome/120.0.0.0 Safari/537.36"
198.234.73.68 - - [23/Mar/2024:17:52:05 +0000] "GET /static/css/main.css HTTP/1.1" 200 7652 "https://example.com/" "python-requests/2.31.0"
172.148.40.219 - - [08/Jan/2024:20:43:35 +0000] "GET /robots.txt HTTP/1.1" 404 45797 "https://example.com/dashboard" "Mozilla/5.0 (Macintosh; Intel Mac OS X 10_15_7) AppleWebKit/537.36 (KHTML, like Gecko) Chrome/121.0.0.0 Safari/537.36"
198.52.44.152 - - [02/Apr/2024:07:09:55 +0000] "GET /static/js/analytics.js HTTP/1.1" 200 21264 "https://github.com/" "Mozilla/5.0 (iPhone; CPU iPhone OS 17_2 like Mac OS X) AppleWebKit/605.1.15 (KHTML, like Gecko) Version/17.2 Mobile/15E148 Safari/604.1"
192.125.114.36 - - [17/May/2024:15:01:42 +0000] "POST /settings HTTP/1.1" 200 36146 "-" "Mozilla/5.0 (Windows NT 10.0; Win64; x64) AppleWebKit/537.36 (KHTML, like Gecko) Chrome/120.0.0.0 Safari/537.36"
66.150.185.148 - - [19/Jan/2024:06:14:37 +0000] "GET / HTTP/1.1" 200 46094 "https://www.google.com/" "Mozilla/5.0 (Windows NT 10.0; Win64; x64) AppleWebKit/537.36 (KHTML, like Gecko) Chrome/120.0.0.0 Safari/537.36"
66.5.58.175 - - [27/Mar/2024:12:13:09 +0000] "GET / HTTP/1.1" 304 48875 "https://example.com/" "curl/7.88.1"
192.107.136.180 - - [18/Jun/2024:16:24:10 +0000] "GET /contact HTTP/1.1" 200 22020 "https://www.google.com/" "Mozilla/5.0 (Macintosh; Intel Mac OS X 10_15_7) AppleWebKit/537.36 (KHTML, like Gecko) Chrome/121.0.0.0 Safari/537.36"
203.186.83.95 - - [13/Feb/2024:20:18:28 +0000] "GET /static/css/main.css HTTP/1.1" 304 42790 "https://github.com/" "PostmanRuntime/7.36.0"
172.35.23.170 - - [06/Feb/2024:01:24:51 +0000] "GET /api/orders HTTP/1.1" 200 49891 "https://example.com/" "curl/7.88.1"
172.35.23.170 - - [19/May/2024:11:29:03 +0000] "POST /blog HTTP/1.1" 200 37248 "https://example.com/" "python-requests/2.31.0"
172.35.23.170 - - [17/Jan/2024:09:00:13 +0000] "GET /api/cart/remove HTTP/1.1" 200 32841 "https://github.com/" "PostmanRuntime/7.36.0"
203.138.112.176 - - [15/Jul/2024:19:48:10 +0000] "GET /static/js/app.js HTTP/1.1" 200 39207 "-" "Mozilla/5.0 (X11; Linux x86_64) AppleWebKit/537.36 (KHTML, like Gecko) Firefox/122.0"
172.119.13.144 - - [20/Feb/2024:00:54:01 +0000] "POST /robots.txt HTTP/1.1" 200 18072 "https://example.com/" "Mozilla/5.0 (Windows NT 10.0; Win64; x64) AppleWebKit/537.36 (KHTML, like Gecko) Chrome/120.0.0.0 Safari/537.36"
172.70.252.24 - - [13/Dec/2024:18:10:06 +0000] "GET /api/search HTTP/1.1" 200 42421 "https://github.com/" "Mozilla/5.0 (Macintosh; Intel Mac OS X 10_15_7) AppleWebKit/537.36 (KHTML, like Gecko) Chrome/121.0.0.0 Safari/537.36"
10.108.161.55 - - [03/May/2024:13:41:01 +0000] "GET /favicon.ico HTTP/1.1" 200 19895 "https://example.com/" "Mozilla/5.0 (Macintosh; Intel Mac OS X 10_15_7) AppleWebKit/537.36 (KHTML, like Gecko) Chrome/121.0.0.0 Safari/537.36"
10.56.78.161 - - [26/Apr/2024:03:58:40 +0000] "PUT /profile HTTP/1.1" 200 31328 "-" "Mozilla/5.0 (Macintosh; Intel Mac OS X 10_15_7) AppleWebKit/537.36 (KHTML, like Gecko) Chrome/121.0.0.0 Safari/537.36"
172.216.174.72 - - [03/Dec/2024:07:29:55 +0000] "GET /settings HTTP/1.1" 200 18000 "-" "Mozilla/5.0 (X11; Linux x86_64) AppleWebKit/537.36 (KHTML, like Gecko) Firefox/122.0"
10.152.101.40 - - [16/Feb/2024:23:44:09 +0000] "GET /sitemap.xml HTTP/1.1" 200 44534 "-" "Mozilla/5.0 (iPhone; CPU iPhone OS 17_2 like Mac OS X) AppleWebKit/605.1.15 (KHTML, like Gecko) Version/17.2 Mobile/15E148 Safari/604.1"
198.52.44.152 - - [16/Jul/2024:14:26:11 +0000] "GET /static/fonts/inter.woff2 HTTP/1.1" 200 43131 "https://example.com/" "Mozilla/5.0 (Windows NT 10.0; Win64; x64) AppleWebKit/537.36 (KHTML, like Gecko) Chrome/120.0.0.0 Safari/537.36"
198.36.87.137 - - [24/Aug/2024:06:51:17 +0000] "GET /dashboard HTTP/1.1" 200 12425 "https://example.com/dashboard" "Mozilla/5.0 (Macintosh; Intel Mac OS X 10_15_7) AppleWebKit/537.36 (KHTML, like Gecko) Chrome/121.0.0.0 Safari/537.36"
198.57.12.190 - - [21/Jan/2024:18:53:54 +0000] "GET /static/img/hero.webp HTTP/1.1" 301 32116 "-" "python-requests/2.31.0"
203.16.15.24 - - [10/Jun/2024:02:38:23 +0000] "GET /static/js/app.js HTTP/1.1" 200 10841 "https://www.google.com/" "Mozilla/5.0 (X11; Linux x86_64) AppleWebKit/537.36 (KHTML, like Gecko) Firefox/122.0"
10.134.91.130 - - [18/Mar/2024:10:47:40 +0000] "GET /api/v2/users HTTP/1.1" 200 38124 "https://www.google.com/" "Mozilla/5.0 (iPhone; CPU iPhone OS 17_2 like Mac OS X) AppleWebKit/605.1.15 (KHTML, like Gecko) Version/17.2 Mobile/15E148 Safari/604.1"
10.56.78.161 - - [12/May/2024:04:52:43 +0000] "DELETE /static/js/vendor.js HTTP/1.1" 404 35638 "https://www.google.com/" "Mozilla/5.0 (iPhone; CPU iPhone OS 17_2 like Mac OS X) AppleWebKit/605.1.15 (KHTML, like Gecko) Version/17.2 Mobile/15E148 Safari/604.1"
66.219.204.93 - - [03/Oct/2024:08:56:08 +0000] "GET /api/checkout HTTP/1.1" 404 30676 "-" "Mozilla/5.0 (iPhone; CPU iPhone OS 17_2 like Mac OS X) AppleWebKit/605.1.15 (KHTML, like Gecko) Version/17.2 Mobile/15E148 Safari/604.1"
198.52.44.152 - - [11/Sep/2024:20:09:38 +0000] "GET /static/img/banner.jpg HTTP/1.1" 304 48910 "-" "Mozilla/5.0 (Macintosh; Intel Mac OS X 10_15_7) AppleWebKit/537.36 (KHTML, like Gecko) Chrome/121.0.0.0 Safari/537.36"
172.35.23.170 - - [27/Dec/2024:12:05:52 +0000] "GET /api/users/65718/profile HTTP/1.1" 200 2851 "-" "curl/7.88.1"
10.152.101.40 - - [01/May/2024:17:42:10 +0000] "PUT /api/orders/89655 HTTP/1.1" 301 22047 "-" "Mozilla/5.0 (iPhone; CPU iPhone OS 17_2 like Mac OS X) AppleWebKit/605.1.15 (KHTML, like Gecko) Version/17.2 Mobile/15E148 Safari/604.1"
203.138.112.176 - - [24/Jun/2024:17:59:25 +0000] "GET /dashboard HTTP/1.1" 200 14457 "https://www.google.com/" "curl/7.88.1"
172.126.134.192 - - [23/Feb/2024:07:40:41 +0000] "GET /api/login HTTP/1.1" 301 49469 "-" "Mozilla/5.0 (Macintosh; Intel Mac OS X 10_15_7) AppleWebKit/537.36 (KHTML, like Gecko) Chrome/121.0.0.0 Safari/537.36"
66.5.58.175 - - [26/Feb/2024:15:09:58 +0000] "GET /settings HTTP/1.1" 200 15948 "https://github.com/" "python-requests/2.31.0"
198.125.83.119 - - [27/Apr/2024:17:40:06 +0000] "GET /index.html HTTP/1.1" 200 2138 "-" "Mozilla/5.0 (X11; Linux x86_64) AppleWebKit/537.36 (KHTML, like Gecko) Firefox/122.0"
172.35.23.170 - - [06/Nov/2024:02:04:16 +0000] "GET /api/users/55302/profile HTTP/1.1" 200 43457 "-" "Mozilla/5.0 (iPhone; CPU iPhone OS 17_2 like Mac OS X) AppleWebKit/605.1.15 (KHTML, like Gecko) Version/17.2 Mobile/15E148 Safari/604.1"
192.250.9.29 - - [10/Jun/2024:12:23:13 +0000] "GET /api/v2/orders HTTP/1.1" 304 38745 "-" "Mozilla/5.0 (iPhone; CPU iPhone OS 17_2 like Mac OS X) AppleWebKit/605.1.15 (KHTML, like Gecko) Version/17.2 Mobile/15E148 Safari/604.1"
203.239.128.249 - - [02/Aug/2024:10:22:01 +0000] "GET /settings HTTP/1.1" 200 25249 "-" "python-requests/2.31.0"
66.219.204.93 - - [23/Oct/2024:19:56:22 +0000] "POST /static/js/vendor.js HTTP/1.1" 200 25001 "https://example.com/dashboard" "Mozilla/5.0 (Windows NT 10.0; Win64; x64) AppleWebKit/537.36 (KHTML, like Gecko) Chrome/120.0.0.0 Safari/537.36"
172.214.112.115 - - [16/May/2024:17:05:05 +0000] "GET /admin HTTP/1.1" 304 6260 "https://github.com/" "Mozilla/5.0 (iPhone; CPU iPhone OS 17_2 like Mac OS X) AppleWebKit/605.1.15 (KHTML, like Gecko) Version/17.2 Mobile/15E148 Safari/604.1"
192.28.117.211 - - [08/Oct/2024:15:02:20 +0000] "GET /static/img/hero.webp HTTP/1.1" 403 46239 "https://example.com/dashboard" "python-requests/2.31.0"
172.35.23.170 - - [20/Jul/2024:03:00:43 +0000] "GET /about HTTP/1.1" 404 1950 "https://example.com/dashboard" "curl/7.88.1"
172.119.13.144 - - [17/Mar/2024:14:17:44 +0000] "GET /api/health HTTP/1.1" 200 42941 "-" "PostmanRuntime/7.36.0"
203.186.83.95 - - [19/Feb/2024:22:33:31 +0000] "GET /static/css/main.css HTTP/1.1" 200 10765 "https://example.com/" "Mozilla/5.0 (Windows NT 10.0; Win64; x64) AppleWebKit/537.36 (KHTML, like Gecko) Chrome/120.0.0.0 Safari/537.36"
192.250.9.29 - - [11/Jul/2024:03:43:09 +0000] "GET /api/refresh HTTP/1.1" 200 31966 "-" "Mozilla/5.0 (Macintosh; Intel Mac OS X 10_15_7) AppleWebKit/537.36 (KHTML, like Gecko) Chrome/121.0.0.0 Safari/537.36"
198.255.202.227 - - [25/Dec/2024:20:57:11 +0000] "HEAD /api/health HTTP/1.1" 200 19910 "-" "Mozilla/5.0 (Macintosh; Intel Mac OS X 10_15_7) AppleWebKit/537.36 (KHTML, like Gecko) Chrome/121.0.0.0 Safari/537.36"
192.28.117.211 - - [28/Nov/2024:18:54:31 +0000] "GET /admin HTTP/1.1" 200 46026 "-" "Mozilla/5.0 (Windows NT 10.0; Win64; x64) AppleWebKit/537.36 (KHTML, like Gecko) Chrome/120.0.0.0 Safari/537.36"
192.135.22.187 - - [05/Mar/2024:23:38:36 +0000] "GET /static/css/main.css HTTP/1.1" 200 24130 "https://github.com/" "python-requests/2.31.0"
192.125.114.36 - - [23/Sep/2024:22:23:40 +0000] "GET /api/users/54870 HTTP/1.1" 200 2297 "https://github.com/" "Mozilla/5.0 (X11; Linux x86_64) AppleWebKit/537.36 (KHTML, like Gecko) Firefox/122.0"
10.134.91.130 - - [23/Jul/2024:02:04:05 +0000] "GET /dashboard HTTP/1.1" 200 31205 "-" "Mozilla/5.0 (iPhone; CPU iPhone OS 17_2 like Mac OS X) AppleWebKit/605.1.15 (KHTML, like Gecko) Version/17.2 Mobile/15E148 Safari/604.1"
172.110.172.27 - - [04/Jan/2024:05:05:36 +0000] "GET /dashboard HTTP/1.1" 200 29335 "https://www.google.com/" "PostmanRuntime/7.36.0"
10.134.91.130 - - [09/Aug/2024:02:50:42 +0000] "GET /about HTTP/1.1" 200 7692 "-" "curl/7.88.1"
172.148.40.219 - - [07/Mar/2024:09:08:47 +0000] "POST /api/metrics HTTP/1.1" 200 24470 "-" "Mozilla/5.0 (Windows NT 10.0; Win64; x64) AppleWebKit/537.36 (KHTML, like Gecko) Chrome/120.0.0.0 Safari/537.36"
172.216.174.72 - - [17/Nov/2024:08:37:33 +0000] "GET /api/cart HTTP/1.1" 200 21040 "https://example.com/dashboard" "Mozilla/5.0 (Macintosh; Intel Mac OS X 10_15_7) AppleWebKit/537.36 (KHTML, like Gecko) Chrome/121.0.0.0 Safari/537.36"
172.35.23.170 - - [07/Nov/2024:15:30:30 +0000] "GET /api/users/22600 HTTP/1.1" 200 36343 "-" "PostmanRuntime/7.36.0"
10.194.49.92 - - [22/Mar/2024:16:09:55 +0000] "DELETE /sitemap.xml HTTP/1.1" 200 33745 "-" "Mozilla/5.0 (Windows NT 10.0; Win64; x64) AppleWebKit/537.36 (KHTML, like Gecko) Chrome/120.0.0.0 Safari/537.36"
172.51.194.72 - - [21/Jul/2024:20:23:14 +0000] "GET /api/v2/users HTTP/1.1" 200 49407 "-" "Mozilla/5.0 (iPhone; CPU iPhone OS 17_2 like Mac OS X) AppleWebKit/605.1.15 (KHTML, like Gecko) Version/17.2 Mobile/15E148 Safari/604.1"
203.138.112.176 - - [25/Jul/2024:00:12:42 +0000] "POST /api/search HTTP/1.1" 200 29579 "-" "curl/7.88.1"
172.110.172.27 - - [16/Oct/2024:16:56:26 +0000] "POST /blog HTTP/1.1" 200 15916 "https://example.com/" "curl/7.88.1"
203.239.128.249 - - [25/Feb/2024:13:38:01 +0000] "GET /sitemap.xml HTTP/1.1" 200 5660 "-" "PostmanRuntime/7.36.0"
198.52.44.152 - - [12/May/2024:12:17:29 +0000] "POST /api/cart/remove HTTP/1.1" 200 35180 "https://www.google.com/" "curl/7.88.1"
198.125.83.119 - - [28/Aug/2024:16:31:24 +0000] "DELETE /settings HTTP/1.1" 304 45663 "-" "curl/7.88.1"
172.216.32.99 - - [11/Feb/2024:22:31:21 +0000] "GET /static/img/logo.png HTTP/1.1" 304 41477 "https://example.com/" "Mozilla/5.0 (Windows NT 10.0; Win64; x64) AppleWebKit/537.36 (KHTML, like Gecko) Chrome/120.0.0.0 Safari/537.36"
192.107.136.180 - - [09/May/2024:19:32:14 +0000] "GET /api/cart/add HTTP/1.1" 200 37194 "https://www.google.com/" "Mozilla/5.0 (Macintosh; Intel Mac OS X 10_15_7) AppleWebKit/537.36 (KHTML, like Gecko) Chrome/121.0.0.0 Safari/537.36"
198.125.83.119 - - [07/Jun/2024:16:43:26 +0000] "GET /api/products HTTP/1.1" 304 27877 "-" "PostmanRuntime/7.36.0"
192.157.122.15 - - [26/Mar/2024:22:18:12 +0000] "POST /profile HTTP/1.1" 200 46802 "https://www.google.com/" "curl/7.88.1"
172.35.23.170 - - [26/Aug/2024:18:33:11 +0000] "GET /api/products/search HTTP/1.1" 304 16289 "https://www.google.com/" "Mozilla/5.0 (Macintosh; Intel Mac OS X 10_15_7) AppleWebKit/537.36 (KHTML, like Gecko) Chrome/121.0.0.0 Safari/537.36"
203.63.193.21 - - [21/Aug/2024:11:15:25 +0000] "GET /admin HTTP/1.1" 200 37336 "https://www.google.com/" "Mozilla/5.0 (iPhone; CPU iPhone OS 17_2 like Mac OS X) AppleWebKit/605.1.15 (KHTML, like Gecko) Version/17.2 Mobile/15E148 Safari/604.1"
10.194.49.92 - - [09/Oct/2024:02:16:07 +0000] "GET /static/img/hero.webp HTTP/1.1" 200 314 "-" "Mozilla/5.0 (Windows NT 10.0; Win64; x64) AppleWebKit/537.36 (KHTML, like Gecko) Chrome/120.0.0.0 Safari/537.36"
203.186.83.95 - - [16/Aug/2024:17:37:52 +0000] "GET /static/js/analytics.js HTTP/1.1" 304 27657 "https://example.com/" "Mozilla/5.0 (Macintosh; Intel Mac OS X 10_15_7) AppleWebKit/537.36 (KHTML, like Gecko) Chrome/121.0.0.0 Safari/537.36"
203.16.15.24 - - [14/Nov/2024:15:38:06 +0000] "GET /api/v2/orders HTTP/1.1" 200 20622 "-" "Mozilla/5.0 (Windows NT 10.0; Win64; x64) AppleWebKit/537.36 (KHTML, like Gecko) Chrome/120.0.0.0 Safari/537.36"
203.63.193.21 - - [04/Jun/2024:01:02:54 +0000] "GET /api/products/14086 HTTP/1.1" 200 35176 "-" "Mozilla/5.0 (X11; Linux x86_64) AppleWebKit/537.36 (KHTML, like Gecko) Firefox/122.0"
66.142.3.195 - - [24/Nov/2024:13:13:02 +0000] "POST /static/fonts/inter.woff2 HTTP/1.1" 200 745 "https://www.google.com/" "Mozilla/5.0 (Windows NT 10.0; Win64; x64) AppleWebKit/537.36 (KHTML, like Gecko) Chrome/120.0.0.0 Safari/537.36"
192.157.122.15 - - [24/May/2024:09:27:15 +0000] "GET /api/orders/81044 HTTP/1.1" 304 37495 "https://example.com/" "python-requests/2.31.0"
10.134.91.130 - - [12/Apr/2024:04:01:35 +0000] "GET /api/cart/add HTTP/1.1" 500 14509 "https://github.com/" "Mozilla/5.0 (Macintosh; Intel Mac OS X 10_15_7) AppleWebKit/537.36 (KHTML, like Gecko) Chrome/121.0.0.0 Safari/537.36"
172.35.23.170 - - [18/Oct/2024:00:10:05 +0000] "GET /pricing HTTP/1.1" 200 31967 "-" "Mozilla/5.0 (Windows NT 10.0; Win64; x64) AppleWebKit/537.36 (KHTML, like Gecko) Chrome/120.0.0.0 Safari/537.36"
172.51.194.72 - - [28/Jul/2024:07:15:29 +0000] "POST /api/logout HTTP/1.1" 200 14540 "-" "Mozilla/5.0 (X11; Linux x86_64) AppleWebKit/537.36 (KHTML, like Gecko) Firefox/122.0"
198.57.12.190 - - [08/Nov/2024:09:27:37 +0000] "POST /api/health HTTP/1.1" 200 14084 "-" "Mozilla/5.0 (Macintosh; Intel Mac OS X 10_15_7) AppleWebKit/537.36 (KHTML, like Gecko) Chrome/121.0.0.0 Safari/537.36"
172.214.112.115 - - [14/Dec/2024:14:28:09 +0000] "PUT /api/health HTTP/1.1" 304 49297 "-" "Mozilla/5.0 (iPhone; CPU iPhone OS 17_2 like Mac OS X) AppleWebKit/605.1.15 (KHTML, like Gecko) Version/17.2 Mobile/15E148 Safari/604.1"
192.222.80.117 - - [25/May/2024:06:56:43 +0000] "GET /api/v2/orders HTTP/1.1" 200 22532 "-" "Mozilla/5.0 (X11; Linux x86_64) AppleWebKit/537.36 (KHTML, like Gecko) Firefox/122.0"
203.239.128.249 - - [17/Oct/2024:12:53:28 +0000] "POST /api/orders HTTP/1.1" 200 9570 "-" "PostmanRuntime/7.36.0"
192.250.9.29 - - [27/Dec/2024:21:24:10 +0000] "GET /api/orders HTTP/1.1" 200 20692 "https://github.com/" "Mozilla/5.0 (X11; Linux x86_64) AppleWebKit/537.36 (KHTML, like Gecko) Firefox/122.0"
192.107.136.180 - - [08/Dec/2024:09:57:14 +0000] "GET /contact HTTP/1.1" 200 1690 "-" "PostmanRuntime/7.36.0"
172.119.13.144 - - [15/Dec/2024:00:24:36 +0000] "GET /api/search HTTP/1.1" 200 1443 "https://github.com/" "Mozilla/5.0 (iPhone; CPU iPhone OS 17_2 like Mac OS X) AppleWebKit/605.1.15 (KHTML, like Gecko) Version/17.2 Mobile/15E148 Safari/604.1"
172.70.252.24 - - [14/Feb/2024:13:16:22 +0000] "GET /api/products/48051 HTTP/1.1" 200 31460 "-" "Mozilla/5.0 (Macintosh; Intel Mac OS X 10_15_7) AppleWebKit/537.36 (KHTML, like Gecko) Chrome/121.0.0.0 Safari/537.36"
172.148.40.219 - - [28/Oct/2024:20:33:38 +0000] "GET /api/refresh HTTP/1.1" 200 25098 "-" "Mozilla/5.0 (X11; Linux x86_64) AppleWebKit/537.36 (KHTML, like Gecko) Firefox/122.0"
172.148.40.219 - - [03/Dec/2024:05:05:39 +0000] "POST /static/img/hero.webp HTTP/1.1" 200 16509 "https://example.com/" "Mozilla/5.0 (Windows NT 10.0; Win64; x64) AppleWebKit/537.36 (KHTML, like Gecko) Chrome/120.0.0.0 Safari/537.36"
172.70.252.24 - - [05/May/2024:04:54:27 +0000] "GET /api/register HTTP/1.1" 200 26934 "-" "Mozilla/5.0 (X11; Linux x86_64) AppleWebKit/537.36 (KHTML, like Gecko) Firefox/122.0"
66.136.174.29 - - [03/Apr/2024:02:39:03 +0000] "GET /docs HTTP/1.1" 302 11630 "https://example.com/dashboard" "Mozilla/5.0 (X11; Linux x86_64) AppleWebKit/537.36 (KHTML, like Gecko) Firefox/122.0"
66.219.204.93 - - [06/Apr/2024:00:51:12 +0000] "POST /admin HTTP/1.1" 200 4515 "-" "python-requests/2.31.0"
192.107.136.180 - - [27/Mar/2024:17:07:49 +0000] "GET /static/img/hero.webp HTTP/1.1" 500 24278 "-" "PostmanRuntime/7.36.0"
10.194.49.92 - - [18/Mar/2024:07:50:00 +0000] "GET /api/logout HTTP/1.1" 500 17947 "-" "curl/7.88.1"
66.5.58.175 - - [17/Jan/2024:12:08:10 +0000] "GET /static/js/app.js HTTP/1.1" 200 8769 "https://www.google.com/" "Mozilla/5.0 (Macintosh; Intel Mac OS X 10_15_7) AppleWebKit/537.36 (KHTML, like Gecko) Chrome/121.0.0.0 Safari/537.36"
10.152.101.40 - - [26/May/2024:14:15:29 +0000] "GET /admin HTTP/1.1" 200 46855 "-" "Mozilla/5.0 (Macintosh; Intel Mac OS X 10_15_7) AppleWebKit/537.36 (KHTML, like Gecko) Chrome/121.0.0.0 Safari/537.36"
192.250.9.29 - - [25/Jan/2024:02:24:08 +0000] "GET /api/products/search HTTP/1.1" 200 34761 "https://example.com/dashboard" "python-requests/2.31.0"
198.234.73.68 - - [18/Sep/2024:23:25:56 +0000] "GET /static/css/theme.css HTTP/1.1" 404 34156 "https://github.com/" "Mozilla/5.0 (X11; Linux x86_64) AppleWebKit/537.36 (KHTML, like Gecko) Firefox/122.0"
203.186.83.95 - - [17/Jul/2024:05:32:54 +0000] "GET /api/users/4774/orders HTTP/1.1" 200 4911 "https://www.google.com/" "curl/7.88.1"
198.125.83.119 - - [04/Oct/2024:13:24:24 +0000] "GET /api/search HTTP/1.1" 200 20714 "-" "Mozilla/5.0 (iPhone; CPU iPhone OS 17_2 like Mac OS X) AppleWebKit/605.1.15 (KHTML, like Gecko) Version/17.2 Mobile/15E148 Safari/604.1"
192.125.114.36 - - [07/Jul/2024:20:48:09 +0000] "GET /about HTTP/1.1" 500 49201 "https://example.com/" "Mozilla/5.0 (Macintosh; Intel Mac OS X 10_15_7) AppleWebKit/537.36 (KHTML, like Gecko) Chrome/121.0.0.0 Safari/537.36"
198.234.73.68 - - [08/Mar/2024:00:57:14 +0000] "GET /api/products HTTP/1.1" 200 26264 "https://example.com/dashboard" "Mozilla/5.0 (iPhone; CPU iPhone OS 17_2 like Mac OS X) AppleWebKit/605.1.15 (KHTML, like Gecko) Version/17.2 Mobile/15E148 Safari/604.1"
10.108.161.55 - - [07/Aug/2024:04:26:03 +0000] "GET /api/login HTTP/1.1" 304 6737 "https://www.google.com/" "Mozilla/5.0 (X11; Linux x86_64) AppleWebKit/537.36 (KHTML, like Gecko) Firefox/122.0"
203.16.15.24 - - [12/Aug/2024:12:56:41 +0000] "GET /sitemap.xml HTTP/1.1" 304 19364 "https://example.com/dashboard" "Mozilla/5.0 (X11; Linux x86_64) AppleWebKit/537.36 (KHTML, like Gecko) Firefox/122.0"
198.52.44.152 - - [28/Aug/2024:02:22:21 +0000] "GET /api/cart HTTP/1.1" 200 10975 "-" "Mozilla/5.0 (Windows NT 10.0; Win64; x64) AppleWebKit/537.36 (KHTML, like Gecko) Chrome/120.0.0.0 Safari/537.36"
10.194.49.92 - - [24/Dec/2024:17:17:03 +0000] "GET /static/js/analytics.js HTTP/1.1" 200 41431 "https://www.google.com/" "curl/7.88.1"
192.125.114.36 - - [15/Jul/2024:10:51:39 +0000] "GET /api/checkout HTTP/1.1" 304 21500 "https://www.google.com/" "Mozilla/5.0 (X11; Linux x86_64) AppleWebKit/537.36 (KHTML, like Gecko) Firefox/122.0"
203.16.15.24 - - [26/Sep/2024:18:07:56 +0000] "GET /static/js/vendor.js HTTP/1.1" 200 33783 "-" "Mozilla/5.0 (Windows NT 10.0; Win64; x64) AppleWebKit/537.36 (KHTML, like Gecko) Chrome/120.0.0.0 Safari/537.36"
10.194.49.92 - - [27/Jul/2024:10:42:45 +0000] "GET /blog HTTP/1.1" 200 9534 "-" "Mozilla/5.0 (Macintosh; Intel Mac OS X 10_15_7) AppleWebKit/537.36 (KHTML, like Gecko) Chrome/121.0.0.0 Safari/537.36"
172.214.112.115 - - [20/Jul/2024:08:25:14 +0000] "GET /favicon.ico HTTP/1.1" 200 893 "-" "Mozilla/5.0 (Macintosh; Intel Mac OS X 10_15_7) AppleWebKit/537.36 (KHTML, like Gecko) Chrome/121.0.0.0 Safari/537.36"
172.126.134.192 - - [19/Apr/2024:13:51:52 +0000] "GET /api/v2/orders HTTP/1.1" 200 37336 "-" "Mozilla/5.0 (X11; Linux x86_64) AppleWebKit/537.36 (KHTML, like Gecko) Firefox/122.0"
198.57.12.190 - - [03/Mar/2024:01:16:46 +0000] "GET /sitemap.xml HTTP/1.1" 200 30790 "https://example.com/dashboard" "Mozilla/5.0 (Macintosh; Intel Mac OS X 10_15_7) AppleWebKit/537.36 (KHTML, like Gecko) Chrome/121.0.0.0 Safari/537.36"
172.216.174.72 - - [03/Nov/2024:14:51:57 +0000] "GET /pricing HTTP/1.1" 302 24487 "https://example.com/dashboard" "python-requests/2.31.0"
203.186.83.95 - - [19/Sep/2024:17:56:57 +0000] "PUT /api/cart/remove HTTP/1.1" 304 43677 "-" "Mozilla/5.0 (X11; Linux x86_64) AppleWebKit/537.36 (KHTML, like Gecko) Firefox/122.0"
192.82.0.154 - - [17/Nov/2024:08:51:38 +0000] "HEAD /api/orders/29649/status HTTP/1.1" 200 28534 "https://example.com/" "Mozilla/5.0 (iPhone; CPU iPhone OS 17_2 like Mac OS X) AppleWebKit/605.1.15 (KHTML, like Gecko) Version/17.2 Mobile/15E148 Safari/604.1"
192.28.117.211 - - [17/May/2024:15:46:25 +0000] "GET /about HTTP/1.1" 200 16984 "-" "Mozilla/5.0 (Windows NT 10.0; Win64; x64) AppleWebKit/537.36 (KHTML, like Gecko) Chrome/120.0.0.0 Safari/537.36"
10.134.91.130 - - [08/Apr/2024:07:29:57 +0000] "GET /api/users/91408 HTTP/1.1" 200 33250 "https://github.com/" "Mozilla/5.0 (X11; Linux x86_64) AppleWebKit/537.36 (KHTML, like Gecko) Firefox/122.0"
198.234.73.68 - - [14/Oct/2024:10:19:05 +0000] "GET /api/logout HTTP/1.1" 304 31634 "-" "PostmanRuntime/7.36.0"
203.138.112.176 - - [02/Jul/2024:12:52:27 +0000] "GET /api/v2/users HTTP/1.1" 200 2105 "https://www.google.com/" "Mozilla/5.0 (X11; Linux x86_64) AppleWebKit/537.36 (KHTML, like Gecko) Firefox/122.0"
172.216.174.72 - - [10/Apr/2024:15:56:31 +0000] "GET /about HTTP/1.1" 200 26662 "-" "Mozilla/5.0 (iPhone; CPU iPhone OS 17_2 like Mac OS X) AppleWebKit/605.1.15 (KHTML, like Gecko) Version/17.2 Mobile/15E148 Safari/604.1"
198.36.87.137 - - [08/Oct/2024:05:21:10 +0000] "POST /api/cart/add HTTP/1.1" 304 24797 "-" "python-requests/2.31.0"
66.142.3.195 - - [03/Feb/2024:23:00:09 +0000] "GET /api/v2/orders HTTP/1.1" 200 6149 "-" "python-requests/2.31.0"
