172.51.194.72 - - [19/Feb/2024:02:46:31 +0000] "GET /static/img/banner.jpg HTTP/1.1" 500 8341 "https://example.com/dashboard" "Mozilla/5.0 (Macintosh; Intel Mac OS X 10_15_7) AppleWebKit/537.36 (KHTML, like Gecko) Chrome/121.0.0.0 Safari/537.36"
10.134.91.130 - - [06/May/2024:16:55:38 +0000] "GET /api/orders HTTP/1.1" 200 49597 "-" "PostmanRuntime/7.36.0"
198.125.83.119 - - [13/Nov/2024:20:23:28 +0000] "GET /static/css/main.css HTTP/1.1" 200 16346 "-" "Mozilla/5.0 (Macintosh; Intel Mac OS X 10_15_7) AppleWebKit/537.36 (KHTML, like Gecko) Chrome/121.0.0.0 Safari/537.36"
192.28.117.211 - - [01/Oct/2024:17:14:37 +0000] "GET / HTTP/1.1" 200 46489 "-" "PostmanRuntime/7.36.0"
172.148.40.219 - - [03/Jan/2024:10:04:32 +0000] "GET /api/products/87685 HTTP/1.1" 200 14140 "-" "curl/7.88.1"
10.152.101.40 - - [19/Aug/2024:07:50:30 +0000] "GET /api/refresh HTTP/1.1" 200 6452 "https://github.com/" "PostmanRuntime/7.36.0"
10.161.205.69 - - [14/Jul/2024:14:55:46 +0000] "GET /profile HTTP/1.1" 404 42448 "-" "Mozilla/5.0 (Windows NT 10.0; Win64; x64) AppleWebKit/537.36 (KHTML, like Gecko) Chrome/120.0.0.0 Safari/537.36"
198.234.73.68 - - [24/Jun/2024:03:15:12 +0000] "GET /static/img/banner.jpg HTTP/1.1" 200 9286 "-" "Mozilla/5.0 (iPhone; CPU iPhone OS 17_2 like Mac OS X) AppleWebKit/605.1.15 (KHTML, like Gecko) Version/17.2 Mobile/15E148 Safari/604.1"
192.107.136.180 - - [15/Apr/2024:02:28:51 +0000] "GET /api/users/6631 HTTP/1.1" 404 35527 "-" "python-requests/2.31.0"
172.214.112.115 - - [25/Apr/2024:05:26:31 +0000] "GET /api/orders HTTP/1.1" 200 3942 "https://github.com/" "Mozilla/5.0 (Macintosh; Intel Mac OS X 10_15_7) AppleWebKit/537.36 (KHTML, like Gecko) Chrome/121.0.0.0 Safari/537.36"
198.57.12.190 - - [13/May/2024:14:18:27 +0000] "POST /static/img/hero.webp HTTP/1.1" 404 47181 "-" "Mozilla/5.0 (iPhone; CPU iPhone OS 17_2 like Mac OS X) AppleWebKit/605.1.15 (KHTML, like Gecko) Version/17.2 Mobile/15E148 Safari/604.1"
66.150.185.148 - - [10/Apr/2024:01:37:47 +0000] "GET /robots.txt HTTP/1.1" 401 20652 "-" "Mozilla/5.0 (Windows NT 10.0; Win64; x64) AppleWebKit/537.36 (KHTML, like Gecko) Chrome/120.0.0.0 Safari/537.36"
192.82.0.154 - - [16/Sep/2024:16:10:03 +0000] "GET /api/users HTTP/1.1" 200 4590 "-" "curl/7.88.1"
172.51.194.72 - - [13/Feb/2024:18:15:37 +0000] "POST /favicon.ico HTTP/1.1" 304 5472 "https://www.google.com/" "Mozilla/5.0 (iPhone; CPU iPhone OS 17_2 like Mac OS X) AppleWebKit/605.1.15 (KHTML, like Gecko) Version/17.2 Mobile/15E148 Safari/604.1"
203.186.83.95 - - [07/Nov/2024:22:20:15 +0000] "GET /api/metrics HTTP/1.1" 200 44119 "https://example.com/" "PostmanRuntime/7.36.0"
10.56.78.161 - - [11/Feb/2024:00:29:39 +0000] "GET /api/users/9603 HTTP/1.1" 200 14069 "https://example.com/" "curl/7.88.1"
172.110.172.27 - - [12/Feb/2024:07:23:18 +0000] "GET /static/css/main.css HTTP/1.1" 200 46207 "-" "Mozilla/5.0 (X11; Linux x86_64) AppleWebKit/537.36 (KHTML, like Gecko) Firefox/122.0"
10.134.91.130 - - [10/Nov/2024:03:56:08 +0000] "GET /api/users/14030/profile HTTP/1.1" 401 36356 "https://example.com/" "Mozilla/5.0 (Macintosh; Intel Mac OS X 10_15_7) AppleWebKit/537.36 (KHTML, like Gecko) Chrome/121.0.0.0 Safari/537.36"
198.36.87.137 - - [20/Apr/2024:22:21:13 +0000] "POST /blog HTTP/1.1" 200 33222 "https://example.com/" "Mozilla/5.0 (iPhone; CPU iPhone OS 17_2 like Mac OS X) AppleWebKit/605.1.15 (KHTML, like Gecko) Version/17.2 Mobile/15E148 Safari/604.1"
203.16.15.24 - - [03/Nov/2024:13:53:17 +0000] "GET / HTTP/1.1" 200 8673 "https://example.com/" "PostmanRuntime/7.36.0"
192.135.22.187 - - [24/Aug/2024:17:45:27 +0000] "GET / HTTP/1.1" 200 5031 "-" "PostmanRuntime/7.36.0"
192.222.80.117 - - [02/Jun/2024:18:35:09 +0000] "GET /api/users/5483/orders HTTP/1.1" 200 23997 "-" "python-requests/2.31.0"
10.161.205.69 - - [07/Nov/2024:07:42:06 +0000] "GET /static/img/hero.webp HTTP/1.1" 200 40775 "-" "PostmanRuntime/7.36.0"
172.51.194.72 - - [28/Mar/2024:05:56:26 +0000] "GET /api/register HTTP/1.1" 302 21870 "https://github.com/" "python-requests/2.31.0"
172.51.194.72 - - [09/Mar/2024:22:06:24 +0000] "GET /static/js/app.js HTTP/1.1" 200 13179 "https://example.com/dashboard" "python-requests/2.31.0"
10.161.205.69 - - [10/Apr/2024:07:01:42 +0000] "GET /api/metrics HTTP/1.1" 200 18358 "-" "python-requests/2.31.0"
192.107.136.180 - - [12/Nov/2024:16:25:43 +0000] "GET /api/cart/remove HTTP/1.1" 200 7659 "-" "Mozilla/5.0 (X11; Linux x86_64) AppleWebKit/537.36 (KHTML, like Gecko) Firefox/122.0"
192.82.0.154 - - [09/Jan/2024:03:38:27 +0000] "GET /api/cart/add HTTP/1.1" 200 39828 "-" "curl/7.88.1"
198.255.202.227 - - [19/Apr/2024:08:02:45 +0000] "GET / HTTP/1.1" 200 35387 "-" "PostmanRuntime/7.36.0"
10.108.161.55 - - [14/Feb/2024:21:58:21 +0000] "POST /api/cart/add HTTP/1.1" 404 8267 "https://example.com/" "PostmanRuntime/7.36.0"
66.5.58.175 - - [10/Nov/2024:13:20:25 +0000] "POST /api/products/search HTTP/1.1" 200 8441 "https://github.com/" "Mozilla/5.0 (Macintosh; Intel Mac OS X 10_15_7) AppleWebKit/537.36 (KHTML, like Gecko) Chrome/121.0.0.0 Safari/537.36"
198.255.202.227 - - [22/Dec/2024:05:39:36 +0000] "GET /api/metrics HTTP/1.1" 200 126 "https://example.com/" "Mozilla/5.0 (X11; Linux x86_64) AppleWebKit/537.36 (KHTML, like Gecko) Firefox/122.0"
172.35.23.170 - - [14/Oct/2024:19:41:20 +0000] "GET /static/css/main.css HTTP/1.1" 200 44377 "https://example.com/dashboard" "Mozilla/5.0 (Macintosh; Intel Mac OS X 10_15_7) AppleWebKit/537.36 (KHTML, like Gecko) Chrome/121.0.0.0 Safari/537.36"
192.135.22.187 - - [22/Feb/2024:09:32:42 +0000] "POST /pricing HTTP/1.1" 200 6220 "-" "python-requests/2.31.0"
198.125.83.119 - - [08/Apr/2024:04:01:02 +0000] "GET /static/js/app.js HTTP/1.1" 304 4872 "https://github.com/" "Mozilla/5.0 (iPhone; CPU iPhone OS 17_2 like Mac OS X) AppleWebKit/605.1.15 (KHTML, like Gecko) Version/17.2 Mobile/15E148 Safari/604.1"
10.152.101.40 - - [07/Dec/2024:22:24:31 +0000] "GET /api/orders/19343/status HTTP/1.1" 404 45164 "-" "Mozilla/5.0 (Windows NT 10.0; Win64; x64) AppleWebKit/537.36 (KHTML, like Gecko) Chrome/120.0.0.0 Safari/537.36"
66.219.204.93 - - [08/Mar/2024:22:33:29 +0000] "GET /static/img/hero.webp HTTP/1.1" 200 8053 "-" "Mozilla/5.0 (iPhone; CPU iPhone OS 17_2 like Mac OS X) AppleWebKit/605.1.15 (KHTML, like Gecko) Version/17.2 Mobile/15E148 Safari/604.1"
10.56.78.161 - - [22/Sep/2024:17:38:20 +0000] "DELETE /static/css/main.css HTTP/1.1" 304 47238 "https://github.com/" "curl/7.88.1"
10.134.91.130 - - [15/Mar/2024:23:55:30 +0000] "GET /api/products HTTP/1.1" 401 16303 "https://example.com/" "python-requests/2.31.0"
66.136.174.29 - - [16/Nov/2024:07:17:28 +0000] "GET /admin HTTP/1.1" 200 15467 "https://www.google.com/" "Mozilla/5.0 (X11; Linux x86_64) AppleWebKit/537.36 (KHTML, like Gecko) Firefox/122.0"
203.138.112.176 - - [18/Feb/2024:04:09:14 +0000] "GET /settings HTTP/1.1" 200 46395 "-" "Mozilla/5.0 (Macintosh; Intel Mac OS X 10_15_7) AppleWebKit/537.36 (KHTML, like Gecko) Chrome/121.0.0.0 Safari/537.36"
172.126.134.192 - - [14/Jun/2024:17:29:26 +0000] "GET /api/orders HTTP/1.1" 200 25624 "-" "python-requests/2.31.0"
10.152.101.40 - - [13/Aug/2024:00:22:19 +0000] "DELETE /api/health HTTP/1.1" 200 35372 "-" "PostmanRuntime/7.36.0"
203.239.128.249 - - [08/May/2024:13:31:01 +0000] "GET /api/cart/remove HTTP/1.1" 404 44608 "https://github.com/" "python-requests/2.31.0"
192.135.22.187 - - [27/Aug/2024:04:39:34 +0000] "GET /api/metrics HTTP/1.1" 304 37087 "-" "PostmanRuntime/7.36.0"
172.214.112.115 - - [21/Jul/2024:04:55:29 +0000] "GET /robots.txt HTTP/1.1" 200 24944 "-" "Mozilla/5.0 (X11; Linux x86_64) AppleWebKit/537.36 (KHTML, like Gecko) Firefox/122.0"
10.56.78.161 - - [11/Jun/2024:12:17:48 +0000] "GET /api/products HTTP/1.1" 200 30922 "-" "Mozilla/5.0 (Windows NT 10.0; Win64; x64) AppleWebKit/537.36 (KHTML, like Gecko) Chrome/120.0.0.0 Safari/537.36"
10.161.205.69 - - [08/Nov/2024:02:49:41 +0000] "GET /index.html HTTP/1.1" 200 13165 "-" "python-requests/2.31.0"
192.157.122.15 - - [05/Apr/2024:04:30:42 +0000] "GET /static/fonts/inter.woff2 HTTP/1.1" 200 30576 "https://example.com/" "PostmanRuntime/7.36.0"
10.108.161.55 - - [06/Oct/2024:19:47:45 +0000] "GET /api/logout HTTP/1.1" 200 7184 "-" "curl/7.88.1"
198.125.83.119 - - [19/Nov/2024:12:25:45 +0000] "GET /sitemap.xml HTTP/1.1" 304 45360 "-" "python-requests/2.31.0"
66.142.3.195 - - [23/May/2024:21:38:51 +0000] "GET /static/fonts/inter.woff2 HTTP/1.1" 200 22854 "https://github.com/" "curl/7.88.1"
10.108.161.55 - - [03/Sep/2024:20:21:00 +0000] "GET /static/js/vendor.js HTTP/1.1" 200 28511 "https://example.com/dashboard" "Mozilla/5.0 (X11; Linux x86_64) AppleWebKit/537.36 (KHTML, like Gecko) Firefox/122.0"
10.194.49.92 - - [14/Mar/2024:23:33:41 +0000] "GET /pricing HTTP/1.1" 200 31786 "https://github.com/" "Mozilla/5.0 (iPhone; CPU iPhone OS 17_2 like Mac OS X) AppleWebKit/605.1.15 (KHTML, like Gecko) Version/17.2 Mobile/15E148 Safari/604.1"
192.82.0.154 - - [09/Jun/2024:07:53:59 +0000] "GET /api/products/59088 HTTP/1.1" 200 49283 "https://github.com/" "Mozilla/5.0 (iPhone; CPU iPhone OS 17_2 like Mac OS X) AppleWebKit/605.1.15 (KHTML, like Gecko) Version/17.2 Mobile/15E148 Safari/604.1"
192.28.117.211 - - [01/Aug/2024:10:11:31 +0000] "GET /api/checkout HTTP/1.1" 200 22404 "https://example.com/" "Mozilla/5.0 (X11; Linux x86_64) AppleWebKit/537.36 (KHTML, like Gecko) Firefox/122.0"
10.134.91.130 - - [01/Sep/2024:06:05:15 +0000] "POST /api/v2/users HTTP/1.1" 200 36484 "-" "python-requests/2.31.0"
172.216.32.99 - - [21/Dec/2024:15:28:50 +0000] "GET /api/users HTTP/1.1" 200 14622 "-" "Mozilla/5.0 (iPhone; CPU iPhone OS 17_2 like Mac OS X) AppleWebKit/605.1.15 (KHTML, like Gecko) Version/17.2 Mobile/15E148 Safari/604.1"
198.125.83.119 - - [22/Oct/2024:11:30:35 +0000] "GET /api/checkout HTTP/1.1" 200 48985 "https://www.google.com/" "curl/7.88.1"
10.161.205.69 - - [23/Aug/2024:08:19:16 +0000] "GET /api/users/94541/profile HTTP/1.1" 200 20779 "-" "Mozilla/5.0 (Windows NT 10.0; Win64; x64) AppleWebKit/537.36 (KHTML, like Gecko) Chrome/120.0.0.0 Safari/537.36"
66.150.185.148 - - [07/Dec/2024:15:17:46 +0000] "POST /static/img/logo.png HTTP/1.1" 304 18646 "-" "Mozilla/5.0 (Windows NT 10.0; Win64; x64) AppleWebKit/537.36 (KHTML, like Gecko) Chrome/120.0.0.0 Safari/537.36"
198.36.87.137 - - [08/Jun/2024:05:19:00 +0000] "POST /static/img/banner.jpg HTTP/1.1" 200 18077 "-" "Mozilla/5.0 (Windows NT 10.0; Win64; x64) AppleWebKit/537.36 (KHTML, like Gecko) Chrome/120.0.0.0 Safari/537.36"
10.134.91.130 - - [10/Dec/2024:04:40:55 +0000] "DELETE /static/js/vendor.js HTTP/1.1" 200 903 "https://example.com/" "curl/7.88.1"
172.216.32.99 - - [16/Aug/2024:10:11:03 +0000] "GET /static/js/app.js HTTP/1.1" 200 4382 "https://example.com/dashboard" "Mozilla/5.0 (iPhone; CPU iPhone OS 17_2 like Mac OS X) AppleWebKit/605.1.15 (KHTML, like Gecko) Version/17.2 Mobile/15E148 Safari/604.1"
172.119.13.144 - - [19/Nov/2024:21:03:09 +0000] "GET /static/fonts/inter.woff2 HTTP/1.1" 200 5682 "-" "Mozilla/5.0 (Macintosh; Intel Mac OS X 10_15_7) AppleWebKit/537.36 (KHTML, like Gecko) Chrome/121.0.0.0 Safari/537.36"
10.134.91.130 - - [25/Jul/2024:19:38:50 +0000] "POST /api/orders/68495 HTTP/1.1" 200 29624 "https://example.com/" "Mozilla/5.0 (iPhone; CPU iPhone OS 17_2 like Mac OS X) AppleWebKit/605.1.15 (KHTML, like Gecko) Version/17.2 Mobile/15E148 Safari/604.1"
192.82.0.154 - - [14/May/2024:18:39:03 +0000] "POST /api/users/99974 HTTP/1.1" 200 41093 "https://example.com/" "Mozilla/5.0 (Macintosh; Intel Mac OS X 10_15_7) AppleWebKit/537.36 (KHTML, like Gecko) Chrome/121.0.0.0 Safari/537.36"
172.214.112.115 - - [06/Apr/2024:05:35:04 +0000] "GET / HTTP/1.1" 200 29624 "https://example.com/dashboard" "PostmanRuntime/7.36.0"
198.36.87.137 - - [02/Apr/2024:09:45:18 +0000] "POST /static/css/theme.css HTTP/1.1" 200 45148 "https://example.com/" "Mozilla/5.0 (Macintosh; Intel Mac OS X 10_15_7) AppleWebKit/537.36 (KHTML, like Gecko) Chrome/121.0.0.0 Safari/537.36"
192.82.0.154 - - [22/Apr/2024:13:07:34 +0000] "GET /docs HTTP/1.1" 200 17508 "-" "python-requests/2.31.0"
172.119.13.144 - - [02/Mar/2024:09:38:47 +0000] "GET /api/products/search HTTP/1.1" 200 8249 "https://example.com/" "Mozilla/5.0 (iPhone; CPU iPhone OS 17_2 like Mac OS X) AppleWebKit/605.1.15 (KHTML, like Gecko) Version/17.2 Mobile/15E148 Safari/604.1"
198.234.73.68 - - [09/Sep/2024:17:31:28 +0000] "GET /contact HTTP/1.1" 200 28413 "https://www.google.com/" "PostmanRuntime/7.36.0"
192.250.9.29 - - [09/Jan/2024:02:14:43 +0000] "GET /about HTTP/1.1" 200 44158 "https://example.com/" "python-requests/2.31.0"
10.152.101.40 - - [02/Mar/2024:15:33:41 +0000] "GET /api/products/23789 HTTP/1.1" 304 28666 "https://example.com/dashboard" "PostmanRuntime/7.36.0"
172.214.112.115 - - [16/Jun/2024:13:21:20 +0000] "POST /api/users/21080 HTTP/1.1" 200 27077 "https://example.com/dashboard" "PostmanRuntime/7.36.0"
198.36.87.137 - - [22/Jul/2024:17:02:29 +0000] "GET /api/cart/add HTTP/1.1" 200 21286 "https://github.com/" "Mozilla/5.0 (Windows NT 10.0; Win64; x64) AppleWebKit/537.36 (KHTML, like Gecko) Chrome/120.0.0.0 Safari/537.36"
66.5.58.175 - - [27/Jan/2024:21:55:34 +0000] "GET /api/v2/users HTTP/1.1" 200 12393 "https://www.google.com/" "curl/7.88.1"
192.157.122.15 - - [25/Aug/2024:20:28:48 +0000] "GET /api/orders HTTP/1.1" 200 36093 "https://example.com/" "Mozilla/5.0 (Macintosh; Intel Mac OS X 10_15_7) AppleWebKit/537.36 (KHTML, like Gecko) Chrome/121.0.0.0 Safari/537.36"
172.70.252.24 - - [23/Aug/2024:03:01:40 +0000] "POST /api/orders/93033/status HTTP/1.1" 200 20465 "-" "curl/7.88.1"
10.134.91.130 - - [14/Feb/2024:07:53:58 +0000] "GET /static/css/theme.css HTTP/1.1" 200 42548 "-" "python-requests/2.31.0"
203.239.128.249 - - [23/May/2024:16:45:17 +0000] "GET /static/js/app.js HTTP/1.1" 200 16073 "-" "Mozilla/5.0 (iPhone; CPU iPhone OS 17_2 like Mac OS X) AppleWebKit/605.1.15 (KHTML, like Gecko) Version/17.2 Mobile/15E148 Safari/604.1"
198.255.202.227 - - [07/Oct/2024:16:47:56 +0000] "GET /sitemap.xml HTTP/1.1" 200 27293 "https://example.com/" "Mozilla/5.0 (X11; Linux x86_64) AppleWebKit/537.36 (KHTML, like Gecko) Firefox/122.0"
198.57.12.190 - - [10/Dec/2024:09:53:37 +0000] "GET /dashboard HTTP/1.1" 200 9838 "https://example.com/dashboard" "Mozilla/5.0 (iPhone; CPU iPhone OS 17_2 like Mac OS X) AppleWebKit/605.1.15 (KHTML, like Gecko) Version/17.2 Mobile/15E148 Safari/604.1"
10.161.205.69 - - [11/Sep/2024:17:24:29 +0000] "GET /api/refresh HTTP/1.1" 301 15750 "https://github.com/" "curl/7.88.1"
172.148.40.219 - - [28/Jul/2024:01:20:47 +0000] "GET /admin HTTP/1.1" 200 25402 "-" "PostmanRuntime/7.36.0"
203.239.128.249 - - [02/Mar/2024:16:37:21 +0000] "GET /static/css/main.css HTTP/1.1" 200 34568 "-" "Mozilla/5.0 (iPhone; CPU iPhone OS 17_2 like Mac OS X) AppleWebKit/605.1.15 (KHTML, like Gecko) Version/17.2 Mobile/15E148 Safari/604.1"
10.194.49.92 - - [14/Nov/2024:04:04:30 +0000] "GET /api/cart/remove HTTP/1.1" 304 45497 "-" "Mozilla/5.0 (iPhone; CPU iPhone OS 17_2 like Mac OS X) AppleWebKit/605.1.15 (KHTML, like Gecko) Version/17.2 Mobile/15E148 Safari/604.1"
192.28.117.211 - - [28/Nov/2024:17:24:20 +0000] "POST /admin HTTP/1.1" 500 32078 "-" "python-requests/2.31.0"
192.157.122.15 - - [03/Apr/2024:20:43:58 +0000] "GET /api/orders/97881 HTTP/1.1" 200 28540 "-" "Mozilla/5.0 (Windows NT 10.0; Win64; x64) AppleWebKit/537.36 (KHTML, like Gecko) Chrome/120.0.0.0 Safari/537.36"
172.70.252.24 - - [06/Dec/2024:09:57:01 +0000] "GET /api/cart/add HTTP/1.1" 200 19326 "https://www.google.com/" "Mozilla/5.0 (X11; Linux x86_64) AppleWebKit/537.36 (KHTML, like Gecko) Firefox/122.0"
66.219.204.93 - - [05/Apr/2024:16:26:36 +0000] "POST /api/register HTTP/1.1" 200 11573 "https://github.com/" "Mozilla/5.0 (Windows NT 10.0; Win64; x64) AppleWebKit/537.36 (KHTML, like Gecko) Chrome/120.0.0.0 Safari/537.36"
192.157.122.15 - - [22/Apr/2024:15:58:37 +0000] "GET /api/orders/60444 HTTP/1.1" 304 16744 "https://example.com/" "Mozilla/5.0 (iPhone; CPU iPhone OS 17_2 like Mac OS X) AppleWebKit/605.1.15 (KHTML, like Gecko) Version/17.2 Mobile/15E148 Safari/604.1"
198.57.12.190 - - [26/Aug/2024:09:43:34 +0000] "GET /sitemap.xml HTTP/1.1" 200 22746 "https://example.com/" "curl/7.88.1"
66.219.204.93 - - [23/May/2024:14:54:19 +0000] "GET /api/health HTTP/1.1" 200 7089 "https://github.com/" "Mozilla/5.0 (Macintosh; Intel Mac OS X 10_15_7) AppleWebKit/537.36 (KHTML, like Gecko) Chrome/121.0.0.0 Safari/537.36"
10.152.101.40 - - [12/Oct/2024:09:44:18 +0000] "GET /dashboard HTTP/1.1" 200 18088 "-" "Mozilla/5.0 (Windows NT 10.0; Win64; x64) AppleWebKit/537.36 (KHTML, like Gecko) Chrome/120.0.0.0 Safari/537.36"
192.250.9.29 - - [24/Aug/2024:09:49:51 +0000] "GET /contact HTTP/1.1" 200 14452 "-" "PostmanRuntime/7.36.0"
192.157.122.15 - - [09/Nov/2024:23:49:42 +0000] "POST /api/users/82346/orders HTTP/1.1" 200 41221 "-" "PostmanRuntime/7.36.0"
198.125.83.119 - - [26/Aug/2024:01:37:23 +0000] "PUT /api/users/11814/orders HTTP/1.1" 200 21511 "https://github.com/" "PostmanRuntime/7.36.0"
203.63.193.21 - - [07/Mar/2024:17:56:23 +0000] "GET /static/js/analytics.js HTTP/1.1" 200 10883 "https://example.com/dashboard" "Mozilla/5.0 (X11; Linux x86_64) AppleWebKit/537.36 (KHTML, like Gecko) Firefox/122.0"
198.36.87.137 - - [24/Jun/2024:03:29:04 +0000] "GET /api/orders/88648 HTTP/1.1" 302 44297 "https://www.google.com/" "Mozilla/5.0 (iPhone; CPU iPhone OS 17_2 like Mac OS X) AppleWebKit/605.1.15 (KHTML, like Gecko) Version/17.2 Mobile/15E148 Safari/604.1"
172.214.112.115 - - [26/Jul/2024:00:16:34 +0000] "GET /static/css/theme.css HTTP/1.1" 200 44194 "https://example.com/" "PostmanRuntime/7.36.0"
192.82.0.154 - - [13/Nov/2024:11:06:43 +0000] "GET /static/js/app.js HTTP/1.1" 200 40702 "https://www.google.com/" "curl/7.88.1"
192.157.122.15 - - [08/Nov/2024:02:40:52 +0000] "GET /settings HTTP/1.1" 200 42648 "-" "Mozilla/5.0 (iPhone; CPU iPhone OS 17_2 like Mac OS X) AppleWebKit/605.1.15 (KHTML, like Gecko) Version/17.2 Mobile/15E148 Safari/604.1"
172.110.172.27 - - [02/Jan/2024:09:31:07 +0000] "GET /api/orders/70458/status HTTP/1.1" 200 25570 "https://www.google.com/" "Mozilla/5.0 (iPhone; CPU iPhone OS 17_2 like Mac OS X) AppleWebKit/605.1.15 (KHTML, like Gecko) Version/17.2 Mobile/15E148 Safari/604.1"
192.222.80.117 - - [14/Oct/2024:23:46:09 +0000] "GET /docs HTTP/1.1" 200 32169 "https://github.com/" "curl/7.88.1"
192.107.136.180 - - [02/Dec/2024:11:13:28 +0000] "GET /api/orders/47538/status HTTP/1.1" 200 45036 "https://www.google.com/" "Mozilla/5.0 (X11; Linux x86_64) AppleWebKit/537.36 (KHTML, like Gecko) Firefox/122.0"
203.16.15.24 - - [13/May/2024:06:07:54 +0000] "GET /api/users HTTP/1.1" 404 14000 "-" "PostmanRuntime/7.36.0"
203.16.15.24 - - [26/Jun/2024:07:08:50 +0000] "GET /api/orders HTTP/1.1" 200 36420 "-" "Mozilla/5.0 (Macintosh; Intel Mac OS X 10_15_7) AppleWebKit/537.36 (KHTML, like Gecko) Chrome/121.0.0.0 Safari/537.36"
172.148.40.219 - - [11/Mar/2024:19:00:17 +0000] "GET /api/users/70808/orders HTTP/1.1" 200 11535 "-" "Mozilla/5.0 (Windows NT 10.0; Win64; x64) AppleWebKit/537.36 (KHTML, like Gecko) Chrome/120.0.0.0 Safari/537.36"
172.110.172.27 - - [01/Jun/2024:07:37:20 +0000] "GET /api/register HTTP/1.1" 200 3534 "https://github.com/" "Mozilla/5.0 (Macintosh; Intel Mac OS X 10_15_7) AppleWebKit/537.36 (KHTML, like Gecko) Chrome/121.0.0.0 Safari/537.36"
66.136.174.29 - - [04/Dec/2024:02:30:28 +0000] "HEAD /api/search HTTP/1.1" 200 39006 "https://example.com/dashboard" "Mozilla/5.0 (Windows NT 10.0; Win64; x64) AppleWebKit/537.36 (KHTML, like Gecko) Chrome/120.0.0.0 Safari/537.36"
66.5.58.175 - - [08/Oct/2024:01:46:50 +0000] "POST /static/img/logo.png HTTP/1.1" 200 30118 "-" "PostmanRuntime/7.36.0"
203.16.15.24 - - [16/Jul/2024:13:43:06 +0000] "GET /admin HTTP/1.1" 200 4916 "https://www.google.com/" "Mozilla/5.0 (Windows NT 10.0; Win64; x64) AppleWebKit/537.36 (KHTML, like Gecko) Chrome/120.0.0.0 Safari/537.36"
192.250.9.29 - - [05/Feb/2024:04:17:39 +0000] "POST /about HTTP/1.1" 200 46771 "https://github.com/" "Mozilla/5.0 (X11; Linux x86_64) AppleWebKit/537.36 (KHTML, like Gecko) Firefox/122.0"
192.250.9.29 - - [17/May/2024:14:32:38 +0000] "GET /api/users/91984 HTTP/1.1" 200 43007 "-" "PostmanRuntime/7.36.0"
66.219.204.93 - - [15/Apr/2024:13:21:52 +0000] "GET /api/metrics HTTP/1.1" 200 47915 "https://www.google.com/" "Mozilla/5.0 (Windows NT 10.0; Win64; x64) AppleWebKit/537.36 (KHTML, like Gecko) Chrome/120.0.0.0 Safari/537.36"
66.219.204.93 - - [11/Nov/2024:08:23:09 +0000] "POST /static/js/app.js HTTP/1.1" 200 6078 "-" "python-requests/2.31.0"
172.214.112.115 - - [14/Feb/2024:23:47:23 +0000] "GET /static/img/hero.webp HTTP/1.1" 200 38534 "https://www.google.com/" "curl/7.88.1"
172.216.174.72 - - [14/Jun/2024:21:48:27 +0000] "POST /robots.txt HTTP/1.1" 200 39448 "https://www.google.com/" "Mozilla/5.0 (X11; Linux x86_64) AppleWebKit/537.36 (KHTML, like Gecko) Firefox/122.0"
66.142.3.195 - - [19/Sep/2024:06:09:42 +0000] "GET /api/orders/14185 HTTP/1.1" 200 36555 "-" "Mozilla/5.0 (X11; Linux x86_64) AppleWebKit/537.36 (KHTML, like Gecko) Firefox/122.0"
192.107.136.180 - - [19/Apr/2024:13:54:35 +0000] "HEAD /pricing HTTP/1.1" 304 44335 "-" "PostmanRuntime/7.36.0"
192.250.9.29 - - [22/Dec/2024:08:01:11 +0000] "GET /settings HTTP/1.1" 500 20349 "https://www.google.com/" "Mozilla/5.0 (X11; Linux x86_64) AppleWebKit/537.36 (KHTML, like Gecko) Firefox/122.0"
198.57.12.190 - - [06/Mar/2024:18:42:25 +0000] "GET /api/login HTTP/1.1" 302 41595 "-" "Mozilla/5.0 (Windows NT 10.0; Win64; x64) AppleWebKit/537.36 (KHTML, like Gecko) Chrome/120.0.0.0 Safari/537.36"
66.136.174.29 - - [07/Jul/2024:13:29:21 +0000] "GET /api/search HTTP/1.1" 200 47390 "-" "Mozilla/5.0 (X11; Linux x86_64) AppleWebKit/537.36 (KHTML, like Gecko) Firefox/122.0"
203.16.15.24 - - [05/Mar/2024:19:03:43 +0000] "GET /api/products/58080 HTTP/1.1" 404 27888 "https://example.com/dashboard" "Mozilla/5.0 (iPhone; CPU iPhone OS 17_2 like Mac OS X) AppleWebKit/605.1.15 (KHTML, like Gecko) Version/17.2 Mobile/15E148 Safari/604.1"
172.126.134.192 - - [09/Apr/2024:16:07:22 +0000] "GET /api/users/37126/profile HTTP/1.1" 404 44565 "https://example.com/dashboard" "curl/7.88.1"
66.136.174.29 - - [22/May/2024:01:14:25 +0000] "POST /robots.txt HTTP/1.1" 200 13497 "-" "Mozilla/5.0 (X11; Linux x86_64) AppleWebKit/537.36 (KHTML, like Gecko) Firefox/122.0"
172.110.172.27 - - [25/May/2024:09:20:07 +0000] "GET /static/js/vendor.js HTTP/1.1" 401 28323 "-" "Mozilla/5.0 (Macintosh; Intel Mac OS X 10_15_7) AppleWebKit/537.36 (KHTML, like Gecko) Chrome/121.0.0.0 Safari/537.36"
198.255.202.227 - - [18/Dec/2024:07:32:35 +0000] "POST /api/checkout HTTP/1.1" 200 26122 "-" "python-requests/2.31.0"
66.219.204.93 - - [01/Aug/2024:02:55:20 +0000] "GET /api/v2/orders HTTP/1.1" 304 26604 "https://github.com/" "PostmanRuntime/7.36.0"
198.36.87.137 - - [04/Jul/2024:00:20:10 +0000] "POST /static/css/theme.css HTTP/1.1" 301 23814 "https://github.com/" "Mozilla/5.0 (Windows NT 10.0; Win64; x64) AppleWebKit/537.36 (KHTML, like Gecko) Chrome/120.0.0.0 Safari/537.36"
66.142.3.195 - - [08/Jul/2024:18:25:33 +0000] "GET /api/metrics HTTP/1.1" 200 48977 "-" "Mozilla/5.0 (X11; Linux x86_64) AppleWebKit/537.36 (KHTML, like Gecko) Firefox/122.0"
192.28.117.211 - - [25/Mar/2024:02:32:40 +0000] "GET /static/img/logo.png HTTP/1.1" 200 12807 "https://www.google.com/" "python-requests/2.31.0"
10.161.205.69 - - [24/Nov/2024:04:15:06 +0000] "GET /api/products HTTP/1.1" 200 11470 "-" "curl/7.88.1"
172.119.13.144 - - [06/Nov/2024:15:29:48 +0000] "GET /about HTTP/1.1" 200 44738 "https://www.google.com/" "curl/7.88.1"
203.138.112.176 - - [05/Aug/2024:02:30:28 +0000] "POST /api/cart HTTP/1.1" 200 38859 "https://www.google.com/" "Mozilla/5.0 (Windows NT 10.0; Win64; x64) AppleWebKit/537.36 (KHTML, like Gecko) Chrome/120.0.0.0 Safari/537.36"
66.5.58.175 - - [03/May/2024:14:28:02 +0000] "GET /api/search HTTP/1.1" 200 5128 "-" "PostmanRuntime/7.36.0"
192.157.122.15 - - [20/Sep/2024:12:29:37 +0000] "GET /favicon.ico HTTP/1.1" 200 37564 "-" "PostmanRuntime/7.36.0"
203.138.112.176 - - [20/Aug/2024:16:09:03 +0000] "GET /api/users/45016 HTTP/1.1" 301 5626 "-" "curl/7.88.1"
198.52.44.152 - - [08/Dec/2024:14:28:33 +0000] "GET /pricing HTTP/1.1" 200 23948 "https://example.com/" "Mozilla/5.0 (X11; Linux x86_64) AppleWebKit/537.36 (KHTML, like Gecko) Firefox/122.0"
198.255.202.227 - - [14/Jun/2024:21:38:03 +0000] "POST /docs HTTP/1.1" 200 4419 "-" "Mozilla/5.0 (X11; Linux x86_64) AppleWebKit/537.36 (KHTML, like Gecko) Firefox/122.0"
10.134.91.130 - - [22/Jul/2024:09:16:46 +0000] "POST /contact HTTP/1.1" 200 21947 "-" "Mozilla/5.0 (Windows NT 10.0; Win64; x64) AppleWebKit/537.36 (KHTML, like Gecko) Chrome/120.0.0.0 Safari/537.36"
10.161.205.69 - - [10/Nov/2024:22:42:25 +0000] "GET /contact HTTP/1.1" 301 5652 "https://github.com/" "Mozilla/5.0 (X11; Linux x86_64) AppleWebKit/537.36 (KHTML, like Gecko) Firefox/122.0"
192.28.117.211 - - [27/Mar/2024:21:44:53 +0000] "PUT /profile HTTP/1.1" 200 6224 "https://github.com/" "PostmanRuntime/7.36.0"
66.5.58.175 - - [12/Jan/2024:11:19:11 +0000] "GET /api/cart/remove HTTP/1.1" 500 31968 "-" "Mozilla/5.0 (Macintosh; Intel Mac OS X 10_15_7) AppleWebKit/537.36 (KHTML, like Gecko) Chrome/121.0.0.0 Safari/537.36"
172.110.172.27 - - [05/Feb/2024:09:54:50 +0000] "GET /static/js/analytics.js HTTP/1.1" 500 35474 "-" "python-requests/2.31.0"
192.28.117.211 - - [25/Oct/2024:04:38:24 +0000] "GET /api/logout HTTP/1.1" 200 45506 "-" "python-requests/2.31.0"
172.70.252.24 - - [02/Jul/2024:11:43:46 +0000] "GET /static/css/main.css HTTP/1.1" 304 18773 "https://example.com/dashboard" "python-requests/2.31.0"
172.148.40.219 - - [18/Apr/2024:09:51:50 +0000] "GET /api/refresh HTTP/1.1" 200 44553 "https://example.com/dashboard" "curl/7.88.1"
10.56.78.161 - - [25/May/2024:12:32:33 +0000] "GET /api/logout HTTP/1.1" 200 39727 "https://example.com/" "Mozilla/5.0 (Macintosh; Intel Mac OS X 10_15_7) AppleWebKit/537.36 (KHTML, like Gecko) Chrome/121.0.0.0 Safari/537.36"
203.16.15.24 - - [21/Aug/2024:11:35:59 +0000] "GET /admin HTTP/1.1" 200 8270 "-" "Mozilla/5.0 (X11; Linux x86_64) AppleWebKit/537.36 (KHTML, like Gecko) Firefox/122.0"
192.135.22.187 - - [09/Aug/2024:16:09:53 +0000] "GET /api/users HTTP/1.1" 200 29665 "-" "Mozilla/5.0 (X11; Linux x86_64) AppleWebKit/537.36 (KHTML, like Gecko) Firefox/122.0"
172.126.134.192 - - [02/Jul/2024:16:23:15 +0000] "GET /api/users HTTP/1.1" 200 14815 "https://www.google.com/" "Mozilla/5.0 (Windows NT 10.0; Win64; x64) AppleWebKit/537.36 (KHTML, like Gecko) Chrome/120.0.0.0 Safari/537.36"
66.142.3.195 - - [27/Dec/2024:20:21:50 +0000] "GET /api/users/5021/orders HTTP/1.1" 200 31062 "-" "PostmanRuntime/7.36.0"
172.216.32.99 - - [15/Oct/2024:00:57:05 +0000] "GET /api/products HTTP/1.1" 200 9898 "https://github.com/" "curl/7.88.1"
172.216.174.72 - - [25/May/2024:07:19:07 +0000] "GET /api/orders/55028/status HTTP/1.1" 304 40916 "-" "Mozilla/5.0 (iPhone; CPU iPhone OS 17_2 like Mac OS X) AppleWebKit/605.1.15 (KHTML, like Gecko) Version/17.2 Mobile/15E148 Safari/604.1"
172.216.174.72 - - [27/Aug/2024:19:34:01 +0000] "POST /static/js/analytics.js HTTP/1.1" 304 15955 "-" "PostmanRuntime/7.36.0"
198.36.87.137 - - [14/Jan/2024:19:22:15 +0000] "GET /api/v2/users HTTP/1.1" 200 43640 "-" "PostmanRuntime/7.36.0"
66.136.174.29 - - [12/Feb/2024:16:34:32 +0000] "GET /static/img/hero.webp HTTP/1.1" 200 25688 "https://example.com/dashboard" "python-requests/2.31.0"
198.52.44.152 - - [21/Jul/2024:11:16:47 +0000] "GET /api/checkout HTTP/1.1" 200 22696 "-" "Mozilla/5.0 (Macintosh; Intel Mac OS X 10_15_7) AppleWebKit/537.36 (KHTML, like Gecko) Chrome/121.0.0.0 Safari/537.36"
192.82.0.154 - - [24/Jun/2024:04:02:22 +0000] "GET /api/cart/remove HTTP/1.1" 404 11574 "https://example.com/dashboard" "python-requests/2.31.0"
172.216.32.99 - - [21/Mar/2024:04:04:45 +0000] "HEAD /static/css/theme.css HTTP/1.1" 200 19331 "-" "Mozilla/5.0 (Macintosh; Intel Mac OS X 10_15_7) AppleWebKit/537.36 (KHTML, like Gecko) Chrome/121.0.0.0 Safari/537.36"
66.150.185.148 - - [02/Jun/2024:09:32:25 +0000] "GET /static/js/app.js HTTP/1.1" 200 2499 "-" "python-requests/2.31.0"
198.36.87.137 - - [12/Jan/2024:20:21:17 +0000] "GET /api/search HTTP/1.1" 200 26315 "https://example.com/dashboard" "PostmanRuntime/7.36.0"
198.255.202.227 - - [11/Mar/2024:15:44:31 +0000] "GET /static/img/logo.png HTTP/1.1" 200 5514 "https://github.com/" "PostmanRuntime/7.36.0"
172.214.112.115 - - [14/Oct/2024:05:34:18 +0000] "GET /api/users/10495 HTTP/1.1" 200 43414 "https://example.com/" "Mozilla/5.0 (X11; Linux x86_64) AppleWebKit/537.36 (KHTML, like Gecko) Firefox/122.0"
172.70.252.24 - - [20/Dec/2024:13:10:44 +0000] "GET /api/checkout HTTP/1.1" 200 2875 "https://www.google.com/" "PostmanRuntime/7.36.0"
192.157.122.15 - - [14/May/2024:20:50:03 +0000] "GET /dashboard HTTP/1.1" 304 26721 "-" "Mozilla/5.0 (X11; Linux x86_64) AppleWebKit/537.36 (KHTML, like Gecko) Firefox/122.0"
192.125.114.36 - - [05/Oct/2024:21:50:28 +0000] "GET /api/users/8813/orders HTTP/1.1" 200 42381 "https://www.google.com/" "Mozilla/5.0 (X11; Linux x86_64) AppleWebKit/537.36 (KHTML, like Gecko) Firefox/122.0"
198.255.202.227 - - [19/Jan/2024:19:09:43 +0000] "GET /api/search HTTP/1.1" 200 29194 "-" "python-requests/2.31.0"
10.152.101.40 - - [05/Sep/2024:11:25:20 +0000] "POST /api/products/32718 HTTP/1.1" 200 1798 "-" "PostmanRuntime/7.36.0"
203.239.128.249 - - [17/Jul/2024:17:07:16 +0000] "HEAD /api/products HTTP/1.1" 301 29346 "https://example.com/" "Mozilla/5.0 (Macintosh; Intel Mac OS X 10_15_7) AppleWebKit/537.36 (KHTML, like Gecko) Chrome/121.0.0.0 Safari/537.36"
203.239.128.249 - - [07/Feb/2024:04:54:04 +0000] "GET /api/register HTTP/1.1" 301 29270 "https://www.google.com/" "Mozilla/5.0 (Windows NT 10.0; Win64; x64) AppleWebKit/537.36 (KHTML, like Gecko) Chrome/120.0.0.0 Safari/537.36"
10.161.205.69 - - [23/Feb/2024:17:34:18 +0000] "GET /api/logout HTTP/1.1" 301 46601 "-" "PostmanRuntime/7.36.0"
10.108.161.55 - - [17/Apr/2024:03:12:50 +0000] "GET /api/orders/64753/status HTTP/1.1" 200 23751 "https://www.google.com/" "curl/7.88.1"
10.56.78.161 - - [26/Sep/2024:04:39:56 +0000] "GET /sitemap.xml HTTP/1.1" 200 26193 "https://example.com/dashboard" "PostmanRuntime/7.36.0"
66.136.174.29 - - [14/Jul/2024:18:04:08 +0000] "GET /docs HTTP/1.1" 200 29589 "https://www.google.com/" "Mozilla/5.0 (iPhone; CPU iPhone OS 17_2 like Mac OS X) AppleWebKit/605.1.15 (KHTML, like Gecko) Version/17.2 Mobile/15E148 Safari/604.1"
172.110.172.27 - - [27/Sep/2024:20:37:11 +0000] "HEAD /api/users/56705/orders HTTP/1.1" 200 3731 "-" "python-requests/2.31.0"
66.136.174.29 - - [05/May/2024:05:10:20 +0000] "POST /api/orders/45354 HTTP/1.1" 200 18715 "-" "python-requests/2.31.0"
203.186.83.95 - - [07/Nov/2024:17:17:08 +0000] "POST /api/cart HTTP/1.1" 304 35062 "-" "Mozilla/5.0 (Windows NT 10.0; Win64; x64) AppleWebKit/537.36 (KHTML, like Gecko) Chrome/120.0.0.0 Safari/537.36"
192.82.0.154 - - [19/Mar/2024:05:42:39 +0000] "POST /contact HTTP/1.1" 200 37037 "-" "Mozilla/5.0 (Windows NT 10.0; Win64; x64) AppleWebKit/537.36 (KHTML, like Gecko) Chrome/120.0.0.0 Safari/537.36"
172.214.112.115 - - [02/Nov/2024:18:16:41 +0000] "GET /static/fonts/inter.woff2 HTTP/1.1" 200 40608 "-" "PostmanRuntime/7.36.0"
203.239.128.249 - - [21/Sep/2024:09:41:19 +0000] "GET /api/orders/89784/status HTTP/1.1" 200 19592 "-" "Mozilla/5.0 (iPhone; CPU iPhone OS 17_2 like Mac OS X) AppleWebKit/605.1.15 (KHTML, like Gecko) Version/17.2 Mobile/15E148 Safari/604.1"
203.16.15.24 - - [06/Aug/2024:13:30:29 +0000] "GET /api/cart/remove HTTP/1.1" 304 9515 "https://www.google.com/" "Mozilla/5.0 (X11; Linux x86_64) AppleWebKit/537.36 (KHTML, like Gecko) Firefox/122.0"
10.161.205.69 - - [13/Mar/2024:11:32:35 +0000] "GET /api/cart/add HTTP/1.1" 200 30670 "https://example.com/" "Mozilla/5.0 (Windows NT 10.0; Win64; x64) AppleWebKit/537.36 (KHTML, like Gecko) Chrome/120.0.0.0 Safari/537.36"
172.70.252.24 - - [08/Mar/2024:03:03:18 +0000] "GET /pricing HTTP/1.1" 200 16370 "-" "python-requests/2.31.0"
203.138.112.176 - - [19/Dec/2024:10:12:48 +0000] "GET /static/js/vendor.js HTTP/1.1" 200 30693 "https://example.com/" "Mozilla/5.0 (iPhone; CPU iPhone OS 17_2 like Mac OS X) AppleWebKit/605.1.15 (KHTML, like Gecko) Version/17.2 Mobile/15E148 Safari/604.1"
203.239.128.249 - - [01/Feb/2024:12:32:29 +0000] "GET /api/orders HTTP/1.1" 304 23227 "-" "Mozilla/5.0 (Windows NT 10.0; Win64; x64) AppleWebKit/537.36 (KHTML, like Gecko) Chrome/120.0.0.0 Safari/537.36"
198.36.87.137 - - [16/Oct/2024:20:43:30 +0000] "GET /static/img/banner.jpg HTTP/1.1" 200 7144 "-" "Mozilla/5.0 (iPhone; CPU iPhone OS 17_2 like Mac OS X) AppleWebKit/605.1.15 (KHTML, like Gecko) Version/17.2 Mobile/15E148 Safari/604.1"
203.186.83.95 - - [24/Jun/2024:12:23:02 +0000] "GET /robots.txt HTTP/1.1" 304 36919 "https://www.google.com/" "Mozilla/5.0 (Macintosh; Intel Mac OS X 10_15_7) AppleWebKit/537.36 (KHTML, like Gecko) Chrome/121.0.0.0 Safari/537.36"
10.134.91.130 - - [10/Feb/2024:12:32:28 +0000] "DELETE /static/img/hero.webp HTTP/1.1" 200 40944 "-" "PostmanRuntime/7.36.0"
172.110.172.27 - - [04/Jul/2024:11:50:21 +0000] "GET /api/search HTTP/1.1" 401 9554 "https://github.com/" "Mozilla/5.0 (Macintosh; Intel Mac OS X 10_15_7) AppleWebKit/537.36 (KHTML, like Gecko) Chrome/121.0.0.0 Safari/537.36"
66.5.58.175 - - [02/Jan/2024:01:08:45 +0000] "GET /static/js/app.js HTTP/1.1" 200 30049 "-" "Mozilla/5.0 (Macintosh; Intel Mac OS X 10_15_7) AppleWebKit/537.36 (KHTML, like Gecko) Chrome/121.0.0.0 Safari/537.36"
203.138.112.176 - - [20/Jun/2024:05:25:39 +0000] "PUT /api/cart HTTP/1.1" 304 22144 "https://example.com/dashboard" "curl/7.88.1"
10.152.101.40 - - [10/Aug/2024:00:23:21 +0000] "POST /api/users/54597/profile HTTP/1.1" 304 20263 "-" "python-requests/2.31.0"
192.250.9.29 - - [16/May/2024:20:50:49 +0000] "GET /static/fonts/inter.woff2 HTTP/1.1" 200 47377 "https://example.com/dashboard" "Mozilla/5.0 (Windows NT 10.0; Win64; x64) AppleWebKit/537.36 (KHTML, like Gecko) Chrome/120.0.0.0 Safari/537.36"
192.135.22.187 - - [17/Nov/2024:23:39:49 +0000] "GET /api/login HTTP/1.1" 404 15972 "-" "Mozilla/5.0 (Windows NT 10.0; Win64; x64) AppleWebKit/537.36 (KHTML, like Gecko) Chrome/120.0.0.0 Safari/537.36"
66.150.185.148 - - [01/Aug/2024:10:26:09 +0000] "GET /settings HTTP/1.1" 200 26994 "https://example.com/dashboard" "curl/7.88.1"
203.16.15.24 - - [23/Mar/2024:16:13:35 +0000] "GET /dashboard HTTP/1.1" 200 34537 "https://www.google.com/" "Mozilla/5.0 (iPhone; CPU iPhone OS 17_2 like Mac OS X) AppleWebKit/605.1.15 (KHTML, like Gecko) Version/17.2 Mobile/15E148 Safari/604.1"
203.63.193.21 - - [15/Sep/2024:10:34:22 +0000] "POST /profile HTTP/1.1" 404 45536 "https://example.com/dashboard" "Mozilla/5.0 (X11; Linux x86_64) AppleWebKit/537.36 (KHTML, like Gecko) Firefox/122.0"
66.150.185.148 - - [08/May/2024:17:19:14 +0000] "GET /api/products/search HTTP/1.1" 301 13684 "https://example.com/dashboard" "PostmanRuntime/7.36.0"
203.138.112.176 - - [16/Jun/2024:17:59:59 +0000] "POST /api/products/37722 HTTP/1.1" 200 37683 "https://github.com/" "PostmanRuntime/7.36.0"
198.234.73.68 - - [27/Jun/2024:04:18:02 +0000] "GET /admin HTTP/1.1" 200 22799 "https://example.com/" "Mozilla/5.0 (iPhone; CPU iPhone OS 17_2 like Mac OS X) AppleWebKit/605.1.15 (KHTML, like Gecko) Version/17.2 Mobile/15E148 Safari/604.1"
172.216.32.99 - - [07/Apr/2024:17:17:59 +0000] "GET /settings HTTP/1.1" 200 9096 "-" "Mozilla/5.0 (Windows NT 10.0; Win64; x64) AppleWebKit/537.36 (KHTML, like Gecko) Chrome/120.0.0.0 Safari/537.36"
172.51.194.72 - - [02/Nov/2024:16:14:40 +0000] "GET /robots.txt HTTP/1.1" 200 27186 "https://example.com/dashboard" "Mozilla/5.0 (X11; Linux x86_64) AppleWebKit/537.36 (KHTML, like Gecko) Firefox/122.0"
66.142.3.195 - - [22/Mar/2024:00:35:59 +0000] "GET /api/v2/users HTTP/1.1" 404 31275 "-" "Mozilla/5.0 (iPhone; CPU iPhone OS 17_2 like Mac OS X) AppleWebKit/605.1.15 (KHTML, like Gecko) Version/17.2 Mobile/15E148 Safari/604.1"
198.36.87.137 - - [11/May/2024:20:03:58 +0000] "HEAD /api/users HTTP/1.1" 404 37726 "-" "Mozilla/5.0 (Macintosh; Intel Mac OS X 10_15_7) AppleWebKit/537.36 (KHTML, like Gecko) Chrome/121.0.0.0 Safari/537.36"
203.63.193.21 - - [14/Mar/2024:01:53:25 +0000] "GET /api/register HTTP/1.1" 401 19070 "-" "Mozilla/5.0 (Windows NT 10.0; Win64; x64) AppleWebKit/537.36 (KHTML, like Gecko) Chrome/120.0.0.0 Safari/537.36"
198.125.83.119 - - [19/Oct/2024:03:59:21 +0000] "GET /static/css/theme.css HTTP/1.1" 404 35705 "https://example.com/dashboard" "curl/7.88.1"
172.110.172.27 - - [28/Sep/2024:14:17:12 +0000] "GET /api/cart/remove HTTP/1.1" 200 48014 "https://example.com/" "Mozilla/5.0 (iPhone; CPU iPhone OS 17_2 like Mac OS X) AppleWebKit/605.1.15 (KHTML, like Gecko) Version/17.2 Mobile/15E148 Safari/604.1"
203.63.193.21 - - [01/Dec/2024:10:50:18 +0000] "GET /profile HTTP/1.1" 401 12759 "https://github.com/" "Mozilla/5.0 (Macintosh; Intel Mac OS X 10_15_7) AppleWebKit/537.36 (KHTML, like Gecko) Chrome/121.0.0.0 Safari/537.36"
66.219.204.93 - - [17/Jun/2024:02:25:42 +0000] "GET /api/register HTTP/1.1" 200 31390 "-" "Mozilla/5.0 (X11; Linux x86_64) AppleWebKit/537.36 (KHTML, like Gecko) Firefox/122.0"
198.57.12.190 - - [09/Jul/2024:07:28:48 +0000] "GET /api/cart/remove HTTP/1.1" 200 38272 "-" "PostmanRuntime/7.36.0"
203.186.83.95 - - [21/Jun/2024:22:15:03 +0000] "POST /api/users/61001/profile HTTP/1.1" 200 10567 "https://example.com/" "Mozilla/5.0 (iPhone; CPU iPhone OS 17_2 like Mac OS X) AppleWebKit/605.1.15 (KHTML, like Gecko) Version/17.2 Mobile/15E148 Safari/604.1"
172.216.174.72 - - [21/May/2024:11:39:14 +0000] "GET /api/users/62677/orders HTTP/1.1" 200 29917 "https://www.google.com/" "PostmanRuntime/7.36.0"
172.126.134.192 - - [23/Sep/2024:15:48:34 +0000] "POST /api/orders HTTP/1.1" 500 16317 "-" "PostmanRuntime/7.36.0"
66.136.174.29 - - [15/Sep/2024:22:23:04 +0000] "GET /api/users/8095/profile HTTP/1.1" 200 33227 "-" "Mozilla/5.0 (Macintosh; Intel Mac OS X 10_15_7) AppleWebKit/537.36 (KHTML, like Gecko) Chrome/121.0.0.0 Safari/537.36"
192.135.22.187 - - [11/Sep/2024:14:07:43 +0000] "GET /admin HTTP/1.1" 304 32135 "https://example.com/dashboard" "Mozilla/5.0 (Windows NT 10.0; Win64; x64) AppleWebKit/537.36 (KHTML, like Gecko) Chrome/120.0.0.0 Safari/537.36"
203.16.15.24 - - [15/Mar/2024:16:26:29 +0000] "GET /robots.txt HTTP/1.1" 200 30402 "https://example.com/" "PostmanRuntime/7.36.0"
192.125.114.36 - - [13/May/2024:00:47:13 +0000] "GET /sitemap.xml HTTP/1.1" 200 27867 "-" "Mozilla/5.0 (X11; Linux x86_64) AppleWebKit/537.36 (KHTML, like Gecko) Firefox/122.0"
192.222.80.117 - - [02/Feb/2024:15:02:18 +0000] "GET /api/register HTTP/1.1" 500 8975 "https://github.com/" "python-requests/2.31.0"
10.108.161.55 - - [13/Aug/2024:12:24:05 +0000] "POST /dashboard HTTP/1.1" 200 8815 "https://www.google.com/" "PostmanRuntime/7.36.0"
172.216.174.72 - - [06/Sep/2024:12:33:08 +0000] "PUT /api/orders/456 HTTP/1.1" 401 1589 "https://example.com/dashboard" "Mozilla/5.0 (X11; Linux x86_64) AppleWebKit/537.36 (KHTML, like Gecko) Firefox/122.0"
192.222.80.117 - - [14/Sep/2024:12:52:14 +0000] "GET /static/css/theme.css HTTP/1.1" 200 10266 "-" "Mozilla/5.0 (X11; Linux x86_64) AppleWebKit/537.36 (KHTML, like Gecko) Firefox/122.0"
172.216.174.72 - - [02/Nov/2024:13:39:49 +0000] "GET /api/orders/27012/status HTTP/1.1" 200 6712 "-" "curl/7.88.1"
172.70.252.24 - - [20/Nov/2024:22:55:03 +0000] "GET /favicon.ico HTTP/1.1" 200 28867 "-" "Mozilla/5.0 (Macintosh; Intel Mac OS X 10_15_7) AppleWebKit/537.36 (KHTML, like Gecko) Chrome/121.0.0.0 Safari/537.36"
203.16.15.24 - - [05/Sep/2024:09:14:52 +0000] "PUT /static/fonts/inter.woff2 HTTP/1.1" 200 37945 "https://www.google.com/" "curl/7.88.1"
172.51.194.72 - - [10/Mar/2024:21:33:14 +0000] "GET /api/cart HTTP/1.1" 200 4094 "-" "curl/7.88.1"
66.219.204.93 - - [18/Aug/2024:01:22:41 +0000] "POST /api/health HTTP/1.1" 200 20988 "https://github.com/" "PostmanRuntime/7.36.0"
172.126.134.192 - - [05/May/2024:12:11:48 +0000] "GET /static/js/app.js HTTP/1.1" 200 14868 "-" "Mozilla/5.0 (X11; Linux x86_64) AppleWebKit/537.36 (KHTML, like Gecko) Firefox/122.0"
10.56.78.161 - - [02/Sep/2024:13:26:35 +0000] "GET /api/users/50911/orders HTTP/1.1" 200 16811 "https://www.google.com/" "Mozilla/5.0 (Macintosh; Intel Mac OS X 10_15_7) AppleWebKit/537.36 (KHTML, like Gecko) Chrome/121.0.0.0 Safari/537.36"
172.214.112.115 - - [15/Jun/2024:02:34:46 +0000] "GET /robots.txt HTTP/1.1" 200 24818 "-" "PostmanRuntime/7.36.0"
172.119.13.144 - - [07/Oct/2024:23:42:35 +0000] "GET /static/js/app.js HTTP/1.1" 200 21921 "-" "Mozilla/5.0 (X11; Linux x86_64) AppleWebKit/537.36 (KHTML, like Gecko) Firefox/122.0"
172.35.23.170 - - [07/Dec/2024:03:47:48 +0000] "GET /api/orders/91178/status HTTP/1.1" 304 46222 "https://github.com/" "Mozilla/5.0 (Macintosh; Intel Mac OS X 10_15_7) AppleWebKit/537.36 (KHTML, like Gecko) Chrome/121.0.0.0 Safari/537.36"
172.51.194.72 - - [18/Jun/2024:09:24:29 +0000] "GET /docs HTTP/1.1" 200 20312 "https://www.google.com/" "Mozilla/5.0 (X11; Linux x86_64) AppleWebKit/537.36 (KHTML, like Gecko) Firefox/122.0"
66.5.58.175 - - [16/Aug/2024:03:51:46 +0000] "GET /api/cart/add HTTP/1.1" 200 24394 "https://github.com/" "Mozilla/5.0 (X11; Linux x86_64) AppleWebKit/537.36 (KHTML, like Gecko) Firefox/122.0"
198.52.44.152 - - [19/Apr/2024:23:09:01 +0000] "GET /static/img/hero.webp HTTP/1.1" 304 38054 "https://github.com/" "PostmanRuntime/7.36.0"
198.36.87.137 - - [05/Apr/2024:10:14:24 +0000] "GET /api/orders/65445/status HTTP/1.1" 200 43000 "https://www.google.com/" "PostmanRuntime/7.36.0"
203.186.83.95 - - [25/Aug/2024:23:41:47 +0000] "GET /static/css/theme.css HTTP/1.1" 200 48122 "https://www.google.com/" "python-requests/2.31.0"
192.135.22.187 - - [05/Dec/2024:17:31:11 +0000] "GET /docs HTTP/1.1" 200 34437 "-" "Mozilla/5.0 (Windows NT 10.0; Win64; x64) AppleWebKit/537.36 (KHTML, like Gecko) Chrome/120.0.0.0 Safari/537.36"
203.16.15.24 - - [25/Jan/2024:13:08:53 +0000] "POST /api/orders/8909 HTTP/1.1" 301 9997 "-" "Mozilla/5.0 (Windows NT 10.0; Win64; x64) AppleWebKit/537.36 (KHTML, like Gecko) Chrome/120.0.0.0 Safari/537.36"
66.5.58.175 - - [15/Jun/2024:01:39:40 +0000] "POST /pricing HTTP/1.1" 200 43306 "-" "Mozilla/5.0 (iPhone; CPU iPhone OS 17_2 like Mac OS X) AppleWebKit/605.1.15 (KHTML, like Gecko) Version/17.2 Mobile/15E148 Safari/604.1"
198.57.12.190 - - [18/Sep/2024:13:00:01 +0000] "GET /api/products/70221 HTTP/1.1" 200 1223 "https://github.com/" "curl/7.88.1"
203.63.193.21 - - [04/Feb/2024:16:09:15 +0000] "GET /pricing HTTP/1.1" 200 16642 "https://www.google.com/" "python-requests/2.31.0"
192.107.136.180 - - [26/Jul/2024:02:23:25 +0000] "GET /static/fonts/inter.woff2 HTTP/1.1" 200 45794 "https://example.com/" "Mozilla/5.0 (Macintosh; Intel Mac OS X 10_15_7) AppleWebKit/537.36 (KHTML, like Gecko) Chrome/121.0.0.0 Safari/537.36"
172.214.112.115 - - [21/Nov/2024:01:05:25 +0000] "GET /api/health HTTP/1.1" 200 31295 "-" "Mozilla/5.0 (Windows NT 10.0; Win64; x64) AppleWebKit/537.36 (KHTML, like Gecko) Chrome/120.0.0.0 Safari/537.36"
192.135.22.187 - - [03/Aug/2024:13:41:50 +0000] "GET /static/fonts/inter.woff2 HTTP/1.1" 200 34713 "-" "Mozilla/5.0 (Windows NT 10.0; Win64; x64) AppleWebKit/537.36 (KHTML, like Gecko) Chrome/120.0.0.0 Safari/537.36"
172.35.23.170 - - [28/Dec/2024:18:30:17 +0000] "GET /sitemap.xml HTTP/1.1" 404 18474 "-" "curl/7.88.1"
203.63.193.21 - - [28/Jun/2024:00:13:37 +0000] "GET /admin HTTP/1.1" 200 5142 "-" "Mozilla/5.0 (X11; Linux x86_64) AppleWebKit/537.36 (KHTML, like Gecko) Firefox/122.0"
10.152.101.40 - - [08/Oct/2024:12:43:57 +0000] "GET /api/cart/remove HTTP/1.1" 200 49619 "-" "PostmanRuntime/7.36.0"
172.214.112.115 - - [17/Dec/2024:11:03:06 +0000] "GET /api/orders/9964 HTTP/1.1" 200 39760 "https://github.com/" "python-requests/2.31.0"
203.138.112.176 - - [01/Nov/2024:08:50:28 +0000] "GET /api/orders/46637 HTTP/1.1" 200 24703 "-" "Mozilla/5.0 (iPhone; CPU iPhone OS 17_2 like Mac OS X) AppleWebKit/605.1.15 (KHTML, like Gecko) Version/17.2 Mobile/15E148 Safari/604.1"
192.82.0.154 - - [22/Jul/2024:02:49:39 +0000] "GET /api/orders/93469/status HTTP/1.1" 200 5476 "-" "Mozilla/5.0 (X11; Linux x86_64) AppleWebKit/537.36 (KHTML, like Gecko) Firefox/122.0"
198.255.202.227 - - [23/Nov/2024:04:47:24 +0000] "GET /api/search HTTP/1.1" 200 6097 "https://example.com/" "Mozilla/5.0 (Windows NT 10.0; Win64; x64) AppleWebKit/537.36 (KHTML, like Gecko) Chrome/120.0.0.0 Safari/537.36"
172.70.252.24 - - [12/May/2024:03:08:05 +0000] "GET /api/v2/orders HTTP/1.1" 200 36602 "https://github.com/" "curl/7.88.1"
66.142.3.195 - - [01/Feb/2024:11:35:05 +0000] "POST /contact HTTP/1.1" 200 25346 "https://example.com/" "Mozilla/5.0 (Windows NT 10.0; Win64; x64) AppleWebKit/537.36 (KHTML, like Gecko) Chrome/120.0.0.0 Safari/537.36"
172.126.134.192 - - [13/Feb/2024:23:57:35 +0000] "GET /static/fonts/inter.woff2 HTTP/1.1" 200 11213 "https://github.com/" "PostmanRuntime/7.36.0"
192.135.22.187 - - [05/May/2024:09:17:31 +0000] "GET /sitemap.xml HTTP/1.1" 200 28586 "https://github.com/" "Mozilla/5.0 (X11; Linux x86_64) AppleWebKit/537.36 (KHTML, like Gecko) Firefox/122.0"
198.125.83.119 - - [16/Feb/2024:11:16:15 +0000] "POST /blog HTTP/1.1" 200 39015 "-" "curl/7.88.1"
10.56.78.161 - - [04/Mar/2024:09:00:25 +0000] "GET /pricing HTTP/1.1" 200 21696 "https://www.google.com/" "Mozilla/5.0 (iPhone; CPU iPhone OS 17_2 like Mac OS X) AppleWebKit/605.1.15 (KHTML, like Gecko) Version/17.2 Mobile/15E148 Safari/604.1"
66.219.204.93 - - [27/Nov/2024:19:08:19 +0000] "GET /contact HTTP/1.1" 301 13263 "https://www.google.com/" "Mozilla/5.0 (iPhone; CPU iPhone OS 17_2 like Mac OS X) AppleWebKit/605.1.15 (KHTML, like Gecko) Version/17.2 Mobile/15E148 Safari/604.1"
203.63.193.21 - - [13/Jun/2024:09:47:44 +0000] "POST /static/js/vendor.js HTTP/1.1" 304 15987 "https://github.com/" "Mozilla/5.0 (X11; Linux x86_64) AppleWebKit/537.36 (KHTML, like Gecko) Firefox/122.0"
192.107.136.180 - - [27/Jul/2024:11:07:59 +0000] "GET /api/refresh HTTP/1.1" 304 35858 "-" "Mozilla/5.0 (Macintosh; Intel Mac OS X 10_15_7) AppleWebKit/537.36 (KHTML, like Gecko) Chrome/121.0.0.0 Safari/537.36"
10.56.78.161 - - [23/Apr/2024:14:51:18 +0000] "POST /sitemap.xml HTTP/1.1" 200 44204 "-" "Mozilla/5.0 (iPhone; CPU iPhone OS 17_2 like Mac OS X) AppleWebKit/605.1.15 (KHTML, like Gecko) Version/17.2 Mobile/15E148 Safari/604.1"
198.125.83.119 - - [08/May/2024:21:09:45 +0000] "GET /api/health HTTP/1.1" 200 29530 "https://example.com/dashboard" "curl/7.88.1"
192.82.0.154 - - [13/Sep/2024:16:59:58 +0000] "POST /api/v2/users HTTP/1.1" 200 2509 "https://www.google.com/" "python-requests/2.31.0"
192.222.80.117 - - [20/Nov/2024:02:06:49 +0000] "GET /dashboard HTTP/1.1" 404 23365 "-" "Mozilla/5.0 (Macintosh; Intel Mac OS X 10_15_7) AppleWebKit/537.36 (KHTML, like Gecko) Chrome/121.0.0.0 Safari/537.36"
10.152.101.40 - - [21/Nov/2024:20:25:48 +0000] "GET /api/v2/orders HTTP/1.1" 200 791 "https://example.com/" "Mozilla/5.0 (Windows NT 10.0; Win64; x64) AppleWebKit/537.36 (KHTML, like Gecko) Chrome/120.0.0.0 Safari/537.36"
172.148.40.219 - - [17/Dec/2024:16:35:37 +0000] "POST /static/fonts/inter.woff2 HTTP/1.1" 200 29314 "https://github.com/" "Mozilla/5.0 (X11; Linux x86_64) AppleWebKit/537.36 (KHTML, like Gecko) Firefox/122.0"
10.56.78.161 - - [25/Nov/2024:18:44:32 +0000] "GET /api/checkout HTTP/1.1" 200 31738 "https://example.com/" "Mozilla/5.0 (Windows NT 10.0; Win64; x64) AppleWebKit/537.36 (KHTML, like Gecko) Chrome/120.0.0.0 Safari/537.36"
172.126.134.192 - - [03/Feb/2024:23:09:22 +0000] "GET /api/cart/remove HTTP/1.1" 200 13657 "https://example.com/dashboard" "curl/7.88.1"
10.161.205.69 - - [16/Feb/2024:14:46:44 +0000] "GET /api/cart/add HTTP/1.1" 200 19778 "-" "Mozilla/5.0 (Windows NT 10.0; Win64; x64) AppleWebKit/537.36 (KHTML, like Gecko) Chrome/120.0.0.0 Safari/537.36"
192.125.114.36 - - [28/Jun/2024:20:06:43 +0000] "GET /api/orders/67633/status HTTP/1.1" 200 36269 "https://www.google.com/" "Mozilla/5.0 (Macintosh; Intel Mac OS X 10_15_7) AppleWebKit/537.36 (KHTML, like Gecko) Chrome/121.0.0.0 Safari/537.36"
10.134.91.130 - - [14/Aug/2024:07:51:25 +0000] "POST /api/register HTTP/1.1" 200 42074 "https://github.com/" "PostmanRuntime/7.36.0"
198.234.73.68 - - [01/Dec/2024:19:56:12 +0000] "GET /about HTTP/1.1" 200 25582 "-" "Mozilla/5.0 (Windows NT 10.0; Win64; x64) AppleWebKit/537.36 (KHTML, like Gecko) Chrome/120.0.0.0 Safari/537.36"
172.35.23.170 - - [09/Dec/2024:02:36:06 +0000] "GET /api/register HTTP/1.1" 200 21463 "https://example.com/dashboard" "Mozilla/5.0 (Macintosh; Intel Mac OS X 10_15_7) AppleWebKit/537.36 (KHTML, like Gecko) Chrome/121.0.0.0 Safari/537.36"
172.216.174.72 - - [09/Nov/2024:15:33:40 +0000] "GET /contact HTTP/1.1" 200 40162 "-" "Mozilla/5.0 (iPhone; CPU iPhone OS 17_2 like Mac OS X) AppleWebKit/605.1.15 (KHTML, like Gecko) Version/17.2 Mobile/15E148 Safari/604.1"
10.161.205.69 - - [12/Aug/2024:19:11:52 +0000] "POST /admin HTTP/1.1" 200 40370 "-" "curl/7.88.1"
172.110.172.27 - - [11/Feb/2024:07:19:07 +0000] "GET /api/search HTTP/1.1" 301 9364 "https://github.com/" "curl/7.88.1"
172.126.134.192 - - [20/Mar/2024:18:24:27 +0000] "GET /static/js/vendor.js HTTP/1.1" 304 35317 "-" "PostmanRuntime/7.36.0"
10.134.91.130 - - [06/Aug/2024:09:08:11 +0000] "GET /static/css/main.css HTTP/1.1" 304 3613 "https://www.google.com/" "python-requests/2.31.0"
198.57.12.190 - - [16/Mar/2024:06:52:24 +0000] "GET /static/js/analytics.js HTTP/1.1" 404 32538 "https://example.com/dashboard" "Mozilla/5.0 (iPhone; CPU iPhone OS 17_2 like Mac OS X) AppleWebKit/605.1.15 (KHTML, like Gecko) Version/17.2 Mobile/15E148 Safari/604.1"
172.126.134.192 - - [23/Aug/2024:15:10:05 +0000] "GET /index.html HTTP/1.1" 500 14552 "-" "Mozilla/5.0 (X11; Linux x86_64) AppleWebKit/537.36 (KHTML, like Gecko) Firefox/122.0"
192.107.136.180 - - [08/Sep/2024:09:10:49 +0000] "GET /static/fonts/inter.woff2 HTTP/1.1" 401 32560 "-" "curl/7.88.1"
10.152.101.40 - - [04/May/2024:17:52:23 +0000] "GET /favicon.ico HTTP/1.1" 500 47219 "-" "Mozilla/5.0 (iPhone; CPU iPhone OS 17_2 like Mac OS X) AppleWebKit/605.1.15 (KHTML, like Gecko) Version/17.2 Mobile/15E148 Safari/604.1"
