66.219.204.93 - - [04/Dec/2024:20:48:15 +0000] "GET /favicon.ico HTTP/1.1" 200 17323 "-" "Mozilla/5.0 (X11; Linux x86_64) AppleWebKit/537.36 (KHTML, like Gecko) Firefox/122.0"
172.70.252.24 - - [28/Feb/2024:07:13:51 +0000] "PUT /about HTTP/1.1" 301 23078 "https://github.com/" "python-requests/2.31.0"
192.135.22.187 - - [20/Mar/2024:06:52:13 +0000] "GET /static/fonts/inter.woff2 HTTP/1.1" 200 34983 "-" "Mozilla/5.0 (X11; Linux x86_64) AppleWebKit/537.36 (KHTML, like Gecko) Firefox/122.0"
203.138.112.176 - - [23/May/2024:09:36:17 +0000] "GET /profile HTTP/1.1" 200 8985 "https://github.com/" "python-requests/2.31.0"
203.16.15.24 - - [09/Nov/2024:04:44:55 +0000] "GET /api/orders/19169/status HTTP/1.1" 301 21208 "-" "python-requests/2.31.0"
198.234.73.68 - - [16/Mar/2024:18:40:17 +0000] "POST /api/v2/users HTTP/1.1" 200 29721 "-" "Mozilla/5.0 (Windows NT 10.0; Win64; x64) AppleWebKit/537.36 (KHTML, like Gecko) Chrome/120.0.0.0 Safari/537.36"
198.234.73.68 - - [17/Dec/2024:08:44:59 +0000] "GET /static/css/theme.css HTTP/1.1" 200 21549 "-" "curl/7.88.1"
172.214.112.115 - - [24/Aug/2024:20:42:44 +0000] "GET /sitemap.xml HTTP/1.1" 200 26164 "https://github.com/" "Mozilla/5.0 (Macintosh; Intel Mac OS X 10_15_7) AppleWebKit/537.36 (KHTML, like Gecko) Chrome/121.0.0.0 Safari/537.36"
172.35.23.170 - - [16/May/2024:10:53:18 +0000] "GET /static/img/hero.webp HTTP/1.1" 304 8658 "https://example.com/dashboard" "curl/7.88.1"
192.28.117.211 - - [22/Jan/2024:01:06:40 +0000] "GET /index.html HTTP/1.1" 200 10453 "https://example.com/dashboard" "Mozilla/5.0 (iPhone; CPU iPhone OS 17_2 like Mac OS X) AppleWebKit/605.1.15 (KHTML, like Gecko) Version/17.2 Mobile/15E148 Safari/604.1"
198.57.12.190 - - [14/Apr/2024:22:58:08 +0000] "POST /api/cart HTTP/1.1" 200 18058 "https://www.google.com/" "Mozilla/5.0 (Windows NT 10.0; Win64; x64) AppleWebKit/537.36 (KHTML, like Gecko) Chrome/120.0.0.0 Safari/537.36"
203.186.83.95 - - [03/Jun/2024:21:57:41 +0000] "GET /robots.txt HTTP/1.1" 200 41099 "-" "Mozilla/5.0 (X11; Linux x86_64) AppleWebKit/537.36 (KHTML, like Gecko) Firefox/122.0"
66.219.204.93 - - [21/Feb/2024:22:06:00 +0000] "GET /static/js/app.js HTTP/1.1" 200 8796 "-" "curl/7.88.1"
66.136.174.29 - - [22/Aug/2024:00:00:44 +0000] "GET /api/users/55354/profile HTTP/1.1" 301 8762 "-" "Mozilla/5.0 (iPhone; CPU iPhone OS 17_2 like Mac OS X) AppleWebKit/605.1.15 (KHTML, like Gecko) Version/17.2 Mobile/15E148 Safari/604.1"
172.148.40.219 - - [13/Feb/2024:23:51:06 +0000] "GET /api/cart/add HTTP/1.1" 200 19711 "https://github.com/" "Mozilla/5.0 (Macintosh; Intel Mac OS X 10_15_7) AppleWebKit/537.36 (KHTML, like Gecko) Chrome/121.0.0.0 Safari/537.36"
172.110.172.27 - - [21/Nov/2024:04:04:33 +0000] "GET / HTTP/1.1" 304 42699 "https://example.com/dashboard" "Mozilla/5.0 (Macintosh; Intel Mac OS X 10_15_7) AppleWebKit/537.36 (KHTML, like Gecko) Chrome/121.0.0.0 Safari/537.36"
10.161.205.69 - - [24/Apr/2024:20:47:09 +0000] "GET /pricing HTTP/1.1" 404 29092 "-" "python-requests/2.31.0"
172.214.112.115 - - [04/Mar/2024:03:37:46 +0000] "GET /api/checkout HTTP/1.1" 200 20711 "-" "python-requests/2.31.0"
172.51.194.72 - - [09/Nov/2024:02:15:35 +0000] "POST /contact HTTP/1.1" 302 39919 "-" "Mozilla/5.0 (X11; Linux x86_64) AppleWebKit/537.36 (KHTML, like Gecko) Firefox/122.0"
198.125.83.119 - - [07/Sep/2024:19:32:12 +0000] "PUT /api/metrics HTTP/1.1" 200 42447 "-" "Mozilla/5.0 (Windows NT 10.0; Win64; x64) AppleWebKit/537.36 (KHTML, like Gecko) Chrome/120.0.0.0 Safari/537.36"
203.239.128.249 - - [13/Feb/2024:07:31:40 +0000] "POST /sitemap.xml HTTP/1.1" 200 890 "https://www.google.com/" "Mozilla/5.0 (X11; Linux x86_64) AppleWebKit/537.36 (KHTML, like Gecko) Firefox/122.0"
172.110.172.27 - - [13/Oct/2024:13:23:34 +0000] "POST /api/register HTTP/1.1" 500 30968 "-" "python-requests/2.31.0"
192.125.114.36 - - [19/Feb/2024:00:16:13 +0000] "GET /robots.txt HTTP/1.1" 200 33301 "https://github.com/" "Mozilla/5.0 (X11; Linux x86_64) AppleWebKit/537.36 (KHTML, like Gecko) Firefox/122.0"
66.219.204.93 - - [23/Jul/2024:02:40:34 +0000] "GET /pricing HTTP/1.1" 200 18284 "https://example.com/" "Mozilla/5.0 (Windows NT 10.0; Win64; x64) AppleWebKit/537.36 (KHTML, like Gecko) Chrome/120.0.0.0 Safari/537.36"
172.214.112.115 - - [17/Apr/2024:04:34:20 +0000] "GET /about HTTP/1.1" 304 42687 "-" "PostmanRuntime/7.36.0"
198.125.83.119 - - [23/Jul/2024:23:54:15 +0000] "GET /api/orders/11301/status HTTP/1.1" 200 7701 "-" "Mozilla/5.0 (iPhone; CPU iPhone OS 17_2 like Mac OS X) AppleWebKit/605.1.15 (KHTML, like Gecko) Version/17.2 Mobile/15E148 Safari/604.1"
198.125.83.119 - - [22/Dec/2024:21:47:11 +0000] "GET / HTTP/1.1" 301 9092 "-" "PostmanRuntime/7.36.0"
192.135.22.187 - - [16/Jun/2024:16:33:50 +0000] "POST /api/products HTTP/1.1" 200 24470 "https://example.com/" "Mozilla/5.0 (Macintosh; Intel Mac OS X 10_15_7) AppleWebKit/537.36 (KHTML, like Gecko) Chrome/121.0.0.0 Safari/537.36"
172.216.174.72 - - [25/Jan/2024:10:51:27 +0000] "GET /static/img/logo.png HTTP/1.1" 200 17332 "-" "PostmanRuntime/7.36.0"
203.239.128.249 - - [15/Sep/2024:11:03:31 +0000] "GET /api/logout HTTP/1.1" 200 10409 "-" "Mozilla/5.0 (X11; Linux x86_64) AppleWebKit/537.36 (KHTML, like Gecko) Firefox/122.0"
10.152.101.40 - - [22/Dec/2024:03:14:47 +0000] "GET / HTTP/1.1" 200 905 "-" "Mozilla/5.0 (Macintosh; Intel Mac OS X 10_15_7) AppleWebKit/537.36 (KHTML, like Gecko) Chrome/121.0.0.0 Safari/537.36"
172.216.32.99 - - [12/Jul/2024:04:11:59 +0000] "GET /static/img/hero.webp HTTP/1.1" 301 48640 "https://github.com/" "PostmanRuntime/7.36.0"
172.148.40.219 - - [11/Apr/2024:13:58:46 +0000] "GET /api/products/10209 HTTP/1.1" 304 24532 "-" "Mozilla/5.0 (Windows NT 10.0; Win64; x64) AppleWebKit/537.36 (KHTML, like Gecko) Chrome/120.0.0.0 Safari/537.36"
203.63.193.21 - - [08/Sep/2024:01:25:04 +0000] "GET /api/products/search HTTP/1.1" 403 20461 "-" "Mozilla/5.0 (X11; Linux x86_64) AppleWebKit/537.36 (KHTML, like Gecko) Firefox/122.0"
10.134.91.130 - - [15/Jan/2024:11:12:18 +0000] "GET /api/cart HTTP/1.1" 302 40910 "https://example.com/dashboard" "Mozilla/5.0 (Macintosh; Intel Mac OS X 10_15_7) AppleWebKit/537.36 (KHTML, like Gecko) Chrome/121.0.0.0 Safari/537.36"
10.108.161.55 - - [19/Aug/2024:06:46:57 +0000] "GET /api/orders/19736/status HTTP/1.1" 200 26972 "-" "Mozilla/5.0 (Windows NT 10.0; Win64; x64) AppleWebKit/537.36 (KHTML, like Gecko) Chrome/120.0.0.0 Safari/537.36"
192.222.80.117 - - [12/Nov/2024:22:56:00 +0000] "GET / HTTP/1.1" 500 43177 "https://example.com/" "Mozilla/5.0 (iPhone; CPU iPhone OS 17_2 like Mac OS X) AppleWebKit/605.1.15 (KHTML, like Gecko) Version/17.2 Mobile/15E148 Safari/604.1"
66.142.3.195 - - [07/Sep/2024:07:26:31 +0000] "GET /api/login HTTP/1.1" 301 18438 "-" "Mozilla/5.0 (Windows NT 10.0; Win64; x64) AppleWebKit/537.36 (KHTML, like Gecko) Chrome/120.0.0.0 Safari/537.36"
172.148.40.219 - - [28/Sep/2024:13:44:57 +0000] "GET /static/css/theme.css HTTP/1.1" 401 5664 "-" "curl/7.88.1"
66.5.58.175 - - [05/Nov/2024:12:04:37 +0000] "GET /robots.txt HTTP/1.1" 200 43513 "-" "Mozilla/5.0 (Macintosh; Intel Mac OS X 10_15_7) AppleWebKit/537.36 (KHTML, like Gecko) Chrome/121.0.0.0 Safari/537.36"
198.36.87.137 - - [09/Jun/2024:12:44:53 +0000] "PUT /api/cart/add HTTP/1.1" 200 29771 "-" "Mozilla/5.0 (X11; Linux x86_64) AppleWebKit/537.36 (KHTML, like Gecko) Firefox/122.0"
172.119.13.144 - - [07/Mar/2024:18:06:09 +0000] "GET /api/logout HTTP/1.1" 200 30643 "https://github.com/" "Mozilla/5.0 (X11; Linux x86_64) AppleWebKit/537.36 (KHTML, like Gecko) Firefox/122.0"
172.216.174.72 - - [18/Jun/2024:06:28:19 +0000] "GET /api/products HTTP/1.1" 200 6025 "https://example.com/" "Mozilla/5.0 (Macintosh; Intel Mac OS X 10_15_7) AppleWebKit/537.36 (KHTML, like Gecko) Chrome/121.0.0.0 Safari/537.36"
192.250.9.29 - - [02/Apr/2024:10:09:05 +0000] "POST /api/orders/46628/status HTTP/1.1" 200 33750 "https://example.com/" "Mozilla/5.0 (Windows NT 10.0; Win64; x64) AppleWebKit/537.36 (KHTML, like Gecko) Chrome/120.0.0.0 Safari/537.36"
203.186.83.95 - - [27/Mar/2024:00:25:54 +0000] "GET /static/img/hero.webp HTTP/1.1" 401 36152 "-" "Mozilla/5.0 (Macintosh; Intel Mac OS X 10_15_7) AppleWebKit/537.36 (KHTML, like Gecko) Chrome/121.0.0.0 Safari/537.36"
10.56.78.161 - - [04/Mar/2024:03:00:03 +0000] "HEAD /api/orders/17134 HTTP/1.1" 200 26352 "-" "Mozilla/5.0 (X11; Linux x86_64) AppleWebKit/537.36 (KHTML, like Gecko) Firefox/122.0"
192.82.0.154 - - [19/May/2024:02:01:04 +0000] "GET /docs HTTP/1.1" 200 8540 "https://www.google.com/" "Mozilla/5.0 (Windows NT 10.0; Win64; x64) AppleWebKit/537.36 (KHTML, like Gecko) Chrome/120.0.0.0 Safari/537.36"
172.216.174.72 - - [02/Aug/2024:01:10:59 +0000] "GET /api/v2/orders HTTP/1.1" 302 25986 "-" "Mozilla/5.0 (iPhone; CPU iPhone OS 17_2 like Mac OS X) AppleWebKit/605.1.15 (KHTML, like Gecko) Version/17.2 Mobile/15E148 Safari/604.1"
198.255.202.227 - - [22/Jul/2024:05:22:13 +0000] "GET /api/products/36682 HTTP/1.1" 200 9840 "-" "Mozilla/5.0 (Windows NT 10.0; Win64; x64) AppleWebKit/537.36 (KHTML, like Gecko) Chrome/120.0.0.0 Safari/537.36"
198.36.87.137 - - [16/Jul/2024:17:30:03 +0000] "GET /api/products/50203 HTTP/1.1" 200 27574 "-" "Mozilla/5.0 (Macintosh; Intel Mac OS X 10_15_7) AppleWebKit/537.36 (KHTML, like Gecko) Chrome/121.0.0.0 Safari/537.36"
192.222.80.117 - - [26/Jan/2024:12:50:45 +0000] "GET /static/js/app.js HTTP/1.1" 200 31863 "https://www.google.com/" "Mozilla/5.0 (X11; Linux x86_64) AppleWebKit/537.36 (KHTML, like Gecko) Firefox/122.0"
198.255.202.227 - - [09/Mar/2024:00:20:38 +0000] "GET /index.html HTTP/1.1" 403 18511 "https://example.com/dashboard" "Mozilla/5.0 (Windows NT 10.0; Win64; x64) AppleWebKit/537.36 (KHTML, like Gecko) Chrome/120.0.0.0 Safari/537.36"
66.136.174.29 - - [12/Oct/2024:07:10:06 +0000] "GET /dashboard HTTP/1.1" 200 17567 "-" "curl/7.88.1"
172.148.40.219 - - [19/Jul/2024:11:59:53 +0000] "GET /api/register HTTP/1.1" 200 38931 "https://www.google.com/" "Mozilla/5.0 (X11; Linux x86_64) AppleWebKit/537.36 (KHTML, like Gecko) Firefox/122.0"
192.82.0.154 - - [01/Dec/2024:22:22:36 +0000] "GET /api/login HTTP/1.1" 304 12436 "https://example.com/dashboard" "python-requests/2.31.0"
192.222.80.117 - - [10/Mar/2024:15:02:05 +0000] "GET /api/orders/78862 HTTP/1.1" 200 1406 "https://example.com/dashboard" "curl/7.88.1"
198.57.12.190 - - [11/Oct/2024:06:51:08 +0000] "GET /admin HTTP/1.1" 200 21306 "-" "Mozilla/5.0 (Windows NT 10.0; Win64; x64) AppleWebKit/537.36 (KHTML, like Gecko) Chrome/120.0.0.0 Safari/537.36"
10.194.49.92 - - [19/Dec/2024:04:49:07 +0000] "GET /api/search HTTP/1.1" 200 24583 "https://github.com/" "PostmanRuntime/7.36.0"
192.82.0.154 - - [04/Jun/2024:09:20:08 +0000] "GET /api/v2/orders HTTP/1.1" 304 32029 "https://www.google.com/" "PostmanRuntime/7.36.0"
203.63.193.21 - - [23/Sep/2024:22:56:59 +0000] "POST /api/checkout HTTP/1.1" 200 43716 "-" "curl/7.88.1"
198.255.202.227 - - [10/Dec/2024:22:18:08 +0000] "GET / HTTP/1.1" 301 37641 "-" "Mozilla/5.0 (iPhone; CPU iPhone OS 17_2 like Mac OS X) AppleWebKit/605.1.15 (KHTML, like Gecko) Version/17.2 Mobile/15E148 Safari/604.1"
203.63.193.21 - - [20/Jun/2024:19:14:40 +0000] "GET /api/users/65036 HTTP/1.1" 200 21803 "-" "PostmanRuntime/7.36.0"
172.51.194.72 - - [12/Jun/2024:05:40:56 +0000] "GET /admin HTTP/1.1" 404 41984 "https://www.google.com/" "PostmanRuntime/7.36.0"
172.70.252.24 - - [01/May/2024:06:15:44 +0000] "GET /api/checkout HTTP/1.1" 200 7180 "-" "PostmanRuntime/7.36.0"
203.16.15.24 - - [13/Aug/2024:23:26:10 +0000] "GET /static/js/vendor.js HTTP/1.1" 200 23118 "https://github.com/" "curl/7.88.1"
66.142.3.195 - - [27/Aug/2024:18:41:48 +0000] "POST /api/orders/21320 HTTP/1.1" 200 4930 "-" "python-requests/2.31.0"
198.36.87.137 - - [01/Jun/2024:08:06:04 +0000] "GET /api/logout HTTP/1.1" 200 10645 "-" "PostmanRuntime/7.36.0"
10.134.91.130 - - [03/Jun/2024:19:39:57 +0000] "GET /admin HTTP/1.1" 200 28367 "-" "PostmanRuntime/7.36.0"
192.250.9.29 - - [14/Mar/2024:01:06:21 +0000] "GET /api/refresh HTTP/1.1" 200 45791 "https://example.com/" "curl/7.88.1"
198.36.87.137 - - [10/Apr/2024:03:03:25 +0000] "GET /static/img/hero.webp HTTP/1.1" 200 10165 "https://www.google.com/" "Mozilla/5.0 (Windows NT 10.0; Win64; x64) AppleWebKit/537.36 (KHTML, like Gecko) Chrome/120.0.0.0 Safari/537.36"
198.57.12.190 - - [14/Feb/2024:09:52:42 +0000] "POST /contact HTTP/1.1" 200 13185 "-" "Mozilla/5.0 (Windows NT 10.0; Win64; x64) AppleWebKit/537.36 (KHTML, like Gecko) Chrome/120.0.0.0 Safari/537.36"
172.35.23.170 - - [06/Nov/2024:09:05:30 +0000] "GET /api/cart HTTP/1.1" 200 30963 "https://example.com/" "Mozilla/5.0 (iPhone; CPU iPhone OS 17_2 like Mac OS X) AppleWebKit/605.1.15 (KHTML, like Gecko) Version/17.2 Mobile/15E148 Safari/604.1"
172.214.112.115 - - [21/Sep/2024:12:11:23 +0000] "GET /api/search HTTP/1.1" 200 29314 "https://example.com/" "Mozilla/5.0 (Windows NT 10.0; Win64; x64) AppleWebKit/537.36 (KHTML, like Gecko) Chrome/120.0.0.0 Safari/537.36"
172.70.252.24 - - [15/May/2024:07:53:17 +0000] "GET /robots.txt HTTP/1.1" 200 49398 "-" "PostmanRuntime/7.36.0"
172.214.112.115 - - [22/Jun/2024:17:26:48 +0000] "POST /api/orders/72562 HTTP/1.1" 200 25469 "https://github.com/" "python-requests/2.31.0"
192.222.80.117 - - [22/Aug/2024:18:56:15 +0000] "GET /api/cart HTTP/1.1" 200 25973 "-" "python-requests/2.31.0"
66.5.58.175 - - [19/Sep/2024:18:43:39 +0000] "GET /api/users/99247/profile HTTP/1.1" 200 11429 "-" "Mozilla/5.0 (Macintosh; Intel Mac OS X 10_15_7) AppleWebKit/537.36 (KHTML, like Gecko) Chrome/121.0.0.0 Safari/537.36"
66.150.185.148 - - [05/Jan/2024:13:05:43 +0000] "GET /api/refresh HTTP/1.1" 304 9791 "https://example.com/" "python-requests/2.31.0"
203.138.112.176 - - [24/Feb/2024:02:24:35 +0000] "GET /static/img/hero.webp HTTP/1.1" 200 18201 "https://example.com/dashboard" "curl/7.88.1"
198.57.12.190 - - [26/Dec/2024:19:37:33 +0000] "GET /api/users/54322/profile HTTP/1.1" 200 9812 "-" "curl/7.88.1"
66.142.3.195 - - [19/Feb/2024:09:55:34 +0000] "GET /api/v2/users HTTP/1.1" 200 25203 "https://example.com/dashboard" "PostmanRuntime/7.36.0"
10.152.101.40 - - [20/Aug/2024:01:11:17 +0000] "GET /api/login HTTP/1.1" 304 39988 "https://github.com/" "PostmanRuntime/7.36.0"
198.52.44.152 - - [13/Jun/2024:22:15:03 +0000] "PUT /static/js/app.js HTTP/1.1" 200 24508 "https://www.google.com/" "Mozilla/5.0 (Windows NT 10.0; Win64; x64) AppleWebKit/537.36 (KHTML, like Gecko) Chrome/120.0.0.0 Safari/537.36"
198.125.83.119 - - [10/May/2024:15:54:44 +0000] "POST /api/users/29879 HTTP/1.1" 200 19792 "https://example.com/dashboard" "PostmanRuntime/7.36.0"
203.138.112.176 - - [09/Dec/2024:13:38:41 +0000] "GET /api/refresh HTTP/1.1" 200 13953 "https://github.com/" "python-requests/2.31.0"
203.239.128.249 - - [25/Sep/2024:11:52:03 +0000] "GET /api/logout HTTP/1.1" 200 20489 "https://github.com/" "PostmanRuntime/7.36.0"
172.110.172.27 - - [25/Sep/2024:18:01:11 +0000] "GET /api/refresh HTTP/1.1" 200 16450 "https://example.com/dashboard" "Mozilla/5.0 (Windows NT 10.0; Win64; x64) AppleWebKit/537.36 (KHTML, like Gecko) Chrome/120.0.0.0 Safari/537.36"
203.16.15.24 - - [12/Dec/2024:06:17:23 +0000] "GET /static/js/analytics.js HTTP/1.1" 200 41742 "-" "Mozilla/5.0 (Windows NT 10.0; Win64; x64) AppleWebKit/537.36 (KHTML, like Gecko) Chrome/120.0.0.0 Safari/537.36"
172.51.194.72 - - [12/Aug/2024:19:28:11 +0000] "GET /about HTTP/1.1" 200 23021 "-" "Mozilla/5.0 (X11; Linux x86_64) AppleWebKit/537.36 (KHTML, like Gecko) Firefox/122.0"
203.186.83.95 - - [24/Dec/2024:02:18:01 +0000] "GET /robots.txt HTTP/1.1" 200 37603 "-" "python-requests/2.31.0"
172.148.40.219 - - [21/Apr/2024:21:13:17 +0000] "POST /api/v2/users HTTP/1.1" 200 1414 "-" "python-requests/2.31.0"
172.216.32.99 - - [05/Nov/2024:05:38:51 +0000] "GET /api/orders/33082 HTTP/1.1" 304 20118 "https://example.com/" "PostmanRuntime/7.36.0"
66.219.204.93 - - [13/Jun/2024:14:16:13 +0000] "GET /api/cart HTTP/1.1" 404 34220 "https://github.com/" "python-requests/2.31.0"
192.82.0.154 - - [04/Jan/2024:16:42:53 +0000] "GET /static/img/hero.webp HTTP/1.1" 404 39013 "https://example.com/" "curl/7.88.1"
198.125.83.119 - - [22/Feb/2024:15:04:21 +0000] "GET /blog HTTP/1.1" 200 18245 "https://example.com/" "Mozilla/5.0 (X11; Linux x86_64) AppleWebKit/537.36 (KHTML, like Gecko) Firefox/122.0"
66.150.185.148 - - [05/Sep/2024:07:57:03 +0000] "POST /api/metrics HTTP/1.1" 404 21044 "-" "PostmanRuntime/7.36.0"
192.125.114.36 - - [21/Aug/2024:09:16:58 +0000] "GET /api/metrics HTTP/1.1" 200 48382 "-" "Mozilla/5.0 (Windows NT 10.0; Win64; x64) AppleWebKit/537.36 (KHTML, like Gecko) Chrome/120.0.0.0 Safari/537.36"
192.28.117.211 - - [24/Dec/2024:07:43:34 +0000] "POST /static/js/app.js HTTP/1.1" 404 23594 "https://example.com/" "curl/7.88.1"
192.135.22.187 - - [27/Nov/2024:17:11:18 +0000] "GET /static/js/app.js HTTP/1.1" 200 48656 "-" "Mozilla/5.0 (X11; Linux x86_64) AppleWebKit/537.36 (KHTML, like Gecko) Firefox/122.0"
192.28.117.211 - - [21/Feb/2024:07:22:14 +0000] "PUT /api/cart HTTP/1.1" 200 21813 "https://example.com/" "Mozilla/5.0 (X11; Linux x86_64) AppleWebKit/537.36 (KHTML, like Gecko) Firefox/122.0"
192.82.0.154 - - [10/Aug/2024:03:30:03 +0000] "POST /about HTTP/1.1" 304 40775 "https://example.com/dashboard" "Mozilla/5.0 (Windows NT 10.0; Win64; x64) AppleWebKit/537.36 (KHTML, like Gecko) Chrome/120.0.0.0 Safari/537.36"
66.150.185.148 - - [17/Feb/2024:21:24:33 +0000] "GET /api/v2/users HTTP/1.1" 200 9981 "-" "Mozilla/5.0 (Macintosh; Intel Mac OS X 10_15_7) AppleWebKit/537.36 (KHTML, like Gecko) Chrome/121.0.0.0 Safari/537.36"
192.28.117.211 - - [14/Oct/2024:14:09:20 +0000] "POST /api/register HTTP/1.1" 403 5396 "https://www.google.com/" "Mozilla/5.0 (iPhone; CPU iPhone OS 17_2 like Mac OS X) AppleWebKit/605.1.15 (KHTML, like Gecko) Version/17.2 Mobile/15E148 Safari/604.1"
203.63.193.21 - - [11/Nov/2024:01:00:28 +0000] "GET /api/orders HTTP/1.1" 500 11149 "-" "curl/7.88.1"
203.239.128.249 - - [26/Feb/2024:04:39:27 +0000] "POST /api/v2/orders HTTP/1.1" 200 28216 "https://github.com/" "Mozilla/5.0 (iPhone; CPU iPhone OS 17_2 like Mac OS X) AppleWebKit/605.1.15 (KHTML, like Gecko) Version/17.2 Mobile/15E148 Safari/604.1"
198.57.12.190 - - [02/Sep/2024:06:46:23 +0000] "GET /api/cart/add HTTP/1.1" 401 34901 "-" "Mozilla/5.0 (Macintosh; Intel Mac OS X 10_15_7) AppleWebKit/537.36 (KHTML, like Gecko) Chrome/121.0.0.0 Safari/537.36"
198.57.12.190 - - [21/Dec/2024:07:14:44 +0000] "GET /api/cart HTTP/1.1" 200 6831 "https://example.com/" "Mozilla/5.0 (iPhone; CPU iPhone OS 17_2 like Mac OS X) AppleWebKit/605.1.15 (KHTML, like Gecko) Version/17.2 Mobile/15E148 Safari/604.1"
192.135.22.187 - - [03/Jan/2024:09:18:29 +0000] "PUT /static/img/logo.png HTTP/1.1" 304 34448 "https://github.com/" "Mozilla/5.0 (X11; Linux x86_64) AppleWebKit/537.36 (KHTML, like Gecko) Firefox/122.0"
172.110.172.27 - - [11/Aug/2024:11:48:12 +0000] "GET /api/metrics HTTP/1.1" 200 15069 "-" "Mozilla/5.0 (Macintosh; Intel Mac OS X 10_15_7) AppleWebKit/537.36 (KHTML, like Gecko) Chrome/121.0.0.0 Safari/537.36"
172.35.23.170 - - [24/Jan/2024:18:32:10 +0000] "GET /api/search HTTP/1.1" 301 42733 "-" "python-requests/2.31.0"
198.255.202.227 - - [21/May/2024:17:39:03 +0000] "POST /robots.txt HTTP/1.1" 404 7185 "-" "PostmanRuntime/7.36.0"
203.16.15.24 - - [23/Feb/2024:13:28:24 +0000] "GET /static/img/hero.webp HTTP/1.1" 200 31190 "-" "PostmanRuntime/7.36.0"
172.35.23.170 - - [23/Nov/2024:20:00:19 +0000] "GET /dashboard HTTP/1.1" 200 43516 "https://example.com/" "curl/7.88.1"
192.157.122.15 - - [20/Dec/2024:04:26:53 +0000] "GET /static/js/analytics.js HTTP/1.1" 302 40581 "https://example.com/" "Mozilla/5.0 (Windows NT 10.0; Win64; x64) AppleWebKit/537.36 (KHTML, like Gecko) Chrome/120.0.0.0 Safari/537.36"
172.216.174.72 - - [26/Feb/2024:15:12:38 +0000] "GET /api/products HTTP/1.1" 200 13316 "https://github.com/" "Mozilla/5.0 (X11; Linux x86_64) AppleWebKit/537.36 (KHTML, like Gecko) Firefox/122.0"
198.36.87.137 - - [06/Jan/2024:17:31:58 +0000] "GET /settings HTTP/1.1" 200 21766 "-" "Mozilla/5.0 (Macintosh; Intel Mac OS X 10_15_7) AppleWebKit/537.36 (KHTML, like Gecko) Chrome/121.0.0.0 Safari/537.36"
198.57.12.190 - - [22/Feb/2024:03:53:36 +0000] "POST /static/js/vendor.js HTTP/1.1" 200 6003 "-" "python-requests/2.31.0"
66.142.3.195 - - [09/Nov/2024:07:29:18 +0000] "GET /static/css/theme.css HTTP/1.1" 200 6641 "-" "python-requests/2.31.0"
198.52.44.152 - - [28/May/2024:11:51:43 +0000] "GET /api/v2/orders HTTP/1.1" 302 7695 "-" "Mozilla/5.0 (Windows NT 10.0; Win64; x64) AppleWebKit/537.36 (KHTML, like Gecko) Chrome/120.0.0.0 Safari/537.36"
198.57.12.190 - - [28/Mar/2024:21:41:10 +0000] "GET /api/checkout HTTP/1.1" 200 40850 "-" "Mozilla/5.0 (X11; Linux x86_64) AppleWebKit/537.36 (KHTML, like Gecko) Firefox/122.0"
10.108.161.55 - - [27/Jun/2024:05:07:25 +0000] "GET /static/css/theme.css HTTP/1.1" 200 25378 "https://example.com/dashboard" "PostmanRuntime/7.36.0"
172.126.134.192 - - [21/Mar/2024:03:08:44 +0000] "POST /robots.txt HTTP/1.1" 200 6896 "https://example.com/dashboard" "Mozilla/5.0 (iPhone; CPU iPhone OS 17_2 like Mac OS X) AppleWebKit/605.1.15 (KHTML, like Gecko) Version/17.2 Mobile/15E148 Safari/604.1"
10.152.101.40 - - [22/Aug/2024:05:39:24 +0000] "HEAD /api/checkout HTTP/1.1" 304 1988 "-" "python-requests/2.31.0"
172.216.32.99 - - [16/Feb/2024:13:28:02 +0000] "GET /api/products HTTP/1.1" 404 20693 "-" "Mozilla/5.0 (Windows NT 10.0; Win64; x64) AppleWebKit/537.36 (KHTML, like Gecko) Chrome/120.0.0.0 Safari/537.36"
192.28.117.211 - - [17/Sep/2024:22:44:39 +0000] "GET /api/v2/orders HTTP/1.1" 404 47721 "https://example.com/dashboard" "Mozilla/5.0 (Macintosh; Intel Mac OS X 10_15_7) AppleWebKit/537.36 (KHTML, like Gecko) Chrome/121.0.0.0 Safari/537.36"
10.161.205.69 - - [22/Nov/2024:20:24:09 +0000] "GET /pricing HTTP/1.1" 200 863 "-" "PostmanRuntime/7.36.0"
66.5.58.175 - - [28/Aug/2024:15:55:10 +0000] "GET /static/js/vendor.js HTTP/1.1" 200 15887 "https://example.com/" "Mozilla/5.0 (X11; Linux x86_64) AppleWebKit/537.36 (KHTML, like Gecko) Firefox/122.0"
203.16.15.24 - - [17/Apr/2024:17:41:24 +0000] "GET /api/orders/10333/status HTTP/1.1" 200 29210 "https://example.com/dashboard" "python-requests/2.31.0"
172.214.112.115 - - [28/Aug/2024:14:20:07 +0000] "GET /docs HTTP/1.1" 200 6826 "https://github.com/" "Mozilla/5.0 (iPhone; CPU iPhone OS 17_2 like Mac OS X) AppleWebKit/605.1.15 (KHTML, like Gecko) Version/17.2 Mobile/15E148 Safari/604.1"
198.52.44.152 - - [18/Sep/2024:00:52:05 +0000] "POST /pricing HTTP/1.1" 304 20062 "-" "curl/7.88.1"
10.56.78.161 - - [11/Jun/2024:01:52:14 +0000] "GET /api/cart/remove HTTP/1.1" 200 40716 "https://example.com/dashboard" "curl/7.88.1"
10.108.161.55 - - [23/Aug/2024:03:06:48 +0000] "POST /api/orders/288 HTTP/1.1" 200 23374 "https://example.com/" "python-requests/2.31.0"
10.134.91.130 - - [17/Jun/2024:22:06:02 +0000] "GET /static/js/vendor.js HTTP/1.1" 200 47079 "https://github.com/" "PostmanRuntime/7.36.0"
66.142.3.195 - - [09/Oct/2024:06:12:07 +0000] "GET /api/orders HTTP/1.1" 200 12589 "https://www.google.com/" "PostmanRuntime/7.36.0"
66.142.3.195 - - [25/Jul/2024:01:59:40 +0000] "POST /about HTTP/1.1" 200 29624 "-" "Mozilla/5.0 (iPhone; CPU iPhone OS 17_2 like Mac OS X) AppleWebKit/605.1.15 (KHTML, like Gecko) Version/17.2 Mobile/15E148 Safari/604.1"
203.239.128.249 - - [01/Sep/2024:23:03:35 +0000] "GET /about HTTP/1.1" 200 33414 "-" "python-requests/2.31.0"
192.82.0.154 - - [06/Dec/2024:04:06:24 +0000] "POST /contact HTTP/1.1" 304 21192 "https://github.com/" "curl/7.88.1"
172.126.134.192 - - [20/Dec/2024:07:17:25 +0000] "GET /api/products/search HTTP/1.1" 200 8840 "https://github.com/" "Mozilla/5.0 (Macintosh; Intel Mac OS X 10_15_7) AppleWebKit/537.36 (KHTML, like Gecko) Chrome/121.0.0.0 Safari/537.36"
192.250.9.29 - - [23/Dec/2024:16:19:53 +0000] "POST /static/img/hero.webp HTTP/1.1" 200 46753 "-" "PostmanRuntime/7.36.0"
66.150.185.148 - - [07/Oct/2024:22:18:43 +0000] "GET /profile HTTP/1.1" 200 46656 "-" "PostmanRuntime/7.36.0"
66.5.58.175 - - [18/Dec/2024:20:20:45 +0000] "GET /api/checkout HTTP/1.1" 200 31581 "https://github.com/" "curl/7.88.1"
192.222.80.117 - - [10/Jul/2024:00:33:06 +0000] "GET /api/health HTTP/1.1" 200 3577 "-" "PostmanRuntime/7.36.0"
66.150.185.148 - - [09/Mar/2024:09:43:16 +0000] "GET /robots.txt HTTP/1.1" 301 19442 "-" "Mozilla/5.0 (Macintosh; Intel Mac OS X 10_15_7) AppleWebKit/537.36 (KHTML, like Gecko) Chrome/121.0.0.0 Safari/537.36"
10.161.205.69 - - [27/Aug/2024:03:39:55 +0000] "POST /static/img/hero.webp HTTP/1.1" 200 48754 "https://github.com/" "PostmanRuntime/7.36.0"
172.51.194.72 - - [17/Dec/2024:09:44:42 +0000] "GET /api/health HTTP/1.1" 200 27400 "https://www.google.com/" "python-requests/2.31.0"
10.134.91.130 - - [02/Jan/2024:23:16:12 +0000] "POST /static/css/main.css HTTP/1.1" 200 41635 "https://www.google.com/" "PostmanRuntime/7.36.0"
192.82.0.154 - - [18/Dec/2024:19:12:49 +0000] "POST /api/refresh HTTP/1.1" 200 29513 "-" "Mozilla/5.0 (Macintosh; Intel Mac OS X 10_15_7) AppleWebKit/537.36 (KHTML, like Gecko) Chrome/121.0.0.0 Safari/537.36"
203.63.193.21 - - [06/Dec/2024:16:07:24 +0000] "GET /api/v2/orders HTTP/1.1" 200 36577 "-" "Mozilla/5.0 (X11; Linux x86_64) AppleWebKit/537.36 (KHTML, like Gecko) Firefox/122.0"
192.135.22.187 - - [19/May/2024:00:21:29 +0000] "POST /api/login HTTP/1.1" 200 10173 "-" "Mozilla/5.0 (X11; Linux x86_64) AppleWebKit/537.36 (KHTML, like Gecko) Firefox/122.0"
192.157.122.15 - - [27/Nov/2024:09:31:50 +0000] "GET /static/img/hero.webp HTTP/1.1" 200 4876 "https://www.google.com/" "python-requests/2.31.0"
66.136.174.29 - - [08/Mar/2024:16:04:50 +0000] "GET /api/logout HTTP/1.1" 200 35691 "https://github.com/" "curl/7.88.1"
172.214.112.115 - - [12/Apr/2024:06:42:21 +0000] "GET /api/search HTTP/1.1" 200 14416 "https://example.com/dashboard" "python-requests/2.31.0"
10.134.91.130 - - [27/Nov/2024:00:07:42 +0000] "GET /static/css/main.css HTTP/1.1" 200 42191 "-" "curl/7.88.1"
198.52.44.152 - - [22/Jun/2024:12:58:50 +0000] "GET /api/health HTTP/1.1" 200 35504 "https://example.com/" "PostmanRuntime/7.36.0"
192.125.114.36 - - [17/Jun/2024:16:51:32 +0000] "GET /static/js/vendor.js HTTP/1.1" 200 19527 "-" "PostmanRuntime/7.36.0"
203.138.112.176 - - [17/Feb/2024:03:10:49 +0000] "GET /static/img/banner.jpg HTTP/1.1" 200 41186 "-" "Mozilla/5.0 (Windows NT 10.0; Win64; x64) AppleWebKit/537.36 (KHTML, like Gecko) Chrome/120.0.0.0 Safari/537.36"
172.35.23.170 - - [28/Nov/2024:13:53:06 +0000] "GET /static/img/banner.jpg HTTP/1.1" 301 48686 "https://github.com/" "python-requests/2.31.0"
172.119.13.144 - - [24/Nov/2024:04:01:29 +0000] "POST /api/cart/remove HTTP/1.1" 200 5835 "-" "Mozilla/5.0 (Windows NT 10.0; Win64; x64) AppleWebKit/537.36 (KHTML, like Gecko) Chrome/120.0.0.0 Safari/537.36"
203.63.193.21 - - [26/May/2024:17:04:36 +0000] "GET /api/products HTTP/1.1" 200 25530 "https://github.com/" "Mozilla/5.0 (iPhone; CPU iPhone OS 17_2 like Mac OS X) AppleWebKit/605.1.15 (KHTML, like Gecko) Version/17.2 Mobile/15E148 Safari/604.1"
66.219.204.93 - - [11/Jan/2024:12:43:07 +0000] "GET / HTTP/1.1" 404 47304 "-" "curl/7.88.1"
192.82.0.154 - - [02/Dec/2024:02:22:59 +0000] "GET /api/users/37990 HTTP/1.1" 404 19849 "-" "curl/7.88.1"
198.36.87.137 - - [25/Aug/2024:12:25:52 +0000] "POST /index.html HTTP/1.1" 200 10344 "-" "curl/7.88.1"
172.110.172.27 - - [24/Jul/2024:17:18:40 +0000] "GET /api/cart HTTP/1.1" 404 47897 "https://www.google.com/" "PostmanRuntime/7.36.0"
198.57.12.190 - - [18/Sep/2024:04:07:02 +0000] "GET /static/fonts/inter.woff2 HTTP/1.1" 304 25926 "-" "curl/7.88.1"
198.125.83.119 - - [07/Dec/2024:23:57:46 +0000] "GET /api/orders HTTP/1.1" 200 42431 "-" "python-requests/2.31.0"
192.135.22.187 - - [06/Apr/2024:19:53:16 +0000] "GET /api/users/23771/profile HTTP/1.1" 404 37278 "-" "python-requests/2.31.0"
10.134.91.130 - - [15/Nov/2024:17:04:18 +0000] "POST /sitemap.xml HTTP/1.1" 200 6535 "https://example.com/dashboard" "Mozilla/5.0 (Macintosh; Intel Mac OS X 10_15_7) AppleWebKit/537.36 (KHTML, like Gecko) Chrome/121.0.0.0 Safari/537.36"
192.28.117.211 - - [12/Mar/2024:21:41:15 +0000] "GET /api/products/search HTTP/1.1" 304 4674 "https://www.google.com/" "Mozilla/5.0 (Macintosh; Intel Mac OS X 10_15_7) AppleWebKit/537.36 (KHTML, like Gecko) Chrome/121.0.0.0 Safari/537.36"
203.239.128.249 - - [15/Jun/2024:19:42:19 +0000] "POST /about HTTP/1.1" 200 37164 "https://www.google.com/" "curl/7.88.1"
203.138.112.176 - - [14/Mar/2024:00:20:15 +0000] "GET /admin HTTP/1.1" 302 42097 "https://example.com/" "Mozilla/5.0 (iPhone; CPU iPhone OS 17_2 like Mac OS X) AppleWebKit/605.1.15 (KHTML, like Gecko) Version/17.2 Mobile/15E148 Safari/604.1"
10.108.161.55 - - [05/Nov/2024:23:21:56 +0000] "GET /static/css/theme.css HTTP/1.1" 200 23610 "https://example.com/" "python-requests/2.31.0"
203.239.128.249 - - [18/Feb/2024:05:41:38 +0000] "GET /api/products/18351 HTTP/1.1" 200 12973 "-" "Mozilla/5.0 (X11; Linux x86_64) AppleWebKit/537.36 (KHTML, like Gecko) Firefox/122.0"
172.119.13.144 - - [01/Sep/2024:20:01:52 +0000] "GET /about HTTP/1.1" 200 38768 "-" "Mozilla/5.0 (Macintosh; Intel Mac OS X 10_15_7) AppleWebKit/537.36 (KHTML, like Gecko) Chrome/121.0.0.0 Safari/537.36"
10.134.91.130 - - [09/Sep/2024:17:30:41 +0000] "HEAD /api/login HTTP/1.1" 200 25822 "https://example.com/" "Mozilla/5.0 (Macintosh; Intel Mac OS X 10_15_7) AppleWebKit/537.36 (KHTML, like Gecko) Chrome/121.0.0.0 Safari/537.36"
172.110.172.27 - - [15/Sep/2024:16:05:25 +0000] "GET /static/js/analytics.js HTTP/1.1" 200 43529 "-" "Mozilla/5.0 (Macintosh; Intel Mac OS X 10_15_7) AppleWebKit/537.36 (KHTML, like Gecko) Chrome/121.0.0.0 Safari/537.36"
66.5.58.175 - - [05/Aug/2024:05:11:36 +0000] "GET /dashboard HTTP/1.1" 200 48329 "https://example.com/dashboard" "PostmanRuntime/7.36.0"
10.161.205.69 - - [02/Apr/2024:15:14:04 +0000] "GET /api/search HTTP/1.1" 200 2905 "-" "PostmanRuntime/7.36.0"
66.136.174.29 - - [26/Jun/2024:12:30:58 +0000] "GET /favicon.ico HTTP/1.1" 200 42601 "-" "Mozilla/5.0 (X11; Linux x86_64) AppleWebKit/537.36 (KHTML, like Gecko) Firefox/122.0"
66.136.174.29 - - [21/May/2024:23:16:37 +0000] "GET /static/fonts/inter.woff2 HTTP/1.1" 200 24784 "https://github.com/" "PostmanRuntime/7.36.0"
10.108.161.55 - - [19/Nov/2024:02:33:16 +0000] "GET /api/orders/67682 HTTP/1.1" 200 23227 "https://www.google.com/" "python-requests/2.31.0"
203.239.128.249 - - [26/Aug/2024:19:00:32 +0000] "GET /static/css/main.css HTTP/1.1" 200 15172 "https://example.com/" "Mozilla/5.0 (Windows NT 10.0; Win64; x64) AppleWebKit/537.36 (KHTML, like Gecko) Chrome/120.0.0.0 Safari/537.36"
172.35.23.170 - - [05/Mar/2024:05:23:38 +0000] "POST /api/users/86653/profile HTTP/1.1" 200 27272 "https://www.google.com/" "python-requests/2.31.0"
172.216.174.72 - - [16/Nov/2024:15:30:13 +0000] "POST /api/logout HTTP/1.1" 404 27028 "-" "Mozilla/5.0 (Windows NT 10.0; Win64; x64) AppleWebKit/537.36 (KHTML, like Gecko) Chrome/120.0.0.0 Safari/537.36"
198.52.44.152 - - [05/Oct/2024:18:10:08 +0000] "POST /static/js/analytics.js HTTP/1.1" 200 37604 "-" "Mozilla/5.0 (Macintosh; Intel Mac OS X 10_15_7) AppleWebKit/537.36 (KHTML, like Gecko) Chrome/121.0.0.0 Safari/537.36"
192.135.22.187 - - [09/Mar/2024:16:25:38 +0000] "GET /blog HTTP/1.1" 200 47256 "https://example.com/" "PostmanRuntime/7.36.0"
172.214.112.115 - - [07/Aug/2024:19:30:55 +0000] "GET /api/logout HTTP/1.1" 200 27020 "-" "curl/7.88.1"
192.82.0.154 - - [27/Mar/2024:19:42:32 +0000] "GET /api/logout HTTP/1.1" 302 45030 "https://example.com/dashboard" "Mozilla/5.0 (X11; Linux x86_64) AppleWebKit/537.36 (KHTML, like Gecko) Firefox/122.0"
192.250.9.29 - - [19/Feb/2024:07:24:24 +0000] "GET /api/users/2171 HTTP/1.1" 200 34356 "https://github.com/" "python-requests/2.31.0"
10.194.49.92 - - [20/Feb/2024:05:30:57 +0000] "POST /contact HTTP/1.1" 200 34927 "-" "curl/7.88.1"
172.214.112.115 - - [16/Nov/2024:04:57:38 +0000] "GET / HTTP/1.1" 403 44570 "https://github.com/" "PostmanRuntime/7.36.0"
66.136.174.29 - - [14/Jun/2024:01:44:33 +0000] "GET /api/orders/63193 HTTP/1.1" 500 25084 "-" "Mozilla/5.0 (X11; Linux x86_64) AppleWebKit/537.36 (KHTML, like Gecko) Firefox/122.0"
66.219.204.93 - - [05/May/2024:15:49:14 +0000] "GET /api/products/search HTTP/1.1" 304 35733 "https://example.com/" "Mozilla/5.0 (iPhone; CPU iPhone OS 17_2 like Mac OS X) AppleWebKit/605.1.15 (KHTML, like Gecko) Version/17.2 Mobile/15E148 Safari/604.1"
66.150.185.148 - - [01/Dec/2024:23:50:00 +0000] "GET /static/img/logo.png HTTP/1.1" 200 34163 "https://github.com/" "Mozilla/5.0 (Windows NT 10.0; Win64; x64) AppleWebKit/537.36 (KHTML, like Gecko) Chrome/120.0.0.0 Safari/537.36"
172.35.23.170 - - [23/Jun/2024:13:23:06 +0000] "GET /api/v2/orders HTTP/1.1" 404 38462 "https://example.com/" "Mozilla/5.0 (X11; Linux x86_64) AppleWebKit/537.36 (KHTML, like Gecko) Firefox/122.0"
192.222.80.117 - - [14/Oct/2024:11:39:17 +0000] "POST /api/metrics HTTP/1.1" 401 13449 "https://example.com/dashboard" "Mozilla/5.0 (iPhone; CPU iPhone OS 17_2 like Mac OS X) AppleWebKit/605.1.15 (KHTML, like Gecko) Version/17.2 Mobile/15E148 Safari/604.1"
203.63.193.21 - - [12/Sep/2024:17:30:16 +0000] "GET /static/fonts/inter.woff2 HTTP/1.1" 200 46335 "-" "Mozilla/5.0 (iPhone; CPU iPhone OS 17_2 like Mac OS X) AppleWebKit/605.1.15 (KHTML, like Gecko) Version/17.2 Mobile/15E148 Safari/604.1"
172.216.174.72 - - [24/Apr/2024:14:50:44 +0000] "GET /api/users/28110 HTTP/1.1" 200 26351 "https://www.google.com/" "python-requests/2.31.0"
10.134.91.130 - - [20/Dec/2024:21:45:03 +0000] "GET /api/health HTTP/1.1" 304 446 "-" "python-requests/2.31.0"
10.194.49.92 - - [16/Oct/2024:13:05:04 +0000] "GET /api/orders/48607 HTTP/1.1" 200 40013 "https://github.com/" "Mozilla/5.0 (Windows NT 10.0; Win64; x64) AppleWebKit/537.36 (KHTML, like Gecko) Chrome/120.0.0.0 Safari/537.36"
198.234.73.68 - - [20/Nov/2024:16:18:45 +0000] "POST /robots.txt HTTP/1.1" 403 11586 "https://example.com/dashboard" "PostmanRuntime/7.36.0"
172.70.252.24 - - [01/Apr/2024:21:59:51 +0000] "GET /api/products/search HTTP/1.1" 200 2302 "-" "python-requests/2.31.0"
192.157.122.15 - - [06/Nov/2024:01:23:15 +0000] "POST / HTTP/1.1" 200 5791 "https://github.com/" "Mozilla/5.0 (X11; Linux x86_64) AppleWebKit/537.36 (KHTML, like Gecko) Firefox/122.0"
10.161.205.69 - - [22/Jul/2024:12:37:12 +0000] "GET / HTTP/1.1" 302 46212 "-" "Mozilla/5.0 (Windows NT 10.0; Win64; x64) AppleWebKit/537.36 (KHTML, like Gecko) Chrome/120.0.0.0 Safari/537.36"
10.134.91.130 - - [10/Dec/2024:17:58:37 +0000] "GET /api/checkout HTTP/1.1" 200 14930 "-" "curl/7.88.1"
10.56.78.161 - - [13/Oct/2024:00:16:11 +0000] "GET /static/js/analytics.js HTTP/1.1" 200 36710 "https://example.com/" "Mozilla/5.0 (Windows NT 10.0; Win64; x64) AppleWebKit/537.36 (KHTML, like Gecko) Chrome/120.0.0.0 Safari/537.36"
192.28.117.211 - - [04/Sep/2024:08:56:34 +0000] "GET /api/products HTTP/1.1" 301 29117 "https://example.com/dashboard" "Mozilla/5.0 (iPhone; CPU iPhone OS 17_2 like Mac OS X) AppleWebKit/605.1.15 (KHTML, like Gecko) Version/17.2 Mobile/15E148 Safari/604.1"
172.51.194.72 - - [25/Jun/2024:14:43:29 +0000] "POST /index.html HTTP/1.1" 200 7719 "-" "Mozilla/5.0 (X11; Linux x86_64) AppleWebKit/537.36 (KHTML, like Gecko) Firefox/122.0"
198.255.202.227 - - [21/Apr/2024:21:44:14 +0000] "GET /api/v2/users HTTP/1.1" 200 33949 "-" "curl/7.88.1"
203.186.83.95 - - [08/May/2024:02:25:43 +0000] "PUT /api/cart/remove HTTP/1.1" 200 36443 "https://example.com/dashboard" "Mozilla/5.0 (Macintosh; Intel Mac OS X 10_15_7) AppleWebKit/537.36 (KHTML, like Gecko) Chrome/121.0.0.0 Safari/537.36"
203.138.112.176 - - [12/Apr/2024:18:17:11 +0000] "PUT /profile HTTP/1.1" 200 32802 "-" "PostmanRuntime/7.36.0"
172.51.194.72 - - [24/Apr/2024:08:13:14 +0000] "GET /api/orders/81081/status HTTP/1.1" 200 10323 "-" "python-requests/2.31.0"
172.216.174.72 - - [03/Nov/2024:21:31:39 +0000] "GET /static/img/banner.jpg HTTP/1.1" 200 31707 "https://www.google.com/" "Mozilla/5.0 (X11; Linux x86_64) AppleWebKit/537.36 (KHTML, like Gecko) Firefox/122.0"
203.239.128.249 - - [19/May/2024:15:11:48 +0000] "GET /api/products/52151 HTTP/1.1" 200 49263 "-" "curl/7.88.1"
203.16.15.24 - - [17/Jul/2024:15:34:02 +0000] "GET /api/checkout HTTP/1.1" 200 45079 "-" "python-requests/2.31.0"
10.56.78.161 - - [04/Dec/2024:16:29:20 +0000] "POST / HTTP/1.1" 200 44278 "https://github.com/" "Mozilla/5.0 (Macintosh; Intel Mac OS X 10_15_7) AppleWebKit/537.36 (KHTML, like Gecko) Chrome/121.0.0.0 Safari/537.36"
192.82.0.154 - - [04/Jun/2024:11:39:55 +0000] "GET /api/register HTTP/1.1" 200 17326 "https://example.com/" "Mozilla/5.0 (Macintosh; Intel Mac OS X 10_15_7) AppleWebKit/537.36 (KHTML, like Gecko) Chrome/121.0.0.0 Safari/537.36"
172.216.32.99 - - [20/Jun/2024:11:11:31 +0000] "GET /api/orders HTTP/1.1" 200 46021 "https://www.google.com/" "python-requests/2.31.0"
10.108.161.55 - - [28/Jul/2024:08:28:11 +0000] "GET /api/users/75484/orders HTTP/1.1" 404 15079 "-" "python-requests/2.31.0"
192.107.136.180 - - [26/Apr/2024:17:27:54 +0000] "GET /api/refresh HTTP/1.1" 200 48501 "https://example.com/dashboard" "Mozilla/5.0 (Macintosh; Intel Mac OS X 10_15_7) AppleWebKit/537.36 (KHTML, like Gecko) Chrome/121.0.0.0 Safari/537.36"
198.57.12.190 - - [06/Jul/2024:15:08:57 +0000] "POST /static/img/logo.png HTTP/1.1" 200 47322 "https://example.com/dashboard" "Mozilla/5.0 (X11; Linux x86_64) AppleWebKit/537.36 (KHTML, like Gecko) Firefox/122.0"
198.125.83.119 - - [09/Sep/2024:18:03:25 +0000] "GET /settings HTTP/1.1" 200 4034 "https://example.com/" "Mozilla/5.0 (Macintosh; Intel Mac OS X 10_15_7) AppleWebKit/537.36 (KHTML, like Gecko) Chrome/121.0.0.0 Safari/537.36"
172.216.32.99 - - [27/Nov/2024:03:28:47 +0000] "GET /api/products HTTP/1.1" 200 23713 "https://example.com/" "curl/7.88.1"
10.161.205.69 - - [01/Jul/2024:03:22:55 +0000] "POST /contact HTTP/1.1" 200 37904 "-" "curl/7.88.1"
198.36.87.137 - - [12/Jun/2024:21:32:31 +0000] "HEAD /static/css/main.css HTTP/1.1" 200 25073 "https://example.com/" "curl/7.88.1"
10.56.78.161 - - [21/Mar/2024:05:40:51 +0000] "GET /api/v2/users HTTP/1.1" 304 40228 "https://github.com/" "curl/7.88.1"
172.119.13.144 - - [03/Mar/2024:10:14:20 +0000] "GET /docs HTTP/1.1" 200 46658 "https://github.com/" "Mozilla/5.0 (X11; Linux x86_64) AppleWebKit/537.36 (KHTML, like Gecko) Firefox/122.0"
192.107.136.180 - - [15/Jun/2024:23:37:33 +0000] "GET /api/v2/users HTTP/1.1" 200 12151 "-" "python-requests/2.31.0"
172.110.172.27 - - [24/Apr/2024:21:16:47 +0000] "POST /api/users HTTP/1.1" 200 11038 "-" "Mozilla/5.0 (iPhone; CPU iPhone OS 17_2 like Mac OS X) AppleWebKit/605.1.15 (KHTML, like Gecko) Version/17.2 Mobile/15E148 Safari/604.1"
66.142.3.195 - - [03/Aug/2024:17:03:01 +0000] "HEAD /api/metrics HTTP/1.1" 200 5555 "https://example.com/" "Mozilla/5.0 (Windows NT 10.0; Win64; x64) AppleWebKit/537.36 (KHTML, like Gecko) Chrome/120.0.0.0 Safari/537.36"
192.157.122.15 - - [05/Feb/2024:20:59:56 +0000] "GET /api/cart HTTP/1.1" 200 16313 "https://example.com/" "PostmanRuntime/7.36.0"
172.70.252.24 - - [21/Mar/2024:04:33:53 +0000] "GET /index.html HTTP/1.1" 200 43586 "https://www.google.com/" "Mozilla/5.0 (X11; Linux x86_64) AppleWebKit/537.36 (KHTML, like Gecko) Firefox/122.0"
172.216.32.99 - - [15/Sep/2024:08:35:28 +0000] "GET /settings HTTP/1.1" 200 11702 "https://example.com/dashboard" "curl/7.88.1"
10.152.101.40 - - [14/Sep/2024:20:40:34 +0000] "GET /api/checkout HTTP/1.1" 200 35467 "-" "Mozilla/5.0 (Macintosh; Intel Mac OS X 10_15_7) AppleWebKit/537.36 (KHTML, like Gecko) Chrome/121.0.0.0 Safari/537.36"
172.70.252.24 - - [10/Jun/2024:13:16:09 +0000] "GET / HTTP/1.1" 200 34396 "-" "python-requests/2.31.0"
10.161.205.69 - - [10/Aug/2024:17:00:44 +0000] "GET /static/js/app.js HTTP/1.1" 200 698 "https://github.com/" "python-requests/2.31.0"
198.36.87.137 - - [20/Apr/2024:00:35:23 +0000] "GET /api/v2/users HTTP/1.1" 200 28746 "-" "Mozilla/5.0 (iPhone; CPU iPhone OS 17_2 like Mac OS X) AppleWebKit/605.1.15 (KHTML, like Gecko) Version/17.2 Mobile/15E148 Safari/604.1"
192.135.22.187 - - [23/Dec/2024:20:24:53 +0000] "GET /api/orders/34470 HTTP/1.1" 200 27771 "-" "PostmanRuntime/7.36.0"
66.136.174.29 - - [25/Oct/2024:22:43:17 +0000] "GET /docs HTTP/1.1" 401 34961 "https://example.com/" "python-requests/2.31.0"
172.126.134.192 - - [07/Feb/2024:05:08:18 +0000] "GET /blog HTTP/1.1" 200 40583 "https://example.com/" "Mozilla/5.0 (iPhone; CPU iPhone OS 17_2 like Mac OS X) AppleWebKit/605.1.15 (KHTML, like Gecko) Version/17.2 Mobile/15E148 Safari/604.1"
192.157.122.15 - - [16/Apr/2024:10:01:09 +0000] "GET /static/img/banner.jpg HTTP/1.1" 200 12285 "https://example.com/" "Mozilla/5.0 (Windows NT 10.0; Win64; x64) AppleWebKit/537.36 (KHTML, like Gecko) Chrome/120.0.0.0 Safari/537.36"
192.107.136.180 - - [05/Dec/2024:14:46:00 +0000] "GET /api/users HTTP/1.1" 200 1065 "-" "Mozilla/5.0 (iPhone; CPU iPhone OS 17_2 like Mac OS X) AppleWebKit/605.1.15 (KHTML, like Gecko) Version/17.2 Mobile/15E148 Safari/604.1"
192.28.117.211 - - [14/May/2024:15:23:29 +0000] "POST /favicon.ico HTTP/1.1" 200 5357 "-" "python-requests/2.31.0"
203.16.15.24 - - [09/Jul/2024:02:34:30 +0000] "GET /api/refresh HTTP/1.1" 200 25107 "-" "python-requests/2.31.0"
172.216.174.72 - - [25/Dec/2024:07:24:49 +0000] "GET /api/orders/96682/status HTTP/1.1" 200 13153 "-" "Mozilla/5.0 (iPhone; CPU iPhone OS 17_2 like Mac OS X) AppleWebKit/605.1.15 (KHTML, like Gecko) Version/17.2 Mobile/15E148 Safari/604.1"
66.136.174.29 - - [22/Apr/2024:15:24:43 +0000] "GET /api/cart/add HTTP/1.1" 200 41332 "-" "PostmanRuntime/7.36.0"
10.134.91.130 - - [17/Feb/2024:08:30:40 +0000] "GET /api/refresh HTTP/1.1" 200 3513 "-" "python-requests/2.31.0"
172.216.174.72 - - [08/Nov/2024:13:20:00 +0000] "GET /api/products/76638 HTTP/1.1" 200 26039 "-" "python-requests/2.31.0"
198.57.12.190 - - [02/Oct/2024:22:30:44 +0000] "POST /api/login HTTP/1.1" 200 5964 "-" "Mozilla/5.0 (Macintosh; Intel Mac OS X 10_15_7) AppleWebKit/537.36 (KHTML, like Gecko) Chrome/121.0.0.0 Safari/537.36"
203.239.128.249 - - [03/Nov/2024:19:21:59 +0000] "DELETE /blog HTTP/1.1" 200 4017 "-" "Mozilla/5.0 (X11; Linux x86_64) AppleWebKit/537.36 (KHTML, like Gecko) Firefox/122.0"
192.222.80.117 - - [26/Feb/2024:04:31:14 +0000] "GET /static/img/hero.webp HTTP/1.1" 404 49690 "https://example.com/dashboard" "Mozilla/5.0 (X11; Linux x86_64) AppleWebKit/537.36 (KHTML, like Gecko) Firefox/122.0"
66.150.185.148 - - [01/Dec/2024:12:22:46 +0000] "GET /api/products HTTP/1.1" 200 31904 "https://example.com/dashboard" "PostmanRuntime/7.36.0"
10.134.91.130 - - [10/Sep/2024:22:31:12 +0000] "GET /api/register HTTP/1.1" 200 22884 "https://example.com/dashboard" "Mozilla/5.0 (X11; Linux x86_64) AppleWebKit/537.36 (KHTML, like Gecko) Firefox/122.0"
192.107.136.180 - - [28/Oct/2024:17:10:04 +0000] "GET /api/login HTTP/1.1" 200 19477 "https://example.com/" "python-requests/2.31.0"
192.222.80.117 - - [12/Aug/2024:00:49:40 +0000] "GET /api/health HTTP/1.1" 302 12259 "https://www.google.com/" "Mozilla/5.0 (Windows NT 10.0; Win64; x64) AppleWebKit/537.36 (KHTML, like Gecko) Chrome/120.0.0.0 Safari/537.36"
192.157.122.15 - - [08/Jun/2024:23:04:42 +0000] "GET /api/health HTTP/1.1" 200 34445 "https://example.com/dashboard" "PostmanRuntime/7.36.0"
10.134.91.130 - - [05/Oct/2024:09:20:26 +0000] "POST /api/cart/add HTTP/1.1" 200 6408 "-" "curl/7.88.1"
198.52.44.152 - - [27/Mar/2024:05:55:02 +0000] "GET /api/users/63619 HTTP/1.1" 200 6571 "https://github.com/" "Mozilla/5.0 (Windows NT 10.0; Win64; x64) AppleWebKit/537.36 (KHTML, like Gecko) Chrome/120.0.0.0 Safari/537.36"
203.239.128.249 - - [17/Oct/2024:22:37:16 +0000] "GET /api/search HTTP/1.1" 200 39811 "-" "PostmanRuntime/7.36.0"
198.57.12.190 - - [07/Nov/2024:15:59:56 +0000] "GET /static/css/theme.css HTTP/1.1" 304 4078 "https://github.com/" "Mozilla/5.0 (X11; Linux x86_64) AppleWebKit/537.36 (KHTML, like Gecko) Firefox/122.0"
10.108.161.55 - - [26/Dec/2024:01:52:39 +0000] "GET /static/img/logo.png HTTP/1.1" 200 48223 "https://example.com/" "Mozilla/5.0 (Windows NT 10.0; Win64; x64) AppleWebKit/537.36 (KHTML, like Gecko) Chrome/120.0.0.0 Safari/537.36"
172.119.13.144 - - [07/Sep/2024:03:06:46 +0000] "GET /static/img/banner.jpg HTTP/1.1" 200 12516 "-" "Mozilla/5.0 (Macintosh; Intel Mac OS X 10_15_7) AppleWebKit/537.36 (KHTML, like Gecko) Chrome/121.0.0.0 Safari/537.36"
10.152.101.40 - - [21/Mar/2024:17:47:35 +0000] "GET /api/users/83706 HTTP/1.1" 304 23559 "https://example.com/dashboard" "PostmanRuntime/7.36.0"
66.219.204.93 - - [04/Mar/2024:05:35:25 +0000] "GET /api/cart/remove HTTP/1.1" 404 10466 "https://example.com/dashboard" "curl/7.88.1"
10.161.205.69 - - [11/Sep/2024:10:54:23 +0000] "GET /blog HTTP/1.1" 200 47670 "-" "Mozilla/5.0 (X11; Linux x86_64) AppleWebKit/537.36 (KHTML, like Gecko) Firefox/122.0"
10.152.101.40 - - [18/Apr/2024:12:49:35 +0000] "PUT /api/products HTTP/1.1" 200 29748 "https://github.com/" "Mozilla/5.0 (iPhone; CPU iPhone OS 17_2 like Mac OS X) AppleWebKit/605.1.15 (KHTML, like Gecko) Version/17.2 Mobile/15E148 Safari/604.1"
198.57.12.190 - - [24/Jan/2024:09:38:01 +0000] "GET /api/users/39563/orders HTTP/1.1" 200 19782 "-" "Mozilla/5.0 (Macintosh; Intel Mac OS X 10_15_7) AppleWebKit/537.36 (KHTML, like Gecko) Chrome/121.0.0.0 Safari/537.36"
203.138.112.176 - - [01/Dec/2024:08:58:35 +0000] "GET /static/img/hero.webp HTTP/1.1" 304 37561 "-" "Mozilla/5.0 (Macintosh; Intel Mac OS X 10_15_7) AppleWebKit/537.36 (KHTML, like Gecko) Chrome/121.0.0.0 Safari/537.36"
198.52.44.152 - - [15/Jun/2024:04:08:16 +0000] "GET /about HTTP/1.1" 200 15369 "https://example.com/" "Mozilla/5.0 (X11; Linux x86_64) AppleWebKit/537.36 (KHTML, like Gecko) Firefox/122.0"
172.214.112.115 - - [19/Jul/2024:18:58:13 +0000] "PUT /sitemap.xml HTTP/1.1" 302 21379 "https://example.com/dashboard" "python-requests/2.31.0"
203.63.193.21 - - [16/Dec/2024:22:36:52 +0000] "GET /contact HTTP/1.1" 404 19786 "https://github.com/" "Mozilla/5.0 (Windows NT 10.0; Win64; x64) AppleWebKit/537.36 (KHTML, like Gecko) Chrome/120.0.0.0 Safari/537.36"
172.214.112.115 - - [25/Jan/2024:10:22:56 +0000] "GET /api/v2/users HTTP/1.1" 200 14958 "-" "PostmanRuntime/7.36.0"
198.255.202.227 - - [02/May/2024:16:02:20 +0000] "GET /static/fonts/inter.woff2 HTTP/1.1" 200 21519 "-" "curl/7.88.1"
10.194.49.92 - - [02/Nov/2024:23:25:28 +0000] "DELETE /contact HTTP/1.1" 304 33177 "-" "Mozilla/5.0 (Windows NT 10.0; Win64; x64) AppleWebKit/537.36 (KHTML, like Gecko) Chrome/120.0.0.0 Safari/537.36"
66.219.204.93 - - [10/Jul/2024:04:08:21 +0000] "GET /static/js/app.js HTTP/1.1" 304 48944 "https://github.com/" "Mozilla/5.0 (Windows NT 10.0; Win64; x64) AppleWebKit/537.36 (KHTML, like Gecko) Chrome/120.0.0.0 Safari/537.36"
203.186.83.95 - - [03/Jul/2024:16:27:49 +0000] "POST /api/users/99882/orders HTTP/1.1" 200 31617 "-" "curl/7.88.1"
203.239.128.249 - - [13/Nov/2024:18:12:35 +0000] "POST /static/img/logo.png HTTP/1.1" 200 15980 "https://example.com/" "Mozilla/5.0 (Windows NT 10.0; Win64; x64) AppleWebKit/537.36 (KHTML, like Gecko) Chrome/120.0.0.0 Safari/537.36"
66.219.204.93 - - [11/Nov/2024:18:05:07 +0000] "POST /api/v2/users HTTP/1.1" 200 24038 "-" "Mozilla/5.0 (X11; Linux x86_64) AppleWebKit/537.36 (KHTML, like Gecko) Firefox/122.0"
203.138.112.176 - - [12/Oct/2024:20:01:49 +0000] "GET /api/logout HTTP/1.1" 200 40484 "https://example.com/dashboard" "python-requests/2.31.0"
192.157.122.15 - - [05/Aug/2024:01:59:52 +0000] "GET /api/refresh HTTP/1.1" 404 24598 "-" "Mozilla/5.0 (Macintosh; Intel Mac OS X 10_15_7) AppleWebKit/537.36 (KHTML, like Gecko) Chrome/121.0.0.0 Safari/537.36"
172.216.174.72 - - [24/Jan/2024:07:39:59 +0000] "GET /api/products/search HTTP/1.1" 200 22596 "-" "PostmanRuntime/7.36.0"
198.125.83.119 - - [15/Aug/2024:00:21:13 +0000] "PUT /static/img/banner.jpg HTTP/1.1" 200 13456 "https://example.com/" "curl/7.88.1"
10.134.91.130 - - [16/Oct/2024:23:09:44 +0000] "POST /dashboard HTTP/1.1" 200 24781 "-" "curl/7.88.1"
203.186.83.95 - - [06/Jan/2024:09:12:50 +0000] "POST /pricing HTTP/1.1" 200 3578 "-" "Mozilla/5.0 (iPhone; CPU iPhone OS 17_2 like Mac OS X) AppleWebKit/605.1.15 (KHTML, like Gecko) Version/17.2 Mobile/15E148 Safari/604.1"
172.119.13.144 - - [13/Nov/2024:08:42:54 +0000] "POST /api/search HTTP/1.1" 200 1350 "https://github.com/" "Mozilla/5.0 (X11; Linux x86_64) AppleWebKit/537.36 (KHTML, like Gecko) Firefox/122.0"
172.148.40.219 - - [13/Sep/2024:22:06:57 +0000] "GET /static/js/vendor.js HTTP/1.1" 304 34936 "-" "Mozilla/5.0 (Windows NT 10.0; Win64; x64) AppleWebKit/537.36 (KHTML, like Gecko) Chrome/120.0.0.0 Safari/537.36"
66.150.185.148 - - [17/Aug/2024:17:59:45 +0000] "GET /favicon.ico HTTP/1.1" 200 34795 "https://www.google.com/" "Mozilla/5.0 (X11; Linux x86_64) AppleWebKit/537.36 (KHTML, like Gecko) Firefox/122.0"
203.239.128.249 - - [13/Dec/2024:05:01:22 +0000] "POST /api/checkout HTTP/1.1" 200 41075 "-" "Mozilla/5.0 (X11; Linux x86_64) AppleWebKit/537.36 (KHTML, like Gecko) Firefox/122.0"
66.5.58.175 - - [09/Jan/2024:20:16:56 +0000] "GET /index.html HTTP/1.1" 200 18462 "-" "Mozilla/5.0 (Macintosh; Intel Mac OS X 10_15_7) AppleWebKit/537.36 (KHTML, like Gecko) Chrome/121.0.0.0 Safari/537.36"
192.28.117.211 - - [13/Nov/2024:04:05:46 +0000] "GET /static/img/logo.png HTTP/1.1" 404 40237 "-" "python-requests/2.31.0"
172.126.134.192 - - [08/Oct/2024:04:27:19 +0000] "POST /api/cart/remove HTTP/1.1" 200 35635 "-" "Mozilla/5.0 (Macintosh; Intel Mac OS X 10_15_7) AppleWebKit/537.36 (KHTML, like Gecko) Chrome/121.0.0.0 Safari/537.36"
172.110.172.27 - - [19/Sep/2024:21:51:12 +0000] "GET /api/cart HTTP/1.1" 301 46311 "-" "curl/7.88.1"
66.219.204.93 - - [25/Mar/2024:20:59:36 +0000] "GET /api/cart/add HTTP/1.1" 200 36625 "-" "curl/7.88.1"
203.63.193.21 - - [11/Mar/2024:23:01:48 +0000] "GET /api/v2/users HTTP/1.1" 200 19980 "https://example.com/" "Mozilla/5.0 (iPhone; CPU iPhone OS 17_2 like Mac OS X) AppleWebKit/605.1.15 (KHTML, like Gecko) Version/17.2 Mobile/15E148 Safari/604.1"
10.194.49.92 - - [25/Apr/2024:03:08:11 +0000] "GET /pricing HTTP/1.1" 304 17589 "-" "curl/7.88.1"
